[0.008s] Invoking command in '/home/federico/Desktop/git/inverse_project/ros2_project/build/robotic_arm': CMAKE_PREFIX_PATH=${CMAKE_PREFIX_PATH}:/opt/ros/jazzy DEBUGINFOD_URLS=https://debuginfod.ubuntu.com /usr/bin/cmake --build /home/federico/Desktop/git/inverse_project/ros2_project/build/robotic_arm -- -j12 -l12
[0.087s] [ 40%] Built target coordinatesPub
[0.114s] [ 60%] [32mBuilding CXX object CMakeFiles/drawPub.dir/src/robotic_arm_node.cpp.o[0m
[5.746s] [ 80%] [32m[1mLinking CXX executable drawPub[0m
[6.061s] [100%] Built target drawPub
[6.076s] Invoked command in '/home/federico/Desktop/git/inverse_project/ros2_project/build/robotic_arm' returned '0': CMAKE_PREFIX_PATH=${CMAKE_PREFIX_PATH}:/opt/ros/jazzy DEBUGINFOD_URLS=https://debuginfod.ubuntu.com /usr/bin/cmake --build /home/federico/Desktop/git/inverse_project/ros2_project/build/robotic_arm -- -j12 -l12
[6.089s] Invoking command in '/home/federico/Desktop/git/inverse_project/ros2_project/build/robotic_arm': CMAKE_PREFIX_PATH=${CMAKE_PREFIX_PATH}:/opt/ros/jazzy DEBUGINFOD_URLS=https://debuginfod.ubuntu.com /usr/bin/cmake --install /home/federico/Desktop/git/inverse_project/ros2_project/build/robotic_arm
[6.099s] -- Install configuration: ""
[6.100s] -- Up-to-date: /home/federico/Desktop/git/inverse_project/ros2_project/install/robotic_arm/share/robotic_arm/config
[6.100s] -- Up-to-date: /home/federico/Desktop/git/inverse_project/ros2_project/install/robotic_arm/share/robotic_arm/config/dh_params.yaml
[6.100s] -- Installing: /home/federico/Desktop/git/inverse_project/ros2_project/install/robotic_arm/lib/robotic_arm/drawPub
[6.109s] -- Set non-toolchain portion of runtime path of "/home/federico/Desktop/git/inverse_project/ros2_project/install/robotic_arm/lib/robotic_arm/drawPub" to ""
[6.109s] -- Up-to-date: /home/federico/Desktop/git/inverse_project/ros2_project/install/robotic_arm/lib/robotic_arm/coordinatesPub
[6.109s] -- Up-to-date: /home/federico/Desktop/git/inverse_project/ros2_project/install/robotic_arm/share/ament_index/resource_index/package_run_dependencies/robotic_arm
[6.109s] -- Up-to-date: /home/federico/Desktop/git/inverse_project/ros2_project/install/robotic_arm/share/ament_index/resource_index/parent_prefix_path/robotic_arm
[6.110s] -- Up-to-date: /home/federico/Desktop/git/inverse_project/ros2_project/install/robotic_arm/share/robotic_arm/environment/ament_prefix_path.sh
[6.110s] -- Up-to-date: /home/federico/Desktop/git/inverse_project/ros2_project/install/robotic_arm/share/robotic_arm/environment/ament_prefix_path.dsv
[6.110s] -- Up-to-date: /home/federico/Desktop/git/inverse_project/ros2_project/install/robotic_arm/share/robotic_arm/environment/path.sh
[6.110s] -- Up-to-date: /home/federico/Desktop/git/inverse_project/ros2_project/install/robotic_arm/share/robotic_arm/environment/path.dsv
[6.110s] -- Up-to-date: /home/federico/Desktop/git/inverse_project/ros2_project/install/robotic_arm/share/robotic_arm/local_setup.bash
[6.110s] -- Up-to-date: /home/federico/Desktop/git/inverse_project/ros2_project/install/robotic_arm/share/robotic_arm/local_setup.sh
[6.110s] -- Up-to-date: /home/federico/Desktop/git/inverse_project/ros2_project/install/robotic_arm/share/robotic_arm/local_setup.zsh
[6.111s] -- Up-to-date: /home/federico/Desktop/git/inverse_project/ros2_project/install/robotic_arm/share/robotic_arm/local_setup.dsv
[6.111s] -- Installing: /home/federico/Desktop/git/inverse_project/ros2_project/install/robotic_arm/share/robotic_arm/package.dsv
[6.111s] -- Up-to-date: /home/federico/Desktop/git/inverse_project/ros2_project/install/robotic_arm/share/ament_index/resource_index/packages/robotic_arm
[6.111s] -- Up-to-date: /home/federico/Desktop/git/inverse_project/ros2_project/install/robotic_arm/share/robotic_arm/cmake/robotic_armConfig.cmake
[6.111s] -- Up-to-date: /home/federico/Desktop/git/inverse_project/ros2_project/install/robotic_arm/share/robotic_arm/cmake/robotic_armConfig-version.cmake
[6.112s] -- Up-to-date: /home/federico/Desktop/git/inverse_project/ros2_project/install/robotic_arm/share/robotic_arm/package.xml
[6.113s] Invoked command in '/home/federico/Desktop/git/inverse_project/ros2_project/build/robotic_arm' returned '0': CMAKE_PREFIX_PATH=${CMAKE_PREFIX_PATH}:/opt/ros/jazzy DEBUGINFOD_URLS=https://debuginfod.ubuntu.com /usr/bin/cmake --install /home/federico/Desktop/git/inverse_project/ros2_project/build/robotic_arm
