[0.093s] DEBUG:colcon:Command line arguments: ['/usr/bin/colcon', 'build']
[0.093s] DEBUG:colcon:Parsed command line arguments: Namespace(log_base=None, log_level=None, verb_name='build', build_base='build', install_base='install', merge_install=False, symlink_install=False, test_result_base=None, continue_on_error=False, executor='parallel', parallel_workers=12, event_handlers=None, ignore_user_meta=False, metas=['./colcon.meta'], base_paths=['.'], packages_ignore=None, packages_ignore_regex=None, paths=None, packages_up_to=None, packages_up_to_regex=None, packages_above=None, packages_above_and_dependencies=None, packages_above_depth=None, packages_select_by_dep=None, packages_skip_by_dep=None, packages_skip_up_to=None, packages_select_build_failed=False, packages_skip_build_finished=False, packages_select_test_failures=False, packages_skip_test_passed=False, packages_select=None, packages_skip=None, packages_select_regex=None, packages_skip_regex=None, packages_start=None, packages_end=None, allow_overriding=[], cmake_args=None, cmake_target=None, cmake_target_skip_unavailable=False, cmake_clean_cache=False, cmake_clean_first=False, cmake_force_configure=False, ament_cmake_args=None, catkin_cmake_args=None, catkin_skip_building_tests=False, mixin_files=None, mixin=None, verb_parser=<colcon_mixin.mixin.mixin_argument.MixinArgumentDecorator object at 0x7af16d28c8f0>, verb_extension=<colcon_core.verb.build.BuildVerb object at 0x7af16d3ac6e0>, main=<bound method BuildVerb.main of <colcon_core.verb.build.BuildVerb object at 0x7af16d3ac6e0>>, mixin_verb=('build',))
[0.115s] Level 1:colcon.colcon_core.package_discovery:discover_packages(colcon_meta) check parameters
[0.115s] Level 1:colcon.colcon_core.package_discovery:discover_packages(recursive) check parameters
[0.115s] Level 1:colcon.colcon_core.package_discovery:discover_packages(ignore) check parameters
[0.115s] Level 1:colcon.colcon_core.package_discovery:discover_packages(path) check parameters
[0.115s] Level 1:colcon.colcon_core.package_discovery:discover_packages(colcon_meta) discover
[0.115s] Level 1:colcon.colcon_core.package_discovery:discover_packages(recursive) discover
[0.115s] INFO:colcon.colcon_core.package_discovery:Crawling recursively for packages in '/home/federico/Desktop/git/inverse_project/ros2_project'
[0.115s] Level 1:colcon.colcon_core.package_identification:_identify(.) by extensions ['ignore', 'ignore_ament_install']
[0.115s] Level 1:colcon.colcon_core.package_identification:_identify(.) by extension 'ignore'
[0.115s] Level 1:colcon.colcon_core.package_identification:_identify(.) by extension 'ignore_ament_install'
[0.115s] Level 1:colcon.colcon_core.package_identification:_identify(.) by extensions ['colcon_pkg']
[0.115s] Level 1:colcon.colcon_core.package_identification:_identify(.) by extension 'colcon_pkg'
[0.115s] Level 1:colcon.colcon_core.package_identification:_identify(.) by extensions ['colcon_meta']
[0.115s] Level 1:colcon.colcon_core.package_identification:_identify(.) by extension 'colcon_meta'
[0.115s] Level 1:colcon.colcon_core.package_identification:_identify(.) by extensions ['ros']
[0.115s] Level 1:colcon.colcon_core.package_identification:_identify(.) by extension 'ros'
[0.130s] Level 1:colcon.colcon_core.package_identification:_identify(.) by extensions ['cmake', 'python']
[0.130s] Level 1:colcon.colcon_core.package_identification:_identify(.) by extension 'cmake'
[0.130s] Level 1:colcon.colcon_core.package_identification:_identify(.) by extension 'python'
[0.130s] Level 1:colcon.colcon_core.package_identification:_identify(.) by extensions ['python_setup_py']
[0.130s] Level 1:colcon.colcon_core.package_identification:_identify(.) by extension 'python_setup_py'
[0.131s] Level 1:colcon.colcon_core.package_identification:_identify(build) by extensions ['ignore', 'ignore_ament_install']
[0.131s] Level 1:colcon.colcon_core.package_identification:_identify(build) by extension 'ignore'
[0.131s] Level 1:colcon.colcon_core.package_identification:_identify(build) ignored
[0.131s] Level 1:colcon.colcon_core.package_identification:_identify(install) by extensions ['ignore', 'ignore_ament_install']
[0.131s] Level 1:colcon.colcon_core.package_identification:_identify(install) by extension 'ignore'
[0.131s] Level 1:colcon.colcon_core.package_identification:_identify(install) ignored
[0.131s] Level 1:colcon.colcon_core.package_identification:_identify(log) by extensions ['ignore', 'ignore_ament_install']
[0.131s] Level 1:colcon.colcon_core.package_identification:_identify(log) by extension 'ignore'
[0.131s] Level 1:colcon.colcon_core.package_identification:_identify(log) ignored
[0.131s] Level 1:colcon.colcon_core.package_identification:_identify(robotic_arm) by extensions ['ignore', 'ignore_ament_install']
[0.131s] Level 1:colcon.colcon_core.package_identification:_identify(robotic_arm) by extension 'ignore'
[0.131s] Level 1:colcon.colcon_core.package_identification:_identify(robotic_arm) by extension 'ignore_ament_install'
[0.131s] Level 1:colcon.colcon_core.package_identification:_identify(robotic_arm) by extensions ['colcon_pkg']
[0.131s] Level 1:colcon.colcon_core.package_identification:_identify(robotic_arm) by extension 'colcon_pkg'
[0.131s] Level 1:colcon.colcon_core.package_identification:_identify(robotic_arm) by extensions ['colcon_meta']
[0.131s] Level 1:colcon.colcon_core.package_identification:_identify(robotic_arm) by extension 'colcon_meta'
[0.131s] Level 1:colcon.colcon_core.package_identification:_identify(robotic_arm) by extensions ['ros']
[0.131s] Level 1:colcon.colcon_core.package_identification:_identify(robotic_arm) by extension 'ros'
[0.132s] DEBUG:colcon.colcon_core.package_identification:Package 'robotic_arm' with type 'ros.ament_cmake' and name 'robotic_arm'
[0.132s] Level 1:colcon.colcon_core.package_discovery:discover_packages(recursive) using defaults
[0.132s] Level 1:colcon.colcon_core.package_discovery:discover_packages(ignore) discover
[0.133s] Level 1:colcon.colcon_core.package_discovery:discover_packages(ignore) using defaults
[0.133s] Level 1:colcon.colcon_core.package_discovery:discover_packages(path) discover
[0.133s] Level 1:colcon.colcon_core.package_discovery:discover_packages(path) using defaults
[0.144s] Level 1:colcon.colcon_core.package_discovery:discover_packages(prefix_path) check parameters
[0.144s] Level 1:colcon.colcon_core.package_discovery:discover_packages(prefix_path) discover
[0.145s] DEBUG:colcon.colcon_installed_package_information.package_discovery:Found 1 installed packages in /home/federico/Desktop/git/inverse_project/ros2_project/install
[0.145s] DEBUG:colcon.colcon_installed_package_information.package_discovery:Found 318 installed packages in /opt/ros/jazzy
[0.146s] Level 1:colcon.colcon_core.package_discovery:discover_packages(prefix_path) using defaults
[0.168s] Level 5:colcon.colcon_core.verb:set package 'robotic_arm' build argument 'cmake_args' from command line to 'None'
[0.168s] Level 5:colcon.colcon_core.verb:set package 'robotic_arm' build argument 'cmake_target' from command line to 'None'
[0.168s] Level 5:colcon.colcon_core.verb:set package 'robotic_arm' build argument 'cmake_target_skip_unavailable' from command line to 'False'
[0.168s] Level 5:colcon.colcon_core.verb:set package 'robotic_arm' build argument 'cmake_clean_cache' from command line to 'False'
[0.168s] Level 5:colcon.colcon_core.verb:set package 'robotic_arm' build argument 'cmake_clean_first' from command line to 'False'
[0.168s] Level 5:colcon.colcon_core.verb:set package 'robotic_arm' build argument 'cmake_force_configure' from command line to 'False'
[0.168s] Level 5:colcon.colcon_core.verb:set package 'robotic_arm' build argument 'ament_cmake_args' from command line to 'None'
[0.168s] Level 5:colcon.colcon_core.verb:set package 'robotic_arm' build argument 'catkin_cmake_args' from command line to 'None'
[0.168s] Level 5:colcon.colcon_core.verb:set package 'robotic_arm' build argument 'catkin_skip_building_tests' from command line to 'False'
[0.168s] DEBUG:colcon.colcon_core.verb:Building package 'robotic_arm' with the following arguments: {'ament_cmake_args': None, 'build_base': '/home/federico/Desktop/git/inverse_project/ros2_project/build/robotic_arm', 'catkin_cmake_args': None, 'catkin_skip_building_tests': False, 'cmake_args': None, 'cmake_clean_cache': False, 'cmake_clean_first': False, 'cmake_force_configure': False, 'cmake_target': None, 'cmake_target_skip_unavailable': False, 'install_base': '/home/federico/Desktop/git/inverse_project/ros2_project/install/robotic_arm', 'merge_install': False, 'path': '/home/federico/Desktop/git/inverse_project/ros2_project/robotic_arm', 'symlink_install': False, 'test_result_base': None}
[0.168s] INFO:colcon.colcon_core.executor:Executing jobs using 'parallel' executor
[0.170s] DEBUG:colcon.colcon_parallel_executor.executor.parallel:run_until_complete
[0.170s] INFO:colcon.colcon_ros.task.ament_cmake.build:Building ROS package in '/home/federico/Desktop/git/inverse_project/ros2_project/robotic_arm' with build type 'ament_cmake'
[0.170s] INFO:colcon.colcon_cmake.task.cmake.build:Building CMake package in '/home/federico/Desktop/git/inverse_project/ros2_project/robotic_arm'
[0.171s] INFO:colcon.colcon_core.plugin_system:Skipping extension 'colcon_core.shell.bat': Not used on non-Windows systems
[0.171s] INFO:colcon.colcon_core.shell:Skip shell extension 'powershell' for command environment: Not usable outside of PowerShell
[0.171s] DEBUG:colcon.colcon_core.shell:Skip shell extension 'dsv' for command environment
[0.180s] DEBUG:colcon.colcon_core.event_handler.log_command:Invoking command in '/home/federico/Desktop/git/inverse_project/ros2_project/build/robotic_arm': CMAKE_PREFIX_PATH=${CMAKE_PREFIX_PATH}:/opt/ros/jazzy DEBUGINFOD_URLS=https://debuginfod.ubuntu.com /usr/bin/cmake --build /home/federico/Desktop/git/inverse_project/ros2_project/build/robotic_arm -- -j12 -l12
[6.244s] DEBUG:colcon.colcon_core.event_handler.log_command:Invoked command in '/home/federico/Desktop/git/inverse_project/ros2_project/build/robotic_arm' returned '0': CMAKE_PREFIX_PATH=${CMAKE_PREFIX_PATH}:/opt/ros/jazzy DEBUGINFOD_URLS=https://debuginfod.ubuntu.com /usr/bin/cmake --build /home/federico/Desktop/git/inverse_project/ros2_project/build/robotic_arm -- -j12 -l12
[6.263s] DEBUG:colcon.colcon_core.event_handler.log_command:Invoking command in '/home/federico/Desktop/git/inverse_project/ros2_project/build/robotic_arm': CMAKE_PREFIX_PATH=${CMAKE_PREFIX_PATH}:/opt/ros/jazzy DEBUGINFOD_URLS=https://debuginfod.ubuntu.com /usr/bin/cmake --install /home/federico/Desktop/git/inverse_project/ros2_project/build/robotic_arm
[6.285s] Level 1:colcon.colcon_core.environment:create_environment_scripts_only(robotic_arm)
[6.286s] DEBUG:colcon.colcon_core.event_handler.log_command:Invoked command in '/home/federico/Desktop/git/inverse_project/ros2_project/build/robotic_arm' returned '0': CMAKE_PREFIX_PATH=${CMAKE_PREFIX_PATH}:/opt/ros/jazzy DEBUGINFOD_URLS=https://debuginfod.ubuntu.com /usr/bin/cmake --install /home/federico/Desktop/git/inverse_project/ros2_project/build/robotic_arm
[6.288s] Level 1:colcon.colcon_core.environment:checking '/home/federico/Desktop/git/inverse_project/ros2_project/install/robotic_arm' for CMake module files
[6.289s] Level 1:colcon.colcon_core.environment:checking '/home/federico/Desktop/git/inverse_project/ros2_project/install/robotic_arm' for CMake config files
[6.289s] Level 1:colcon.colcon_core.shell:create_environment_hook('robotic_arm', 'cmake_prefix_path')
[6.290s] INFO:colcon.colcon_core.shell:Creating environment hook '/home/federico/Desktop/git/inverse_project/ros2_project/install/robotic_arm/share/robotic_arm/hook/cmake_prefix_path.ps1'
[6.291s] INFO:colcon.colcon_core.shell:Creating environment descriptor '/home/federico/Desktop/git/inverse_project/ros2_project/install/robotic_arm/share/robotic_arm/hook/cmake_prefix_path.dsv'
[6.291s] INFO:colcon.colcon_core.shell:Creating environment hook '/home/federico/Desktop/git/inverse_project/ros2_project/install/robotic_arm/share/robotic_arm/hook/cmake_prefix_path.sh'
[6.292s] Level 1:colcon.colcon_core.environment:checking '/home/federico/Desktop/git/inverse_project/ros2_project/install/robotic_arm/lib'
[6.292s] Level 1:colcon.colcon_core.environment:checking '/home/federico/Desktop/git/inverse_project/ros2_project/install/robotic_arm/bin'
[6.292s] Level 1:colcon.colcon_core.environment:checking '/home/federico/Desktop/git/inverse_project/ros2_project/install/robotic_arm/lib/pkgconfig/robotic_arm.pc'
[6.293s] Level 1:colcon.colcon_core.environment:checking '/home/federico/Desktop/git/inverse_project/ros2_project/install/robotic_arm/lib/python3.12/site-packages'
[6.293s] Level 1:colcon.colcon_core.environment:checking '/home/federico/Desktop/git/inverse_project/ros2_project/install/robotic_arm/bin'
[6.293s] INFO:colcon.colcon_core.shell:Creating package script '/home/federico/Desktop/git/inverse_project/ros2_project/install/robotic_arm/share/robotic_arm/package.ps1'
[6.294s] INFO:colcon.colcon_core.shell:Creating package descriptor '/home/federico/Desktop/git/inverse_project/ros2_project/install/robotic_arm/share/robotic_arm/package.dsv'
[6.295s] INFO:colcon.colcon_core.shell:Creating package script '/home/federico/Desktop/git/inverse_project/ros2_project/install/robotic_arm/share/robotic_arm/package.sh'
[6.296s] INFO:colcon.colcon_core.shell:Creating package script '/home/federico/Desktop/git/inverse_project/ros2_project/install/robotic_arm/share/robotic_arm/package.bash'
[6.297s] INFO:colcon.colcon_core.shell:Creating package script '/home/federico/Desktop/git/inverse_project/ros2_project/install/robotic_arm/share/robotic_arm/package.zsh'
[6.298s] Level 1:colcon.colcon_core.environment:create_file_with_runtime_dependencies(/home/federico/Desktop/git/inverse_project/ros2_project/install/robotic_arm/share/colcon-core/packages/robotic_arm)
[6.299s] Level 1:colcon.colcon_core.environment:create_environment_scripts_only(robotic_arm)
[6.299s] Level 1:colcon.colcon_core.environment:checking '/home/federico/Desktop/git/inverse_project/ros2_project/install/robotic_arm' for CMake module files
[6.300s] Level 1:colcon.colcon_core.environment:checking '/home/federico/Desktop/git/inverse_project/ros2_project/install/robotic_arm' for CMake config files
[6.300s] Level 1:colcon.colcon_core.shell:create_environment_hook('robotic_arm', 'cmake_prefix_path')
[6.300s] INFO:colcon.colcon_core.shell:Creating environment hook '/home/federico/Desktop/git/inverse_project/ros2_project/install/robotic_arm/share/robotic_arm/hook/cmake_prefix_path.ps1'
[6.301s] INFO:colcon.colcon_core.shell:Creating environment descriptor '/home/federico/Desktop/git/inverse_project/ros2_project/install/robotic_arm/share/robotic_arm/hook/cmake_prefix_path.dsv'
[6.301s] INFO:colcon.colcon_core.shell:Creating environment hook '/home/federico/Desktop/git/inverse_project/ros2_project/install/robotic_arm/share/robotic_arm/hook/cmake_prefix_path.sh'
[6.302s] Level 1:colcon.colcon_core.environment:checking '/home/federico/Desktop/git/inverse_project/ros2_project/install/robotic_arm/lib'
[6.302s] Level 1:colcon.colcon_core.environment:checking '/home/federico/Desktop/git/inverse_project/ros2_project/install/robotic_arm/bin'
[6.302s] Level 1:colcon.colcon_core.environment:checking '/home/federico/Desktop/git/inverse_project/ros2_project/install/robotic_arm/lib/pkgconfig/robotic_arm.pc'
[6.302s] Level 1:colcon.colcon_core.environment:checking '/home/federico/Desktop/git/inverse_project/ros2_project/install/robotic_arm/lib/python3.12/site-packages'
[6.303s] Level 1:colcon.colcon_core.environment:checking '/home/federico/Desktop/git/inverse_project/ros2_project/install/robotic_arm/bin'
[6.303s] INFO:colcon.colcon_core.shell:Creating package script '/home/federico/Desktop/git/inverse_project/ros2_project/install/robotic_arm/share/robotic_arm/package.ps1'
[6.304s] INFO:colcon.colcon_core.shell:Creating package descriptor '/home/federico/Desktop/git/inverse_project/ros2_project/install/robotic_arm/share/robotic_arm/package.dsv'
[6.304s] INFO:colcon.colcon_core.shell:Creating package script '/home/federico/Desktop/git/inverse_project/ros2_project/install/robotic_arm/share/robotic_arm/package.sh'
[6.305s] INFO:colcon.colcon_core.shell:Creating package script '/home/federico/Desktop/git/inverse_project/ros2_project/install/robotic_arm/share/robotic_arm/package.bash'
[6.305s] INFO:colcon.colcon_core.shell:Creating package script '/home/federico/Desktop/git/inverse_project/ros2_project/install/robotic_arm/share/robotic_arm/package.zsh'
[6.306s] Level 1:colcon.colcon_core.environment:create_file_with_runtime_dependencies(/home/federico/Desktop/git/inverse_project/ros2_project/install/robotic_arm/share/colcon-core/packages/robotic_arm)
[6.306s] DEBUG:colcon.colcon_parallel_executor.executor.parallel:closing loop
[6.306s] DEBUG:colcon.colcon_parallel_executor.executor.parallel:loop closed
[6.306s] DEBUG:colcon.colcon_parallel_executor.executor.parallel:run_until_complete finished with '0'
[6.306s] DEBUG:colcon.colcon_core.event_reactor:joining thread
[6.314s] INFO:colcon.colcon_core.plugin_system:Skipping extension 'colcon_notification.desktop_notification.terminal_notifier': Not used on non-Darwin systems
[6.314s] INFO:colcon.colcon_core.plugin_system:Skipping extension 'colcon_notification.desktop_notification.win32': Not used on non-Windows systems
[6.314s] INFO:colcon.colcon_notification.desktop_notification:Sending desktop notification using 'notify2'
[6.335s] DEBUG:colcon.colcon_core.event_reactor:joined thread
[6.336s] INFO:colcon.colcon_core.shell:Creating prefix script '/home/federico/Desktop/git/inverse_project/ros2_project/install/local_setup.ps1'
[6.337s] INFO:colcon.colcon_core.shell:Creating prefix util module '/home/federico/Desktop/git/inverse_project/ros2_project/install/_local_setup_util_ps1.py'
[6.339s] INFO:colcon.colcon_core.shell:Creating prefix chain script '/home/federico/Desktop/git/inverse_project/ros2_project/install/setup.ps1'
[6.341s] INFO:colcon.colcon_core.shell:Creating prefix script '/home/federico/Desktop/git/inverse_project/ros2_project/install/local_setup.sh'
[6.342s] INFO:colcon.colcon_core.shell:Creating prefix util module '/home/federico/Desktop/git/inverse_project/ros2_project/install/_local_setup_util_sh.py'
[6.343s] INFO:colcon.colcon_core.shell:Creating prefix chain script '/home/federico/Desktop/git/inverse_project/ros2_project/install/setup.sh'
[6.344s] INFO:colcon.colcon_core.shell:Creating prefix script '/home/federico/Desktop/git/inverse_project/ros2_project/install/local_setup.bash'
[6.345s] INFO:colcon.colcon_core.shell:Creating prefix chain script '/home/federico/Desktop/git/inverse_project/ros2_project/install/setup.bash'
[6.345s] INFO:colcon.colcon_core.shell:Creating prefix script '/home/federico/Desktop/git/inverse_project/ros2_project/install/local_setup.zsh'
[6.346s] INFO:colcon.colcon_core.shell:Creating prefix chain script '/home/federico/Desktop/git/inverse_project/ros2_project/install/setup.zsh'
