[0.008s] Invoking command in '/home/federico/Desktop/git/rp_03_ros_basics/src/build/rp_simple_controller': CMAKE_PREFIX_PATH=${CMAKE_PREFIX_PATH}:/opt/ros/jazzy DEBUGINFOD_URLS=https://debuginfod.ubuntu.com /usr/bin/cmake --build /home/federico/Desktop/git/rp_03_ros_basics/src/build/rp_simple_controller -- -j12 -l12
[0.034s] -- Found ament_cmake: 2.5.3 (/opt/ros/jazzy/share/ament_cmake/cmake)
[0.280s] -- Found rclcpp: 28.1.6 (/opt/ros/jazzy/share/rclcpp/cmake)
[0.308s] -- Found rosidl_generator_c: 4.6.5 (/opt/ros/jazzy/share/rosidl_generator_c/cmake)
[0.319s] -- Found rosidl_generator_cpp: 4.6.5 (/opt/ros/jazzy/share/rosidl_generator_cpp/cmake)
[0.332s] -- Using all available rosidl_typesupport_c: rosidl_typesupport_fastrtps_c;rosidl_typesupport_introspection_c
[0.342s] -- Using all available rosidl_typesupport_cpp: rosidl_typesupport_fastrtps_cpp;rosidl_typesupport_introspection_cpp
[0.378s] -- Found rmw_implementation_cmake: 7.3.1 (/opt/ros/jazzy/share/rmw_implementation_cmake/cmake)
[0.379s] -- Found rmw_fastrtps_cpp: 8.4.1 (/opt/ros/jazzy/share/rmw_fastrtps_cpp/cmake)
[0.438s] -- Using RMW implementation 'rmw_fastrtps_cpp' as default
[0.482s] -- Found geometry_msgs: 5.3.5 (/opt/ros/jazzy/share/geometry_msgs/cmake)
[0.580s] -- Configuring done (0.5s)
[0.589s] -- Generating done (0.0s)
[0.591s] -- Build files have been written to: /home/federico/Desktop/git/rp_03_ros_basics/src/build/rp_simple_controller
[0.632s] [ 50%] [32mBuilding CXX object CMakeFiles/turtle_square.dir/src/turtle_square.cpp.o[0m
[0.698s] [01m[K/home/federico/Desktop/git/rp_03_ros_basics/src/rp_simple_controller/src/turtle_square.cpp:5:10:[m[K [01;31m[Kfatal error: [m[Krclcpp/rclcpp.hpp: No such file or directory
[0.698s]     5 | #include [01;31m[K"rclcpp/rclcpp.hpp"[m[K
[0.698s]       |          [01;31m[K^~~~~~~~~~~~~~~~~~~[m[K
[0.698s] compilation terminated.
[0.700s] gmake[2]: *** [CMakeFiles/turtle_square.dir/build.make:76: CMakeFiles/turtle_square.dir/src/turtle_square.cpp.o] Error 1
[0.700s] gmake[1]: *** [CMakeFiles/Makefile2:137: CMakeFiles/turtle_square.dir/all] Error 2
[0.700s] gmake: *** [Makefile:146: all] Error 2
[0.703s] Invoked command in '/home/federico/Desktop/git/rp_03_ros_basics/src/build/rp_simple_controller' returned '2': CMAKE_PREFIX_PATH=${CMAKE_PREFIX_PATH}:/opt/ros/jazzy DEBUGINFOD_URLS=https://debuginfod.ubuntu.com /usr/bin/cmake --build /home/federico/Desktop/git/rp_03_ros_basics/src/build/rp_simple_controller -- -j12 -l12
