-- The C compiler identification is GNU 13.3.0
-- The CXX compiler identification is GNU 13.3.0
-- Detecting C compiler ABI info
-- Detecting C compiler ABI info - done
-- Check for working C compiler: /usr/bin/cc - skipped
-- Detecting C compile features
-- Detecting C compile features - done
-- Detecting CXX compiler ABI info
-- Detecting CXX compiler ABI info - done
-- Check for working CXX compiler: /usr/bin/c++ - skipped
-- Detecting CXX compile features
-- Detecting CXX compile features - done
-- Found ament_cmake: 2.5.3 (/opt/ros/jazzy/share/ament_cmake/cmake)
-- Found Python3: /usr/bin/python3 (found version "3.12.3") found components: Interpreter 
-- Found rclcpp: 28.1.6 (/opt/ros/jazzy/share/rclcpp/cmake)
-- Found rosidl_generator_c: 4.6.5 (/opt/ros/jazzy/share/rosidl_generator_c/cmake)
-- Found rosidl_generator_cpp: 4.6.5 (/opt/ros/jazzy/share/rosidl_generator_cpp/cmake)
-- Using all available rosidl_typesupport_c: rosidl_typesupport_fastrtps_c;rosidl_typesupport_introspection_c
-- Using all available rosidl_typesupport_cpp: rosidl_typesupport_fastrtps_cpp;rosidl_typesupport_introspection_cpp
-- Found rmw_implementation_cmake: 7.3.1 (/opt/ros/jazzy/share/rmw_implementation_cmake/cmake)
-- Found rmw_fastrtps_cpp: 8.4.1 (/opt/ros/jazzy/share/rmw_fastrtps_cpp/cmake)
-- Found OpenSSL: /usr/lib/x86_64-linux-gnu/libcrypto.so (found version "3.0.13")  
-- Found FastRTPS: /opt/ros/jazzy/include (Required is at least version "2.13") 
-- Using RMW implementation 'rmw_fastrtps_cpp' as default
-- Found std_msgs: 5.3.5 (/opt/ros/jazzy/share/std_msgs/cmake)
-- Found visualization_msgs: 5.3.5 (/opt/ros/jazzy/share/visualization_msgs/cmake)
-- Configuring done (2.4s)
-- Generating done (0.0s)
-- Build files have been written to: /home/federico/Desktop/git/inverse_project/ros2_project/robotic_arm/build/robotic_arm
[ 33%] [32mBuilding CXX object CMakeFiles/publisher.dir/src/robotic_arm_node.cpp.o[0m
[ 66%] [32mBuilding CXX object CMakeFiles/publisher.dir/src/dh_params.cpp.o[0m
[01m[K/home/federico/Desktop/git/inverse_project/ros2_project/robotic_arm/src/robotic_arm_node.cpp:[m[K In member function ‘[01m[Kvoid RoboticArmNode::[01;32m[KpublishPoint[m[K()[m[K’:
[01m[K/home/federico/Desktop/git/inverse_project/ros2_project/robotic_arm/src/robotic_arm_node.cpp:57:25:[m[K [01;35m[Kwarning: [m[Kcomparison of integer expressions of different signedness: ‘[01m[Kint[m[K’ and ‘[01m[Kstd::vector<DHParams>::size_type[m[K’ {aka ‘[01m[Klong unsigned int[m[K’} [[01;35m[K]8;;https://gcc.gnu.org/onlinedocs/gcc/Warning-Options.html#index-Wsign-compare-Wsign-compare]8;;[m[K]
   57 |         for(int i = 0; [01;35m[Ki<dh_params_.size()[m[K; i++){
      |                        [01;35m[K~^~~~~~~~~~~~~~~~~~[m[K
[01m[K/home/federico/Desktop/git/inverse_project/ros2_project/robotic_arm/src/robotic_arm_node.cpp:86:9:[m[K [01;31m[Kerror: [m[K‘[01m[KpointPublisher_[m[K’ was not declared in this scope; did you mean ‘[01m[KpointsPublisher_[m[K’?
   86 |         [01;31m[KpointPublisher_[m[K->publish(point);
      |         [01;31m[K^~~~~~~~~~~~~~~[m[K
      |         [32m[KpointsPublisher_[m[K
[01m[K/home/federico/Desktop/git/inverse_project/ros2_project/robotic_arm/src/robotic_arm_node.cpp:86:34:[m[K [01;31m[Kerror: [m[K‘[01m[Kpoint[m[K’ was not declared in this scope; did you mean ‘[01m[Kjoints[m[K’?
   86 |         pointPublisher_->publish([01;31m[Kpoint[m[K);
      |                                  [01;31m[K^~~~~[m[K
      |                                  [32m[Kjoints[m[K
gmake[2]: *** [CMakeFiles/publisher.dir/build.make:76: CMakeFiles/publisher.dir/src/robotic_arm_node.cpp.o] Error 1
gmake[1]: *** [CMakeFiles/Makefile2:137: CMakeFiles/publisher.dir/all] Error 2
gmake: *** [Makefile:146: all] Error 2
