[0.012s] Invoking command in '/home/federico/Desktop/git/inverse_project/ros2_project/robotic_arm/build/robotic_arm': CMAKE_PREFIX_PATH=${CMAKE_PREFIX_PATH}:/opt/ros/jazzy DEBUGINFOD_URLS=https://debuginfod.ubuntu.com /usr/bin/cmake /home/federico/Desktop/git/inverse_project/ros2_project/robotic_arm -DCMAKE_INSTALL_PREFIX=/home/federico/Desktop/git/inverse_project/ros2_project/robotic_arm/install/robotic_arm
[0.229s] -- The C compiler identification is GNU 13.3.0
[0.392s] -- The CXX compiler identification is GNU 13.3.0
[0.442s] -- Detecting C compiler ABI info
[0.662s] -- Detecting C compiler ABI info - done
[0.682s] -- Check for working C compiler: /usr/bin/cc - skipped
[0.684s] -- Detecting C compile features
[0.685s] -- Detecting C compile features - done
[0.705s] -- Detecting CXX compiler ABI info
[0.938s] -- Detecting CXX compiler ABI info - done
[0.961s] -- Check for working CXX compiler: /usr/bin/c++ - skipped
[0.961s] -- Detecting CXX compile features
[0.962s] -- Detecting CXX compile features - done
[0.971s] -- Found ament_cmake: 2.5.3 (/opt/ros/jazzy/share/ament_cmake/cmake)
[1.277s] -- Found Python3: /usr/bin/python3 (found version "3.12.3") found components: Interpreter 
[1.501s] -- Found rclcpp: 28.1.6 (/opt/ros/jazzy/share/rclcpp/cmake)
[1.585s] -- Found rosidl_generator_c: 4.6.5 (/opt/ros/jazzy/share/rosidl_generator_c/cmake)
[1.611s] -- Found rosidl_generator_cpp: 4.6.5 (/opt/ros/jazzy/share/rosidl_generator_cpp/cmake)
[1.639s] -- Using all available rosidl_typesupport_c: rosidl_typesupport_fastrtps_c;rosidl_typesupport_introspection_c
[1.660s] -- Using all available rosidl_typesupport_cpp: rosidl_typesupport_fastrtps_cpp;rosidl_typesupport_introspection_cpp
[1.811s] -- Found rmw_implementation_cmake: 7.3.1 (/opt/ros/jazzy/share/rmw_implementation_cmake/cmake)
[1.817s] -- Found rmw_fastrtps_cpp: 8.4.1 (/opt/ros/jazzy/share/rmw_fastrtps_cpp/cmake)
[1.995s] -- Found OpenSSL: /usr/lib/x86_64-linux-gnu/libcrypto.so (found version "3.0.13")  
[2.040s] -- Found FastRTPS: /opt/ros/jazzy/include (Required is at least version "2.13") 
[2.085s] -- Using RMW implementation 'rmw_fastrtps_cpp' as default
[2.213s] -- Found std_msgs: 5.3.5 (/opt/ros/jazzy/share/std_msgs/cmake)
[2.231s] -- Found visualization_msgs: 5.3.5 (/opt/ros/jazzy/share/visualization_msgs/cmake)
[2.441s] -- Configuring done (2.4s)
[2.461s] -- Generating done (0.0s)
[2.468s] -- Build files have been written to: /home/federico/Desktop/git/inverse_project/ros2_project/robotic_arm/build/robotic_arm
[2.485s] Invoked command in '/home/federico/Desktop/git/inverse_project/ros2_project/robotic_arm/build/robotic_arm' returned '0': CMAKE_PREFIX_PATH=${CMAKE_PREFIX_PATH}:/opt/ros/jazzy DEBUGINFOD_URLS=https://debuginfod.ubuntu.com /usr/bin/cmake /home/federico/Desktop/git/inverse_project/ros2_project/robotic_arm -DCMAKE_INSTALL_PREFIX=/home/federico/Desktop/git/inverse_project/ros2_project/robotic_arm/install/robotic_arm
[2.489s] Invoking command in '/home/federico/Desktop/git/inverse_project/ros2_project/robotic_arm/build/robotic_arm': CMAKE_PREFIX_PATH=${CMAKE_PREFIX_PATH}:/opt/ros/jazzy DEBUGINFOD_URLS=https://debuginfod.ubuntu.com /usr/bin/cmake --build /home/federico/Desktop/git/inverse_project/ros2_project/robotic_arm/build/robotic_arm -- -j12 -l12
[2.590s] [ 33%] [32mBuilding CXX object CMakeFiles/publisher.dir/src/robotic_arm_node.cpp.o[0m
[2.590s] [ 66%] [32mBuilding CXX object CMakeFiles/publisher.dir/src/dh_params.cpp.o[0m
[5.278s] [01m[K/home/federico/Desktop/git/inverse_project/ros2_project/robotic_arm/src/robotic_arm_node.cpp:[m[K In member function ‘[01m[Kvoid RoboticArmNode::[01;32m[KpublishPoint[m[K()[m[K’:
[5.279s] [01m[K/home/federico/Desktop/git/inverse_project/ros2_project/robotic_arm/src/robotic_arm_node.cpp:57:25:[m[K [01;35m[Kwarning: [m[Kcomparison of integer expressions of different signedness: ‘[01m[Kint[m[K’ and ‘[01m[Kstd::vector<DHParams>::size_type[m[K’ {aka ‘[01m[Klong unsigned int[m[K’} [[01;35m[K]8;;https://gcc.gnu.org/onlinedocs/gcc/Warning-Options.html#index-Wsign-compare-Wsign-compare]8;;[m[K]
[5.279s]    57 |         for(int i = 0; [01;35m[Ki<dh_params_.size()[m[K; i++){
[5.279s]       |                        [01;35m[K~^~~~~~~~~~~~~~~~~~[m[K
[5.285s] [01m[K/home/federico/Desktop/git/inverse_project/ros2_project/robotic_arm/src/robotic_arm_node.cpp:86:9:[m[K [01;31m[Kerror: [m[K‘[01m[KpointPublisher_[m[K’ was not declared in this scope; did you mean ‘[01m[KpointsPublisher_[m[K’?
[5.286s]    86 |         [01;31m[KpointPublisher_[m[K->publish(point);
[5.286s]       |         [01;31m[K^~~~~~~~~~~~~~~[m[K
[5.286s]       |         [32m[KpointsPublisher_[m[K
[5.294s] [01m[K/home/federico/Desktop/git/inverse_project/ros2_project/robotic_arm/src/robotic_arm_node.cpp:86:34:[m[K [01;31m[Kerror: [m[K‘[01m[Kpoint[m[K’ was not declared in this scope; did you mean ‘[01m[Kjoints[m[K’?
[5.294s]    86 |         pointPublisher_->publish([01;31m[Kpoint[m[K);
[5.294s]       |                                  [01;31m[K^~~~~[m[K
[5.294s]       |                                  [32m[Kjoints[m[K
[6.849s] gmake[2]: *** [CMakeFiles/publisher.dir/build.make:76: CMakeFiles/publisher.dir/src/robotic_arm_node.cpp.o] Error 1
[6.849s] gmake[1]: *** [CMakeFiles/Makefile2:137: CMakeFiles/publisher.dir/all] Error 2
[6.849s] gmake: *** [Makefile:146: all] Error 2
[6.854s] Invoked command in '/home/federico/Desktop/git/inverse_project/ros2_project/robotic_arm/build/robotic_arm' returned '2': CMAKE_PREFIX_PATH=${CMAKE_PREFIX_PATH}:/opt/ros/jazzy DEBUGINFOD_URLS=https://debuginfod.ubuntu.com /usr/bin/cmake --build /home/federico/Desktop/git/inverse_project/ros2_project/robotic_arm/build/robotic_arm -- -j12 -l12
