[0.007s] Invoking command in '/home/federico/Desktop/git/ros/src/cpp_pubsub/build/cpp_pubsub': CMAKE_PREFIX_PATH=${CMAKE_PREFIX_PATH}:/opt/ros/jazzy DEBUGINFOD_URLS=https://debuginfod.ubuntu.com /usr/bin/cmake /home/federico/Desktop/git/ros/src/cpp_pubsub -DCMAKE_INSTALL_PREFIX=/home/federico/Desktop/git/ros/src/cpp_pubsub/install/cpp_pubsub
[0.069s] -- The C compiler identification is GNU 13.3.0
[0.143s] -- The CXX compiler identification is GNU 13.3.0
[0.166s] -- Detecting C compiler ABI info
[0.286s] -- Detecting C compiler ABI info - done
[0.303s] -- Check for working C compiler: /usr/bin/cc - skipped
[0.304s] -- Detecting C compile features
[0.304s] -- Detecting C compile features - done
[0.323s] -- Detecting CXX compiler ABI info
[0.462s] -- Detecting CXX compiler ABI info - done
[0.475s] -- Check for working CXX compiler: /usr/bin/c++ - skipped
[0.475s] -- Detecting CXX compile features
[0.476s] -- Detecting CXX compile features - done
[0.479s] -- Found ament_cmake: 2.5.3 (/opt/ros/jazzy/share/ament_cmake/cmake)
[0.692s] -- Found Python3: /usr/bin/python3 (found version "3.12.3") found components: Interpreter 
[0.827s] -- Found rclcpp: 28.1.6 (/opt/ros/jazzy/share/rclcpp/cmake)
[0.870s] -- Found rosidl_generator_c: 4.6.5 (/opt/ros/jazzy/share/rosidl_generator_c/cmake)
[0.885s] -- Found rosidl_generator_cpp: 4.6.5 (/opt/ros/jazzy/share/rosidl_generator_cpp/cmake)
[0.897s] -- Using all available rosidl_typesupport_c: rosidl_typesupport_fastrtps_c;rosidl_typesupport_introspection_c
[0.909s] -- Using all available rosidl_typesupport_cpp: rosidl_typesupport_fastrtps_cpp;rosidl_typesupport_introspection_cpp
[0.956s] -- Found rmw_implementation_cmake: 7.3.1 (/opt/ros/jazzy/share/rmw_implementation_cmake/cmake)
[0.957s] -- Found rmw_fastrtps_cpp: 8.4.1 (/opt/ros/jazzy/share/rmw_fastrtps_cpp/cmake)
[1.033s] -- Found OpenSSL: /usr/lib/x86_64-linux-gnu/libcrypto.so (found version "3.0.13")  
[1.061s] -- Found FastRTPS: /opt/ros/jazzy/include (Required is at least version "2.13") 
[1.090s] -- Using RMW implementation 'rmw_fastrtps_cpp' as default
[1.146s] -- Found std_msgs: 5.3.5 (/opt/ros/jazzy/share/std_msgs/cmake)
[1.213s] -- Configuring done (1.2s)
[1.221s] -- Generating done (0.0s)
[1.224s] -- Build files have been written to: /home/federico/Desktop/git/ros/src/cpp_pubsub/build/cpp_pubsub
[1.232s] Invoked command in '/home/federico/Desktop/git/ros/src/cpp_pubsub/build/cpp_pubsub' returned '0': CMAKE_PREFIX_PATH=${CMAKE_PREFIX_PATH}:/opt/ros/jazzy DEBUGINFOD_URLS=https://debuginfod.ubuntu.com /usr/bin/cmake /home/federico/Desktop/git/ros/src/cpp_pubsub -DCMAKE_INSTALL_PREFIX=/home/federico/Desktop/git/ros/src/cpp_pubsub/install/cpp_pubsub
[1.232s] Invoking command in '/home/federico/Desktop/git/ros/src/cpp_pubsub/build/cpp_pubsub': CMAKE_PREFIX_PATH=${CMAKE_PREFIX_PATH}:/opt/ros/jazzy DEBUGINFOD_URLS=https://debuginfod.ubuntu.com /usr/bin/cmake --build /home/federico/Desktop/git/ros/src/cpp_pubsub/build/cpp_pubsub -- -j12 -l12
[1.294s] [ 25%] [32mBuilding CXX object CMakeFiles/talker.dir/src/publisher_member_function.cpp.o[0m
[1.294s] [ 50%] [32mBuilding CXX object CMakeFiles/listener.dir/src/subscriber_member_function.cpp.o[0m
[4.268s] [ 75%] [32m[1mLinking CXX executable talker[0m
[4.395s] [ 75%] Built target talker
[6.149s] [100%] [32m[1mLinking CXX executable listener[0m
[6.316s] [100%] Built target listener
[6.326s] Invoked command in '/home/federico/Desktop/git/ros/src/cpp_pubsub/build/cpp_pubsub' returned '0': CMAKE_PREFIX_PATH=${CMAKE_PREFIX_PATH}:/opt/ros/jazzy DEBUGINFOD_URLS=https://debuginfod.ubuntu.com /usr/bin/cmake --build /home/federico/Desktop/git/ros/src/cpp_pubsub/build/cpp_pubsub -- -j12 -l12
[6.339s] Invoking command in '/home/federico/Desktop/git/ros/src/cpp_pubsub/build/cpp_pubsub': CMAKE_PREFIX_PATH=${CMAKE_PREFIX_PATH}:/opt/ros/jazzy DEBUGINFOD_URLS=https://debuginfod.ubuntu.com /usr/bin/cmake --install /home/federico/Desktop/git/ros/src/cpp_pubsub/build/cpp_pubsub
[6.350s] -- Install configuration: ""
[6.351s] -- Installing: /home/federico/Desktop/git/ros/src/cpp_pubsub/install/cpp_pubsub/lib/cpp_pubsub/talker
[6.352s] -- Set non-toolchain portion of runtime path of "/home/federico/Desktop/git/ros/src/cpp_pubsub/install/cpp_pubsub/lib/cpp_pubsub/talker" to ""
[6.352s] -- Installing: /home/federico/Desktop/git/ros/src/cpp_pubsub/install/cpp_pubsub/lib/cpp_pubsub/listener
[6.356s] -- Set non-toolchain portion of runtime path of "/home/federico/Desktop/git/ros/src/cpp_pubsub/install/cpp_pubsub/lib/cpp_pubsub/listener" to ""
[6.356s] -- Installing: /home/federico/Desktop/git/ros/src/cpp_pubsub/install/cpp_pubsub/share/ament_index/resource_index/package_run_dependencies/cpp_pubsub
[6.356s] -- Installing: /home/federico/Desktop/git/ros/src/cpp_pubsub/install/cpp_pubsub/share/ament_index/resource_index/parent_prefix_path/cpp_pubsub
[6.357s] -- Installing: /home/federico/Desktop/git/ros/src/cpp_pubsub/install/cpp_pubsub/share/cpp_pubsub/environment/ament_prefix_path.sh
[6.357s] -- Installing: /home/federico/Desktop/git/ros/src/cpp_pubsub/install/cpp_pubsub/share/cpp_pubsub/environment/ament_prefix_path.dsv
[6.357s] -- Installing: /home/federico/Desktop/git/ros/src/cpp_pubsub/install/cpp_pubsub/share/cpp_pubsub/environment/path.sh
[6.357s] -- Installing: /home/federico/Desktop/git/ros/src/cpp_pubsub/install/cpp_pubsub/share/cpp_pubsub/environment/path.dsv
[6.357s] -- Installing: /home/federico/Desktop/git/ros/src/cpp_pubsub/install/cpp_pubsub/share/cpp_pubsub/local_setup.bash
[6.358s] -- Installing: /home/federico/Desktop/git/ros/src/cpp_pubsub/install/cpp_pubsub/share/cpp_pubsub/local_setup.sh
[6.358s] -- Installing: /home/federico/Desktop/git/ros/src/cpp_pubsub/install/cpp_pubsub/share/cpp_pubsub/local_setup.zsh
[6.358s] -- Installing: /home/federico/Desktop/git/ros/src/cpp_pubsub/install/cpp_pubsub/share/cpp_pubsub/local_setup.dsv
[6.358s] -- Installing: /home/federico/Desktop/git/ros/src/cpp_pubsub/install/cpp_pubsub/share/cpp_pubsub/package.dsv
[6.358s] -- Installing: /home/federico/Desktop/git/ros/src/cpp_pubsub/install/cpp_pubsub/share/ament_index/resource_index/packages/cpp_pubsub
[6.359s] -- Installing: /home/federico/Desktop/git/ros/src/cpp_pubsub/install/cpp_pubsub/share/cpp_pubsub/cmake/cpp_pubsubConfig.cmake
[6.359s] -- Installing: /home/federico/Desktop/git/ros/src/cpp_pubsub/install/cpp_pubsub/share/cpp_pubsub/cmake/cpp_pubsubConfig-version.cmake
[6.359s] -- Installing: /home/federico/Desktop/git/ros/src/cpp_pubsub/install/cpp_pubsub/share/cpp_pubsub/package.xml
[6.360s] Invoked command in '/home/federico/Desktop/git/ros/src/cpp_pubsub/build/cpp_pubsub' returned '0': CMAKE_PREFIX_PATH=${CMAKE_PREFIX_PATH}:/opt/ros/jazzy DEBUGINFOD_URLS=https://debuginfod.ubuntu.com /usr/bin/cmake --install /home/federico/Desktop/git/ros/src/cpp_pubsub/build/cpp_pubsub
