[0.419s] DEBUG:colcon:Command line arguments: ['/usr/bin/colcon', 'build']
[0.420s] DEBUG:colcon:Parsed command line arguments: Namespace(log_base=None, log_level=None, verb_name='build', build_base='build', install_base='install', merge_install=False, symlink_install=False, test_result_base=None, continue_on_error=False, executor='parallel', parallel_workers=12, event_handlers=None, ignore_user_meta=False, metas=['./colcon.meta'], base_paths=['.'], packages_ignore=None, packages_ignore_regex=None, paths=None, packages_up_to=None, packages_up_to_regex=None, packages_above=None, packages_above_and_dependencies=None, packages_above_depth=None, packages_select_by_dep=None, packages_skip_by_dep=None, packages_skip_up_to=None, packages_select_build_failed=False, packages_skip_build_finished=False, packages_select_test_failures=False, packages_skip_test_passed=False, packages_select=None, packages_skip=None, packages_select_regex=None, packages_skip_regex=None, packages_start=None, packages_end=None, allow_overriding=[], cmake_args=None, cmake_target=None, cmake_target_skip_unavailable=False, cmake_clean_cache=False, cmake_clean_first=False, cmake_force_configure=False, ament_cmake_args=None, catkin_cmake_args=None, catkin_skip_building_tests=False, mixin_files=None, mixin=None, verb_parser=<colcon_mixin.mixin.mixin_argument.MixinArgumentDecorator object at 0x72c74714ca40>, verb_extension=<colcon_core.verb.build.BuildVerb object at 0x72c7472c5040>, main=<bound method BuildVerb.main of <colcon_core.verb.build.BuildVerb object at 0x72c7472c5040>>, mixin_verb=('build',))
[0.517s] Level 1:colcon.colcon_core.package_discovery:discover_packages(colcon_meta) check parameters
[0.518s] Level 1:colcon.colcon_core.package_discovery:discover_packages(recursive) check parameters
[0.518s] Level 1:colcon.colcon_core.package_discovery:discover_packages(ignore) check parameters
[0.518s] Level 1:colcon.colcon_core.package_discovery:discover_packages(path) check parameters
[0.518s] Level 1:colcon.colcon_core.package_discovery:discover_packages(colcon_meta) discover
[0.518s] Level 1:colcon.colcon_core.package_discovery:discover_packages(recursive) discover
[0.518s] INFO:colcon.colcon_core.package_discovery:Crawling recursively for packages in '/home/federico/Desktop/git/inverse_project/ros2_project/robotic_arm'
[0.518s] Level 1:colcon.colcon_core.package_identification:_identify(.) by extensions ['ignore', 'ignore_ament_install']
[0.519s] Level 1:colcon.colcon_core.package_identification:_identify(.) by extension 'ignore'
[0.519s] Level 1:colcon.colcon_core.package_identification:_identify(.) by extension 'ignore_ament_install'
[0.519s] Level 1:colcon.colcon_core.package_identification:_identify(.) by extensions ['colcon_pkg']
[0.519s] Level 1:colcon.colcon_core.package_identification:_identify(.) by extension 'colcon_pkg'
[0.519s] Level 1:colcon.colcon_core.package_identification:_identify(.) by extensions ['colcon_meta']
[0.519s] Level 1:colcon.colcon_core.package_identification:_identify(.) by extension 'colcon_meta'
[0.519s] Level 1:colcon.colcon_core.package_identification:_identify(.) by extensions ['ros']
[0.519s] Level 1:colcon.colcon_core.package_identification:_identify(.) by extension 'ros'
[0.593s] DEBUG:colcon.colcon_core.package_identification:Package '.' with type 'ros.ament_cmake' and name 'robotic_arm'
[0.593s] Level 1:colcon.colcon_core.package_discovery:discover_packages(recursive) using defaults
[0.594s] Level 1:colcon.colcon_core.package_discovery:discover_packages(ignore) discover
[0.594s] Level 1:colcon.colcon_core.package_discovery:discover_packages(ignore) using defaults
[0.594s] Level 1:colcon.colcon_core.package_discovery:discover_packages(path) discover
[0.594s] Level 1:colcon.colcon_core.package_discovery:discover_packages(path) using defaults
[0.642s] Level 1:colcon.colcon_core.package_discovery:discover_packages(prefix_path) check parameters
[0.642s] Level 1:colcon.colcon_core.package_discovery:discover_packages(prefix_path) discover
[0.649s] DEBUG:colcon.colcon_installed_package_information.package_discovery:Found 1 installed packages in /home/federico/Desktop/git/inverse_project/ros2_project/robotic_arm/install
[0.655s] DEBUG:colcon.colcon_installed_package_information.package_discovery:Found 318 installed packages in /opt/ros/jazzy
[0.659s] Level 1:colcon.colcon_core.package_discovery:discover_packages(prefix_path) using defaults
[0.891s] Level 5:colcon.colcon_core.verb:set package 'robotic_arm' build argument 'cmake_args' from command line to 'None'
[0.891s] Level 5:colcon.colcon_core.verb:set package 'robotic_arm' build argument 'cmake_target' from command line to 'None'
[0.891s] Level 5:colcon.colcon_core.verb:set package 'robotic_arm' build argument 'cmake_target_skip_unavailable' from command line to 'False'
[0.891s] Level 5:colcon.colcon_core.verb:set package 'robotic_arm' build argument 'cmake_clean_cache' from command line to 'False'
[0.891s] Level 5:colcon.colcon_core.verb:set package 'robotic_arm' build argument 'cmake_clean_first' from command line to 'False'
[0.891s] Level 5:colcon.colcon_core.verb:set package 'robotic_arm' build argument 'cmake_force_configure' from command line to 'False'
[0.891s] Level 5:colcon.colcon_core.verb:set package 'robotic_arm' build argument 'ament_cmake_args' from command line to 'None'
[0.891s] Level 5:colcon.colcon_core.verb:set package 'robotic_arm' build argument 'catkin_cmake_args' from command line to 'None'
[0.891s] Level 5:colcon.colcon_core.verb:set package 'robotic_arm' build argument 'catkin_skip_building_tests' from command line to 'False'
[0.891s] DEBUG:colcon.colcon_core.verb:Building package 'robotic_arm' with the following arguments: {'ament_cmake_args': None, 'build_base': '/home/federico/Desktop/git/inverse_project/ros2_project/robotic_arm/build/robotic_arm', 'catkin_cmake_args': None, 'catkin_skip_building_tests': False, 'cmake_args': None, 'cmake_clean_cache': False, 'cmake_clean_first': False, 'cmake_force_configure': False, 'cmake_target': None, 'cmake_target_skip_unavailable': False, 'install_base': '/home/federico/Desktop/git/inverse_project/ros2_project/robotic_arm/install/robotic_arm', 'merge_install': False, 'path': '/home/federico/Desktop/git/inverse_project/ros2_project/robotic_arm', 'symlink_install': False, 'test_result_base': None}
[0.891s] INFO:colcon.colcon_core.executor:Executing jobs using 'parallel' executor
[0.893s] DEBUG:colcon.colcon_parallel_executor.executor.parallel:run_until_complete
[0.894s] INFO:colcon.colcon_ros.task.ament_cmake.build:Building ROS package in '/home/federico/Desktop/git/inverse_project/ros2_project/robotic_arm' with build type 'ament_cmake'
[0.894s] INFO:colcon.colcon_cmake.task.cmake.build:Building CMake package in '/home/federico/Desktop/git/inverse_project/ros2_project/robotic_arm'
[0.902s] INFO:colcon.colcon_core.plugin_system:Skipping extension 'colcon_core.shell.bat': Not used on non-Windows systems
[0.902s] INFO:colcon.colcon_core.shell:Skip shell extension 'powershell' for command environment: Not usable outside of PowerShell
[0.902s] DEBUG:colcon.colcon_core.shell:Skip shell extension 'dsv' for command environment
[0.925s] DEBUG:colcon.colcon_core.event_handler.log_command:Invoking command in '/home/federico/Desktop/git/inverse_project/ros2_project/robotic_arm/build/robotic_arm': CMAKE_PREFIX_PATH=${CMAKE_PREFIX_PATH}:/opt/ros/jazzy DEBUGINFOD_URLS=https://debuginfod.ubuntu.com /usr/bin/cmake --build /home/federico/Desktop/git/inverse_project/ros2_project/robotic_arm/build/robotic_arm -- -j12 -l12
[8.095s] DEBUG:colcon.colcon_core.event_handler.log_command:Invoked command in '/home/federico/Desktop/git/inverse_project/ros2_project/robotic_arm/build/robotic_arm' returned '0': CMAKE_PREFIX_PATH=${CMAKE_PREFIX_PATH}:/opt/ros/jazzy DEBUGINFOD_URLS=https://debuginfod.ubuntu.com /usr/bin/cmake --build /home/federico/Desktop/git/inverse_project/ros2_project/robotic_arm/build/robotic_arm -- -j12 -l12
[8.131s] DEBUG:colcon.colcon_core.event_handler.log_command:Invoking command in '/home/federico/Desktop/git/inverse_project/ros2_project/robotic_arm/build/robotic_arm': CMAKE_PREFIX_PATH=${CMAKE_PREFIX_PATH}:/opt/ros/jazzy DEBUGINFOD_URLS=https://debuginfod.ubuntu.com /usr/bin/cmake --install /home/federico/Desktop/git/inverse_project/ros2_project/robotic_arm/build/robotic_arm
[8.182s] Level 1:colcon.colcon_core.environment:create_environment_scripts_only(robotic_arm)
[8.184s] DEBUG:colcon.colcon_core.event_handler.log_command:Invoked command in '/home/federico/Desktop/git/inverse_project/ros2_project/robotic_arm/build/robotic_arm' returned '0': CMAKE_PREFIX_PATH=${CMAKE_PREFIX_PATH}:/opt/ros/jazzy DEBUGINFOD_URLS=https://debuginfod.ubuntu.com /usr/bin/cmake --install /home/federico/Desktop/git/inverse_project/ros2_project/robotic_arm/build/robotic_arm
[8.196s] Level 1:colcon.colcon_core.environment:checking '/home/federico/Desktop/git/inverse_project/ros2_project/robotic_arm/install/robotic_arm' for CMake module files
[8.198s] Level 1:colcon.colcon_core.environment:checking '/home/federico/Desktop/git/inverse_project/ros2_project/robotic_arm/install/robotic_arm' for CMake config files
[8.199s] Level 1:colcon.colcon_core.shell:create_environment_hook('robotic_arm', 'cmake_prefix_path')
[8.199s] INFO:colcon.colcon_core.shell:Creating environment hook '/home/federico/Desktop/git/inverse_project/ros2_project/robotic_arm/install/robotic_arm/share/robotic_arm/hook/cmake_prefix_path.ps1'
[8.201s] INFO:colcon.colcon_core.shell:Creating environment descriptor '/home/federico/Desktop/git/inverse_project/ros2_project/robotic_arm/install/robotic_arm/share/robotic_arm/hook/cmake_prefix_path.dsv'
[8.202s] INFO:colcon.colcon_core.shell:Creating environment hook '/home/federico/Desktop/git/inverse_project/ros2_project/robotic_arm/install/robotic_arm/share/robotic_arm/hook/cmake_prefix_path.sh'
[8.205s] Level 1:colcon.colcon_core.environment:checking '/home/federico/Desktop/git/inverse_project/ros2_project/robotic_arm/install/robotic_arm/lib'
[8.205s] Level 1:colcon.colcon_core.environment:checking '/home/federico/Desktop/git/inverse_project/ros2_project/robotic_arm/install/robotic_arm/bin'
[8.205s] Level 1:colcon.colcon_core.environment:checking '/home/federico/Desktop/git/inverse_project/ros2_project/robotic_arm/install/robotic_arm/lib/pkgconfig/robotic_arm.pc'
[8.206s] Level 1:colcon.colcon_core.environment:checking '/home/federico/Desktop/git/inverse_project/ros2_project/robotic_arm/install/robotic_arm/lib/python3.12/site-packages'
[8.207s] Level 1:colcon.colcon_core.environment:checking '/home/federico/Desktop/git/inverse_project/ros2_project/robotic_arm/install/robotic_arm/bin'
[8.208s] INFO:colcon.colcon_core.shell:Creating package script '/home/federico/Desktop/git/inverse_project/ros2_project/robotic_arm/install/robotic_arm/share/robotic_arm/package.ps1'
[8.211s] INFO:colcon.colcon_core.shell:Creating package descriptor '/home/federico/Desktop/git/inverse_project/ros2_project/robotic_arm/install/robotic_arm/share/robotic_arm/package.dsv'
[8.212s] INFO:colcon.colcon_core.shell:Creating package script '/home/federico/Desktop/git/inverse_project/ros2_project/robotic_arm/install/robotic_arm/share/robotic_arm/package.sh'
[8.214s] INFO:colcon.colcon_core.shell:Creating package script '/home/federico/Desktop/git/inverse_project/ros2_project/robotic_arm/install/robotic_arm/share/robotic_arm/package.bash'
[8.216s] INFO:colcon.colcon_core.shell:Creating package script '/home/federico/Desktop/git/inverse_project/ros2_project/robotic_arm/install/robotic_arm/share/robotic_arm/package.zsh'
[8.218s] Level 1:colcon.colcon_core.environment:create_file_with_runtime_dependencies(/home/federico/Desktop/git/inverse_project/ros2_project/robotic_arm/install/robotic_arm/share/colcon-core/packages/robotic_arm)
[8.220s] Level 1:colcon.colcon_core.environment:create_environment_scripts_only(robotic_arm)
[8.220s] Level 1:colcon.colcon_core.environment:checking '/home/federico/Desktop/git/inverse_project/ros2_project/robotic_arm/install/robotic_arm' for CMake module files
[8.221s] Level 1:colcon.colcon_core.environment:checking '/home/federico/Desktop/git/inverse_project/ros2_project/robotic_arm/install/robotic_arm' for CMake config files
[8.222s] Level 1:colcon.colcon_core.shell:create_environment_hook('robotic_arm', 'cmake_prefix_path')
[8.222s] INFO:colcon.colcon_core.shell:Creating environment hook '/home/federico/Desktop/git/inverse_project/ros2_project/robotic_arm/install/robotic_arm/share/robotic_arm/hook/cmake_prefix_path.ps1'
[8.223s] INFO:colcon.colcon_core.shell:Creating environment descriptor '/home/federico/Desktop/git/inverse_project/ros2_project/robotic_arm/install/robotic_arm/share/robotic_arm/hook/cmake_prefix_path.dsv'
[8.224s] INFO:colcon.colcon_core.shell:Creating environment hook '/home/federico/Desktop/git/inverse_project/ros2_project/robotic_arm/install/robotic_arm/share/robotic_arm/hook/cmake_prefix_path.sh'
[8.226s] Level 1:colcon.colcon_core.environment:checking '/home/federico/Desktop/git/inverse_project/ros2_project/robotic_arm/install/robotic_arm/lib'
[8.226s] Level 1:colcon.colcon_core.environment:checking '/home/federico/Desktop/git/inverse_project/ros2_project/robotic_arm/install/robotic_arm/bin'
[8.226s] Level 1:colcon.colcon_core.environment:checking '/home/federico/Desktop/git/inverse_project/ros2_project/robotic_arm/install/robotic_arm/lib/pkgconfig/robotic_arm.pc'
[8.227s] Level 1:colcon.colcon_core.environment:checking '/home/federico/Desktop/git/inverse_project/ros2_project/robotic_arm/install/robotic_arm/lib/python3.12/site-packages'
[8.227s] Level 1:colcon.colcon_core.environment:checking '/home/federico/Desktop/git/inverse_project/ros2_project/robotic_arm/install/robotic_arm/bin'
[8.228s] INFO:colcon.colcon_core.shell:Creating package script '/home/federico/Desktop/git/inverse_project/ros2_project/robotic_arm/install/robotic_arm/share/robotic_arm/package.ps1'
[8.229s] INFO:colcon.colcon_core.shell:Creating package descriptor '/home/federico/Desktop/git/inverse_project/ros2_project/robotic_arm/install/robotic_arm/share/robotic_arm/package.dsv'
[8.230s] INFO:colcon.colcon_core.shell:Creating package script '/home/federico/Desktop/git/inverse_project/ros2_project/robotic_arm/install/robotic_arm/share/robotic_arm/package.sh'
[8.231s] INFO:colcon.colcon_core.shell:Creating package script '/home/federico/Desktop/git/inverse_project/ros2_project/robotic_arm/install/robotic_arm/share/robotic_arm/package.bash'
[8.232s] INFO:colcon.colcon_core.shell:Creating package script '/home/federico/Desktop/git/inverse_project/ros2_project/robotic_arm/install/robotic_arm/share/robotic_arm/package.zsh'
[8.233s] Level 1:colcon.colcon_core.environment:create_file_with_runtime_dependencies(/home/federico/Desktop/git/inverse_project/ros2_project/robotic_arm/install/robotic_arm/share/colcon-core/packages/robotic_arm)
[8.234s] DEBUG:colcon.colcon_parallel_executor.executor.parallel:closing loop
[8.234s] DEBUG:colcon.colcon_parallel_executor.executor.parallel:loop closed
[8.234s] DEBUG:colcon.colcon_parallel_executor.executor.parallel:run_until_complete finished with '0'
[8.234s] DEBUG:colcon.colcon_core.event_reactor:joining thread
[8.258s] INFO:colcon.colcon_core.plugin_system:Skipping extension 'colcon_notification.desktop_notification.terminal_notifier': Not used on non-Darwin systems
[8.259s] INFO:colcon.colcon_core.plugin_system:Skipping extension 'colcon_notification.desktop_notification.win32': Not used on non-Windows systems
[8.259s] INFO:colcon.colcon_notification.desktop_notification:Sending desktop notification using 'notify2'
[8.368s] DEBUG:colcon.colcon_core.event_reactor:joined thread
[8.368s] INFO:colcon.colcon_core.shell:Creating prefix script '/home/federico/Desktop/git/inverse_project/ros2_project/robotic_arm/install/local_setup.ps1'
[8.370s] INFO:colcon.colcon_core.shell:Creating prefix util module '/home/federico/Desktop/git/inverse_project/ros2_project/robotic_arm/install/_local_setup_util_ps1.py'
[8.373s] INFO:colcon.colcon_core.shell:Creating prefix chain script '/home/federico/Desktop/git/inverse_project/ros2_project/robotic_arm/install/setup.ps1'
[8.377s] INFO:colcon.colcon_core.shell:Creating prefix script '/home/federico/Desktop/git/inverse_project/ros2_project/robotic_arm/install/local_setup.sh'
[8.379s] INFO:colcon.colcon_core.shell:Creating prefix util module '/home/federico/Desktop/git/inverse_project/ros2_project/robotic_arm/install/_local_setup_util_sh.py'
[8.381s] INFO:colcon.colcon_core.shell:Creating prefix chain script '/home/federico/Desktop/git/inverse_project/ros2_project/robotic_arm/install/setup.sh'
[8.385s] INFO:colcon.colcon_core.shell:Creating prefix script '/home/federico/Desktop/git/inverse_project/ros2_project/robotic_arm/install/local_setup.bash'
[8.388s] INFO:colcon.colcon_core.shell:Creating prefix chain script '/home/federico/Desktop/git/inverse_project/ros2_project/robotic_arm/install/setup.bash'
[8.392s] INFO:colcon.colcon_core.shell:Creating prefix script '/home/federico/Desktop/git/inverse_project/ros2_project/robotic_arm/install/local_setup.zsh'
[8.394s] INFO:colcon.colcon_core.shell:Creating prefix chain script '/home/federico/Desktop/git/inverse_project/ros2_project/robotic_arm/install/setup.zsh'
