[0.006s] Invoking command in '/home/federico/Desktop/git/ros/build/cpp_pubsub': CMAKE_PREFIX_PATH=${CMAKE_PREFIX_PATH}:/opt/ros/jazzy DEBUGINFOD_URLS=https://debuginfod.ubuntu.com /usr/bin/cmake /home/federico/Desktop/git/ros/src/cpp_pubsub -DCMAKE_INSTALL_PREFIX=/home/federico/Desktop/git/ros/install/cpp_pubsub
[0.017s] -- Found ament_cmake: 2.5.3 (/opt/ros/jazzy/share/ament_cmake/cmake)
[0.152s] -- Found rclcpp: 28.1.6 (/opt/ros/jazzy/share/rclcpp/cmake)
[0.167s] -- Found rosidl_generator_c: 4.6.5 (/opt/ros/jazzy/share/rosidl_generator_c/cmake)
[0.172s] -- Found rosidl_generator_cpp: 4.6.5 (/opt/ros/jazzy/share/rosidl_generator_cpp/cmake)
[0.179s] -- Using all available rosidl_typesupport_c: rosidl_typesupport_fastrtps_c;rosidl_typesupport_introspection_c
[0.186s] -- Using all available rosidl_typesupport_cpp: rosidl_typesupport_fastrtps_cpp;rosidl_typesupport_introspection_cpp
[0.222s] -- Found rmw_implementation_cmake: 7.3.1 (/opt/ros/jazzy/share/rmw_implementation_cmake/cmake)
[0.223s] -- Found rmw_fastrtps_cpp: 8.4.1 (/opt/ros/jazzy/share/rmw_fastrtps_cpp/cmake)
[0.267s] -- Using RMW implementation 'rmw_fastrtps_cpp' as default
[0.306s] -- Found std_msgs: 5.3.5 (/opt/ros/jazzy/share/std_msgs/cmake)
[0.376s] -- Configuring done (0.4s)
[0.378s] [31mCMake Error at CMakeLists.txt:21 (add_executable):
[0.378s]   Cannot find source file:
[0.378s] 
[0.378s]     src/publisher_member_function-cpp
[0.378s] 
[0.378s]   Tried extensions .c .C .c++ .cc .cpp .cxx .cu .mpp .m .M .mm .ixx .cppm
[0.378s]   .ccm .cxxm .c++m .h .hh .h++ .hm .hpp .hxx .in .txx .f .F .for .f77 .f90
[0.378s]   .f95 .f03 .hip .ispc
[0.378s] 
[0.378s] [0m
[0.379s] [31mCMake Error at CMakeLists.txt:21 (add_executable):
[0.379s]   No SOURCES given to target: talker
[0.379s] 
[0.379s] [0m
[0.379s] [0mCMake Generate step failed.  Build files cannot be regenerated correctly.[0m
[0.384s] Invoked command in '/home/federico/Desktop/git/ros/build/cpp_pubsub' returned '1': CMAKE_PREFIX_PATH=${CMAKE_PREFIX_PATH}:/opt/ros/jazzy DEBUGINFOD_URLS=https://debuginfod.ubuntu.com /usr/bin/cmake /home/federico/Desktop/git/ros/src/cpp_pubsub -DCMAKE_INSTALL_PREFIX=/home/federico/Desktop/git/ros/install/cpp_pubsub
