-- Found ament_cmake: 2.5.3 (/opt/ros/jazzy/share/ament_cmake/cmake)
-- Found rclcpp: 28.1.6 (/opt/ros/jazzy/share/rclcpp/cmake)
-- Found rosidl_generator_c: 4.6.5 (/opt/ros/jazzy/share/rosidl_generator_c/cmake)
-- Found rosidl_generator_cpp: 4.6.5 (/opt/ros/jazzy/share/rosidl_generator_cpp/cmake)
-- Using all available rosidl_typesupport_c: rosidl_typesupport_fastrtps_c;rosidl_typesupport_introspection_c
-- Using all available rosidl_typesupport_cpp: rosidl_typesupport_fastrtps_cpp;rosidl_typesupport_introspection_cpp
-- Found rmw_implementation_cmake: 7.3.1 (/opt/ros/jazzy/share/rmw_implementation_cmake/cmake)
-- Found rmw_fastrtps_cpp: 8.4.1 (/opt/ros/jazzy/share/rmw_fastrtps_cpp/cmake)
-- Using RMW implementation 'rmw_fastrtps_cpp' as default
-- Found std_msgs: 5.3.5 (/opt/ros/jazzy/share/std_msgs/cmake)
-- Found visualization_msgs: 5.3.5 (/opt/ros/jazzy/share/visualization_msgs/cmake)
-- Configuring done (0.9s)
-- Generating done (0.0s)
-- Build files have been written to: /home/federico/Desktop/git/inverse_project/ros2_project/build/robotic_arm
[ 33%] [32mBuilding CXX object CMakeFiles/publisher.dir/src/robotic_arm_node.cpp.o[0m
[ 66%] [32mBuilding CXX object CMakeFiles/publisher.dir/src/dh_params.cpp.o[0m
[01m[K/home/federico/Desktop/git/inverse_project/ros2_project/robotic_arm/src/robotic_arm_node.cpp:[m[K In member function ‘[01m[Kvoid RoboticArmNode::[01;32m[KpublishLine[m[K()[m[K’:
[01m[K/home/federico/Desktop/git/inverse_project/ros2_project/robotic_arm/src/robotic_arm_node.cpp:97:19:[m[K [01;31m[Kerror: [m[K‘[01m[Kusing visualization_msgs::msg::Marker_<std::allocator<void> >::_pose_type = struct geometry_msgs::msg::Pose_<std::allocator<void> >[m[K’ {aka ‘[01m[Kstruct geometry_msgs::msg::Pose_<std::allocator<void> >[m[K’} has no member named ‘[01m[Krotation[m[K’
   97 |         line.pose.[01;31m[Krotation[m[K.z = dh_params_[0].theta;
      |                   [01;31m[K^~~~~~~~[m[K
[01m[K/home/federico/Desktop/git/inverse_project/ros2_project/robotic_arm/src/robotic_arm_node.cpp:98:19:[m[K [01;31m[Kerror: [m[K‘[01m[Kusing visualization_msgs::msg::Marker_<std::allocator<void> >::_pose_type = struct geometry_msgs::msg::Pose_<std::allocator<void> >[m[K’ {aka ‘[01m[Kstruct geometry_msgs::msg::Pose_<std::allocator<void> >[m[K’} has no member named ‘[01m[Krotation[m[K’
   98 |         line.pose.[01;31m[Krotation[m[K.x = dh_params_[0].alpha;
      |                   [01;31m[K^~~~~~~~[m[K
gmake[2]: *** [CMakeFiles/publisher.dir/build.make:76: CMakeFiles/publisher.dir/src/robotic_arm_node.cpp.o] Error 1
gmake[1]: *** [CMakeFiles/Makefile2:137: CMakeFiles/publisher.dir/all] Error 2
gmake: *** [Makefile:146: all] Error 2
