[0.018s] Invoking command in '/home/federico/Desktop/git/inverse_project/ros2_project/robotic_arm/build/robotic_arm': CMAKE_PREFIX_PATH=${CMAKE_PREFIX_PATH}:/opt/ros/jazzy DEBUGINFOD_URLS=https://debuginfod.ubuntu.com /usr/bin/cmake --build /home/federico/Desktop/git/inverse_project/ros2_project/robotic_arm/build/robotic_arm -- -j12 -l12
[0.164s] [ 33%] [32mBuilding CXX object CMakeFiles/publisher.dir/src/robotic_arm_node.cpp.o[0m
[2.455s] [01m[K/home/federico/Desktop/git/inverse_project/ros2_project/robotic_arm/src/robotic_arm_node.cpp:[m[K In constructor ‘[01m[KRoboticArmNode::[01;32m[KRoboticArmNode[m[K()[m[K’:
[2.455s] [01m[K/home/federico/Desktop/git/inverse_project/ros2_project/robotic_arm/src/robotic_arm_node.cpp:35:27:[m[K [01;35m[Kwarning: [m[Kcomparison of integer expressions of different signedness: ‘[01m[Kint[m[K’ and ‘[01m[Kstd::vector<DHParams>::size_type[m[K’ {aka ‘[01m[Klong unsigned int[m[K’} [[01;35m[K]8;;https://gcc.gnu.org/onlinedocs/gcc/Warning-Options.html#index-Wsign-compare-Wsign-compare]8;;[m[K]
[2.455s]    35 |         for (auto i = 0; [01;35m[Ki< dh_params_.size()[m[K; i++){
[2.455s]       |                          [01;35m[K~^~~~~~~~~~~~~~~~~~~[m[K
[2.456s] In file included from [01m[K/opt/ros/jazzy/include/rclcpp/rclcpp/logging.hpp:24[m[K,
[2.456s]                  from [01m[K/opt/ros/jazzy/include/rclcpp/rclcpp/copy_all_parameter_values.hpp:27[m[K,
[2.456s]                  from [01m[K/opt/ros/jazzy/include/rclcpp/rclcpp/rclcpp.hpp:171[m[K,
[2.456s]                  from [01m[K/home/federico/Desktop/git/inverse_project/ros2_project/robotic_arm/src/robotic_arm_node.cpp:4[m[K:
[2.457s] [01m[K/home/federico/Desktop/git/inverse_project/ros2_project/robotic_arm/src/robotic_arm_node.cpp:46:73:[m[K [01;31m[Kerror: [m[Krequest for member ‘[01m[Kc_str[m[K’ in ‘[01m[K((RoboticArmNode*)this)->RoboticArmNode::transforms.std::vector<Eigen::Matrix<double, 4, 4> >::size()[m[K’, which is of non-class type ‘[01m[Kstd::vector<Eigen::Matrix<double, 4, 4> >::size_type[m[K’ {aka ‘[01m[Klong unsigned int[m[K’}
[2.457s]    46 | LCPP_INFO(this->get_logger(), "size: '%s'", transforms.size().[01;31m[Kc_str[m[K());
[2.457s]       |                                                               [01;31m[K^~~~~[m[K
[2.457s] 
[2.458s] [01m[K/home/federico/Desktop/git/inverse_project/ros2_project/robotic_arm/src/robotic_arm_node.cpp:[m[K In member function ‘[01m[Kvoid RoboticArmNode::[01;32m[KpublishPointsAndLines[m[K()[m[K’:
[2.458s] [01m[K/home/federico/Desktop/git/inverse_project/ros2_project/robotic_arm/src/robotic_arm_node.cpp:94:26:[m[K [01;35m[Kwarning: [m[Kcomparison of integer expressions of different signedness: ‘[01m[Kint[m[K’ and ‘[01m[Kstd::vector<Eigen::Matrix<double, 4, 4> >::size_type[m[K’ {aka ‘[01m[Klong unsigned int[m[K’} [[01;35m[K]8;;https://gcc.gnu.org/onlinedocs/gcc/Warning-Options.html#index-Wsign-compare-Wsign-compare]8;;[m[K]
[2.458s]    94 |         for(auto i = 0; [01;35m[Ki<transforms.size()[m[K; i++){
[2.459s]       |                         [01;35m[K~^~~~~~~~~~~~~~~~~~[m[K
[4.092s] gmake[2]: *** [CMakeFiles/publisher.dir/build.make:76: CMakeFiles/publisher.dir/src/robotic_arm_node.cpp.o] Error 1
[4.092s] gmake[1]: *** [CMakeFiles/Makefile2:137: CMakeFiles/publisher.dir/all] Error 2
[4.092s] gmake: *** [Makefile:146: all] Error 2
[4.095s] Invoked command in '/home/federico/Desktop/git/inverse_project/ros2_project/robotic_arm/build/robotic_arm' returned '2': CMAKE_PREFIX_PATH=${CMAKE_PREFIX_PATH}:/opt/ros/jazzy DEBUGINFOD_URLS=https://debuginfod.ubuntu.com /usr/bin/cmake --build /home/federico/Desktop/git/inverse_project/ros2_project/robotic_arm/build/robotic_arm -- -j12 -l12
