[0.093s] DEBUG:colcon:Command line arguments: ['/usr/bin/colcon', 'build']
[0.093s] DEBUG:colcon:Parsed command line arguments: Namespace(log_base=None, log_level=None, verb_name='build', build_base='build', install_base='install', merge_install=False, symlink_install=False, test_result_base=None, continue_on_error=False, executor='parallel', parallel_workers=12, event_handlers=None, ignore_user_meta=False, metas=['./colcon.meta'], base_paths=['.'], packages_ignore=None, packages_ignore_regex=None, paths=None, packages_up_to=None, packages_up_to_regex=None, packages_above=None, packages_above_and_dependencies=None, packages_above_depth=None, packages_select_by_dep=None, packages_skip_by_dep=None, packages_skip_up_to=None, packages_select_build_failed=False, packages_skip_build_finished=False, packages_select_test_failures=False, packages_skip_test_passed=False, packages_select=None, packages_skip=None, packages_select_regex=None, packages_skip_regex=None, packages_start=None, packages_end=None, allow_overriding=[], cmake_args=None, cmake_target=None, cmake_target_skip_unavailable=False, cmake_clean_cache=False, cmake_clean_first=False, cmake_force_configure=False, ament_cmake_args=None, catkin_cmake_args=None, catkin_skip_building_tests=False, mixin_files=None, mixin=None, verb_parser=<colcon_mixin.mixin.mixin_argument.MixinArgumentDecorator object at 0x7915f468caa0>, verb_extension=<colcon_core.verb.build.BuildVerb object at 0x7915f47ac620>, main=<bound method BuildVerb.main of <colcon_core.verb.build.BuildVerb object at 0x7915f47ac620>>, mixin_verb=('build',))
[0.121s] Level 1:colcon.colcon_core.package_discovery:discover_packages(colcon_meta) check parameters
[0.121s] Level 1:colcon.colcon_core.package_discovery:discover_packages(recursive) check parameters
[0.121s] Level 1:colcon.colcon_core.package_discovery:discover_packages(ignore) check parameters
[0.121s] Level 1:colcon.colcon_core.package_discovery:discover_packages(path) check parameters
[0.121s] Level 1:colcon.colcon_core.package_discovery:discover_packages(colcon_meta) discover
[0.121s] Level 1:colcon.colcon_core.package_discovery:discover_packages(recursive) discover
[0.121s] INFO:colcon.colcon_core.package_discovery:Crawling recursively for packages in '/home/federico/Desktop/git/inverse_project/ros2_project'
[0.121s] Level 1:colcon.colcon_core.package_identification:_identify(.) by extensions ['ignore', 'ignore_ament_install']
[0.121s] Level 1:colcon.colcon_core.package_identification:_identify(.) by extension 'ignore'
[0.121s] Level 1:colcon.colcon_core.package_identification:_identify(.) by extension 'ignore_ament_install'
[0.121s] Level 1:colcon.colcon_core.package_identification:_identify(.) by extensions ['colcon_pkg']
[0.121s] Level 1:colcon.colcon_core.package_identification:_identify(.) by extension 'colcon_pkg'
[0.121s] Level 1:colcon.colcon_core.package_identification:_identify(.) by extensions ['colcon_meta']
[0.121s] Level 1:colcon.colcon_core.package_identification:_identify(.) by extension 'colcon_meta'
[0.121s] Level 1:colcon.colcon_core.package_identification:_identify(.) by extensions ['ros']
[0.121s] Level 1:colcon.colcon_core.package_identification:_identify(.) by extension 'ros'
[0.138s] Level 1:colcon.colcon_core.package_identification:_identify(.) by extensions ['cmake', 'python']
[0.138s] Level 1:colcon.colcon_core.package_identification:_identify(.) by extension 'cmake'
[0.139s] Level 1:colcon.colcon_core.package_identification:_identify(.) by extension 'python'
[0.139s] Level 1:colcon.colcon_core.package_identification:_identify(.) by extensions ['python_setup_py']
[0.139s] Level 1:colcon.colcon_core.package_identification:_identify(.) by extension 'python_setup_py'
[0.139s] Level 1:colcon.colcon_core.package_identification:_identify(build) by extensions ['ignore', 'ignore_ament_install']
[0.139s] Level 1:colcon.colcon_core.package_identification:_identify(build) by extension 'ignore'
[0.139s] Level 1:colcon.colcon_core.package_identification:_identify(build) ignored
[0.139s] Level 1:colcon.colcon_core.package_identification:_identify(install) by extensions ['ignore', 'ignore_ament_install']
[0.139s] Level 1:colcon.colcon_core.package_identification:_identify(install) by extension 'ignore'
[0.139s] Level 1:colcon.colcon_core.package_identification:_identify(install) ignored
[0.139s] Level 1:colcon.colcon_core.package_identification:_identify(log) by extensions ['ignore', 'ignore_ament_install']
[0.139s] Level 1:colcon.colcon_core.package_identification:_identify(log) by extension 'ignore'
[0.139s] Level 1:colcon.colcon_core.package_identification:_identify(log) ignored
[0.139s] Level 1:colcon.colcon_core.package_identification:_identify(robotic_arm) by extensions ['ignore', 'ignore_ament_install']
[0.139s] Level 1:colcon.colcon_core.package_identification:_identify(robotic_arm) by extension 'ignore'
[0.139s] Level 1:colcon.colcon_core.package_identification:_identify(robotic_arm) by extension 'ignore_ament_install'
[0.139s] Level 1:colcon.colcon_core.package_identification:_identify(robotic_arm) by extensions ['colcon_pkg']
[0.139s] Level 1:colcon.colcon_core.package_identification:_identify(robotic_arm) by extension 'colcon_pkg'
[0.139s] Level 1:colcon.colcon_core.package_identification:_identify(robotic_arm) by extensions ['colcon_meta']
[0.139s] Level 1:colcon.colcon_core.package_identification:_identify(robotic_arm) by extension 'colcon_meta'
[0.139s] Level 1:colcon.colcon_core.package_identification:_identify(robotic_arm) by extensions ['ros']
[0.139s] Level 1:colcon.colcon_core.package_identification:_identify(robotic_arm) by extension 'ros'
[0.142s] DEBUG:colcon.colcon_core.package_identification:Package 'robotic_arm' with type 'ros.ament_cmake' and name 'robotic_arm'
[0.142s] Level 1:colcon.colcon_core.package_discovery:discover_packages(recursive) using defaults
[0.142s] Level 1:colcon.colcon_core.package_discovery:discover_packages(ignore) discover
[0.142s] Level 1:colcon.colcon_core.package_discovery:discover_packages(ignore) using defaults
[0.142s] Level 1:colcon.colcon_core.package_discovery:discover_packages(path) discover
[0.142s] Level 1:colcon.colcon_core.package_discovery:discover_packages(path) using defaults
[0.155s] Level 1:colcon.colcon_core.package_discovery:discover_packages(prefix_path) check parameters
[0.155s] Level 1:colcon.colcon_core.package_discovery:discover_packages(prefix_path) discover
[0.156s] DEBUG:colcon.colcon_installed_package_information.package_discovery:Found 1 installed packages in /home/federico/Desktop/git/inverse_project/ros2_project/install
[0.157s] DEBUG:colcon.colcon_installed_package_information.package_discovery:Found 318 installed packages in /opt/ros/jazzy
[0.158s] Level 1:colcon.colcon_core.package_discovery:discover_packages(prefix_path) using defaults
[0.182s] Level 5:colcon.colcon_core.verb:set package 'robotic_arm' build argument 'cmake_args' from command line to 'None'
[0.182s] Level 5:colcon.colcon_core.verb:set package 'robotic_arm' build argument 'cmake_target' from command line to 'None'
[0.182s] Level 5:colcon.colcon_core.verb:set package 'robotic_arm' build argument 'cmake_target_skip_unavailable' from command line to 'False'
[0.182s] Level 5:colcon.colcon_core.verb:set package 'robotic_arm' build argument 'cmake_clean_cache' from command line to 'False'
[0.182s] Level 5:colcon.colcon_core.verb:set package 'robotic_arm' build argument 'cmake_clean_first' from command line to 'False'
[0.182s] Level 5:colcon.colcon_core.verb:set package 'robotic_arm' build argument 'cmake_force_configure' from command line to 'False'
[0.182s] Level 5:colcon.colcon_core.verb:set package 'robotic_arm' build argument 'ament_cmake_args' from command line to 'None'
[0.182s] Level 5:colcon.colcon_core.verb:set package 'robotic_arm' build argument 'catkin_cmake_args' from command line to 'None'
[0.182s] Level 5:colcon.colcon_core.verb:set package 'robotic_arm' build argument 'catkin_skip_building_tests' from command line to 'False'
[0.182s] DEBUG:colcon.colcon_core.verb:Building package 'robotic_arm' with the following arguments: {'ament_cmake_args': None, 'build_base': '/home/federico/Desktop/git/inverse_project/ros2_project/build/robotic_arm', 'catkin_cmake_args': None, 'catkin_skip_building_tests': False, 'cmake_args': None, 'cmake_clean_cache': False, 'cmake_clean_first': False, 'cmake_force_configure': False, 'cmake_target': None, 'cmake_target_skip_unavailable': False, 'install_base': '/home/federico/Desktop/git/inverse_project/ros2_project/install/robotic_arm', 'merge_install': False, 'path': '/home/federico/Desktop/git/inverse_project/ros2_project/robotic_arm', 'symlink_install': False, 'test_result_base': None}
[0.183s] INFO:colcon.colcon_core.executor:Executing jobs using 'parallel' executor
[0.183s] DEBUG:colcon.colcon_parallel_executor.executor.parallel:run_until_complete
[0.184s] INFO:colcon.colcon_ros.task.ament_cmake.build:Building ROS package in '/home/federico/Desktop/git/inverse_project/ros2_project/robotic_arm' with build type 'ament_cmake'
[0.184s] INFO:colcon.colcon_cmake.task.cmake.build:Building CMake package in '/home/federico/Desktop/git/inverse_project/ros2_project/robotic_arm'
[0.185s] INFO:colcon.colcon_core.plugin_system:Skipping extension 'colcon_core.shell.bat': Not used on non-Windows systems
[0.185s] INFO:colcon.colcon_core.shell:Skip shell extension 'powershell' for command environment: Not usable outside of PowerShell
[0.186s] DEBUG:colcon.colcon_core.shell:Skip shell extension 'dsv' for command environment
[0.193s] DEBUG:colcon.colcon_core.event_handler.log_command:Invoking command in '/home/federico/Desktop/git/inverse_project/ros2_project/build/robotic_arm': CMAKE_PREFIX_PATH=${CMAKE_PREFIX_PATH}:/opt/ros/jazzy DEBUGINFOD_URLS=https://debuginfod.ubuntu.com /usr/bin/cmake --build /home/federico/Desktop/git/inverse_project/ros2_project/build/robotic_arm -- -j12 -l12
[12.844s] DEBUG:colcon.colcon_core.event_handler.log_command:Invoked command in '/home/federico/Desktop/git/inverse_project/ros2_project/build/robotic_arm' returned '0': CMAKE_PREFIX_PATH=${CMAKE_PREFIX_PATH}:/opt/ros/jazzy DEBUGINFOD_URLS=https://debuginfod.ubuntu.com /usr/bin/cmake --build /home/federico/Desktop/git/inverse_project/ros2_project/build/robotic_arm -- -j12 -l12
[12.863s] DEBUG:colcon.colcon_core.event_handler.log_command:Invoking command in '/home/federico/Desktop/git/inverse_project/ros2_project/build/robotic_arm': CMAKE_PREFIX_PATH=${CMAKE_PREFIX_PATH}:/opt/ros/jazzy DEBUGINFOD_URLS=https://debuginfod.ubuntu.com /usr/bin/cmake --install /home/federico/Desktop/git/inverse_project/ros2_project/build/robotic_arm
[12.893s] Level 1:colcon.colcon_core.environment:create_environment_scripts_only(robotic_arm)
[12.893s] DEBUG:colcon.colcon_core.event_handler.log_command:Invoked command in '/home/federico/Desktop/git/inverse_project/ros2_project/build/robotic_arm' returned '0': CMAKE_PREFIX_PATH=${CMAKE_PREFIX_PATH}:/opt/ros/jazzy DEBUGINFOD_URLS=https://debuginfod.ubuntu.com /usr/bin/cmake --install /home/federico/Desktop/git/inverse_project/ros2_project/build/robotic_arm
[12.897s] Level 1:colcon.colcon_core.environment:checking '/home/federico/Desktop/git/inverse_project/ros2_project/install/robotic_arm' for CMake module files
[12.898s] Level 1:colcon.colcon_core.environment:checking '/home/federico/Desktop/git/inverse_project/ros2_project/install/robotic_arm' for CMake config files
[12.898s] Level 1:colcon.colcon_core.shell:create_environment_hook('robotic_arm', 'cmake_prefix_path')
[12.898s] INFO:colcon.colcon_core.shell:Creating environment hook '/home/federico/Desktop/git/inverse_project/ros2_project/install/robotic_arm/share/robotic_arm/hook/cmake_prefix_path.ps1'
[12.899s] INFO:colcon.colcon_core.shell:Creating environment descriptor '/home/federico/Desktop/git/inverse_project/ros2_project/install/robotic_arm/share/robotic_arm/hook/cmake_prefix_path.dsv'
[12.900s] INFO:colcon.colcon_core.shell:Creating environment hook '/home/federico/Desktop/git/inverse_project/ros2_project/install/robotic_arm/share/robotic_arm/hook/cmake_prefix_path.sh'
[12.901s] Level 1:colcon.colcon_core.environment:checking '/home/federico/Desktop/git/inverse_project/ros2_project/install/robotic_arm/lib'
[12.901s] Level 1:colcon.colcon_core.environment:checking '/home/federico/Desktop/git/inverse_project/ros2_project/install/robotic_arm/bin'
[12.901s] Level 1:colcon.colcon_core.environment:checking '/home/federico/Desktop/git/inverse_project/ros2_project/install/robotic_arm/lib/pkgconfig/robotic_arm.pc'
[12.902s] Level 1:colcon.colcon_core.environment:checking '/home/federico/Desktop/git/inverse_project/ros2_project/install/robotic_arm/lib/python3.12/site-packages'
[12.902s] Level 1:colcon.colcon_core.environment:checking '/home/federico/Desktop/git/inverse_project/ros2_project/install/robotic_arm/bin'
[12.902s] INFO:colcon.colcon_core.shell:Creating package script '/home/federico/Desktop/git/inverse_project/ros2_project/install/robotic_arm/share/robotic_arm/package.ps1'
[12.903s] INFO:colcon.colcon_core.shell:Creating package descriptor '/home/federico/Desktop/git/inverse_project/ros2_project/install/robotic_arm/share/robotic_arm/package.dsv'
[12.904s] INFO:colcon.colcon_core.shell:Creating package script '/home/federico/Desktop/git/inverse_project/ros2_project/install/robotic_arm/share/robotic_arm/package.sh'
[12.905s] INFO:colcon.colcon_core.shell:Creating package script '/home/federico/Desktop/git/inverse_project/ros2_project/install/robotic_arm/share/robotic_arm/package.bash'
[12.905s] INFO:colcon.colcon_core.shell:Creating package script '/home/federico/Desktop/git/inverse_project/ros2_project/install/robotic_arm/share/robotic_arm/package.zsh'
[12.906s] Level 1:colcon.colcon_core.environment:create_file_with_runtime_dependencies(/home/federico/Desktop/git/inverse_project/ros2_project/install/robotic_arm/share/colcon-core/packages/robotic_arm)
[12.907s] Level 1:colcon.colcon_core.environment:create_environment_scripts_only(robotic_arm)
[12.907s] Level 1:colcon.colcon_core.environment:checking '/home/federico/Desktop/git/inverse_project/ros2_project/install/robotic_arm' for CMake module files
[12.908s] Level 1:colcon.colcon_core.environment:checking '/home/federico/Desktop/git/inverse_project/ros2_project/install/robotic_arm' for CMake config files
[12.908s] Level 1:colcon.colcon_core.shell:create_environment_hook('robotic_arm', 'cmake_prefix_path')
[12.908s] INFO:colcon.colcon_core.shell:Creating environment hook '/home/federico/Desktop/git/inverse_project/ros2_project/install/robotic_arm/share/robotic_arm/hook/cmake_prefix_path.ps1'
[12.908s] INFO:colcon.colcon_core.shell:Creating environment descriptor '/home/federico/Desktop/git/inverse_project/ros2_project/install/robotic_arm/share/robotic_arm/hook/cmake_prefix_path.dsv'
[12.909s] INFO:colcon.colcon_core.shell:Creating environment hook '/home/federico/Desktop/git/inverse_project/ros2_project/install/robotic_arm/share/robotic_arm/hook/cmake_prefix_path.sh'
[12.910s] Level 1:colcon.colcon_core.environment:checking '/home/federico/Desktop/git/inverse_project/ros2_project/install/robotic_arm/lib'
[12.910s] Level 1:colcon.colcon_core.environment:checking '/home/federico/Desktop/git/inverse_project/ros2_project/install/robotic_arm/bin'
[12.910s] Level 1:colcon.colcon_core.environment:checking '/home/federico/Desktop/git/inverse_project/ros2_project/install/robotic_arm/lib/pkgconfig/robotic_arm.pc'
[12.910s] Level 1:colcon.colcon_core.environment:checking '/home/federico/Desktop/git/inverse_project/ros2_project/install/robotic_arm/lib/python3.12/site-packages'
[12.910s] Level 1:colcon.colcon_core.environment:checking '/home/federico/Desktop/git/inverse_project/ros2_project/install/robotic_arm/bin'
[12.911s] INFO:colcon.colcon_core.shell:Creating package script '/home/federico/Desktop/git/inverse_project/ros2_project/install/robotic_arm/share/robotic_arm/package.ps1'
[12.911s] INFO:colcon.colcon_core.shell:Creating package descriptor '/home/federico/Desktop/git/inverse_project/ros2_project/install/robotic_arm/share/robotic_arm/package.dsv'
[12.912s] INFO:colcon.colcon_core.shell:Creating package script '/home/federico/Desktop/git/inverse_project/ros2_project/install/robotic_arm/share/robotic_arm/package.sh'
[12.913s] INFO:colcon.colcon_core.shell:Creating package script '/home/federico/Desktop/git/inverse_project/ros2_project/install/robotic_arm/share/robotic_arm/package.bash'
[12.913s] INFO:colcon.colcon_core.shell:Creating package script '/home/federico/Desktop/git/inverse_project/ros2_project/install/robotic_arm/share/robotic_arm/package.zsh'
[12.914s] Level 1:colcon.colcon_core.environment:create_file_with_runtime_dependencies(/home/federico/Desktop/git/inverse_project/ros2_project/install/robotic_arm/share/colcon-core/packages/robotic_arm)
[12.914s] DEBUG:colcon.colcon_parallel_executor.executor.parallel:closing loop
[12.914s] DEBUG:colcon.colcon_parallel_executor.executor.parallel:loop closed
[12.915s] DEBUG:colcon.colcon_parallel_executor.executor.parallel:run_until_complete finished with '0'
[12.915s] DEBUG:colcon.colcon_core.event_reactor:joining thread
[12.923s] INFO:colcon.colcon_core.plugin_system:Skipping extension 'colcon_notification.desktop_notification.terminal_notifier': Not used on non-Darwin systems
[12.923s] INFO:colcon.colcon_core.plugin_system:Skipping extension 'colcon_notification.desktop_notification.win32': Not used on non-Windows systems
[12.924s] INFO:colcon.colcon_notification.desktop_notification:Sending desktop notification using 'notify2'
[12.946s] DEBUG:colcon.colcon_core.event_reactor:joined thread
[12.947s] INFO:colcon.colcon_core.shell:Creating prefix script '/home/federico/Desktop/git/inverse_project/ros2_project/install/local_setup.ps1'
[12.948s] INFO:colcon.colcon_core.shell:Creating prefix util module '/home/federico/Desktop/git/inverse_project/ros2_project/install/_local_setup_util_ps1.py'
[12.950s] INFO:colcon.colcon_core.shell:Creating prefix chain script '/home/federico/Desktop/git/inverse_project/ros2_project/install/setup.ps1'
[12.951s] INFO:colcon.colcon_core.shell:Creating prefix script '/home/federico/Desktop/git/inverse_project/ros2_project/install/local_setup.sh'
[12.952s] INFO:colcon.colcon_core.shell:Creating prefix util module '/home/federico/Desktop/git/inverse_project/ros2_project/install/_local_setup_util_sh.py'
[12.953s] INFO:colcon.colcon_core.shell:Creating prefix chain script '/home/federico/Desktop/git/inverse_project/ros2_project/install/setup.sh'
[12.954s] INFO:colcon.colcon_core.shell:Creating prefix script '/home/federico/Desktop/git/inverse_project/ros2_project/install/local_setup.bash'
[12.955s] INFO:colcon.colcon_core.shell:Creating prefix chain script '/home/federico/Desktop/git/inverse_project/ros2_project/install/setup.bash'
[12.956s] INFO:colcon.colcon_core.shell:Creating prefix script '/home/federico/Desktop/git/inverse_project/ros2_project/install/local_setup.zsh'
[12.956s] INFO:colcon.colcon_core.shell:Creating prefix chain script '/home/federico/Desktop/git/inverse_project/ros2_project/install/setup.zsh'
