[0.010s] Invoking command in '/home/federico/Desktop/git/inverse_project/ros2_project/build/robotic_arm': CMAKE_PREFIX_PATH=${CMAKE_PREFIX_PATH}:/opt/ros/jazzy DEBUGINFOD_URLS=https://debuginfod.ubuntu.com /usr/bin/cmake --build /home/federico/Desktop/git/inverse_project/ros2_project/build/robotic_arm -- -j12 -l12
[0.105s] [ 40%] Built target coordinatesPub
[0.130s] [ 60%] [32mBuilding CXX object CMakeFiles/drawPub.dir/src/dh_params.cpp.o[0m
[6.535s] [ 80%] [32m[1mLinking CXX executable drawPub[0m
[6.957s] [100%] Built target drawPub
[6.972s] Invoked command in '/home/federico/Desktop/git/inverse_project/ros2_project/build/robotic_arm' returned '0': CMAKE_PREFIX_PATH=${CMAKE_PREFIX_PATH}:/opt/ros/jazzy DEBUGINFOD_URLS=https://debuginfod.ubuntu.com /usr/bin/cmake --build /home/federico/Desktop/git/inverse_project/ros2_project/build/robotic_arm -- -j12 -l12
[6.988s] Invoking command in '/home/federico/Desktop/git/inverse_project/ros2_project/build/robotic_arm': CMAKE_PREFIX_PATH=${CMAKE_PREFIX_PATH}:/opt/ros/jazzy DEBUGINFOD_URLS=https://debuginfod.ubuntu.com /usr/bin/cmake --install /home/federico/Desktop/git/inverse_project/ros2_project/build/robotic_arm
[7.002s] -- Install configuration: ""
[7.002s] -- Up-to-date: /home/federico/Desktop/git/inverse_project/ros2_project/install/robotic_arm/share/robotic_arm/config
[7.002s] -- Up-to-date: /home/federico/Desktop/git/inverse_project/ros2_project/install/robotic_arm/share/robotic_arm/config/dh_params.yaml
[7.003s] -- Installing: /home/federico/Desktop/git/inverse_project/ros2_project/install/robotic_arm/lib/robotic_arm/drawPub
[7.013s] -- Set non-toolchain portion of runtime path of "/home/federico/Desktop/git/inverse_project/ros2_project/install/robotic_arm/lib/robotic_arm/drawPub" to ""
[7.014s] -- Up-to-date: /home/federico/Desktop/git/inverse_project/ros2_project/install/robotic_arm/lib/robotic_arm/coordinatesPub
[7.014s] -- Up-to-date: /home/federico/Desktop/git/inverse_project/ros2_project/install/robotic_arm/share/ament_index/resource_index/package_run_dependencies/robotic_arm
[7.014s] -- Up-to-date: /home/federico/Desktop/git/inverse_project/ros2_project/install/robotic_arm/share/ament_index/resource_index/parent_prefix_path/robotic_arm
[7.014s] -- Up-to-date: /home/federico/Desktop/git/inverse_project/ros2_project/install/robotic_arm/share/robotic_arm/environment/ament_prefix_path.sh
[7.014s] -- Up-to-date: /home/federico/Desktop/git/inverse_project/ros2_project/install/robotic_arm/share/robotic_arm/environment/ament_prefix_path.dsv
[7.014s] -- Up-to-date: /home/federico/Desktop/git/inverse_project/ros2_project/install/robotic_arm/share/robotic_arm/environment/path.sh
[7.015s] -- Up-to-date: /home/federico/Desktop/git/inverse_project/ros2_project/install/robotic_arm/share/robotic_arm/environment/path.dsv
[7.015s] -- Up-to-date: /home/federico/Desktop/git/inverse_project/ros2_project/install/robotic_arm/share/robotic_arm/local_setup.bash
[7.015s] -- Up-to-date: /home/federico/Desktop/git/inverse_project/ros2_project/install/robotic_arm/share/robotic_arm/local_setup.sh
[7.015s] -- Up-to-date: /home/federico/Desktop/git/inverse_project/ros2_project/install/robotic_arm/share/robotic_arm/local_setup.zsh
[7.015s] -- Up-to-date: /home/federico/Desktop/git/inverse_project/ros2_project/install/robotic_arm/share/robotic_arm/local_setup.dsv
[7.015s] -- Installing: /home/federico/Desktop/git/inverse_project/ros2_project/install/robotic_arm/share/robotic_arm/package.dsv
[7.015s] -- Up-to-date: /home/federico/Desktop/git/inverse_project/ros2_project/install/robotic_arm/share/ament_index/resource_index/packages/robotic_arm
[7.015s] -- Up-to-date: /home/federico/Desktop/git/inverse_project/ros2_project/install/robotic_arm/share/robotic_arm/cmake/robotic_armConfig.cmake
[7.015s] -- Up-to-date: /home/federico/Desktop/git/inverse_project/ros2_project/install/robotic_arm/share/robotic_arm/cmake/robotic_armConfig-version.cmake
[7.015s] -- Up-to-date: /home/federico/Desktop/git/inverse_project/ros2_project/install/robotic_arm/share/robotic_arm/package.xml
[7.017s] Invoked command in '/home/federico/Desktop/git/inverse_project/ros2_project/build/robotic_arm' returned '0': CMAKE_PREFIX_PATH=${CMAKE_PREFIX_PATH}:/opt/ros/jazzy DEBUGINFOD_URLS=https://debuginfod.ubuntu.com /usr/bin/cmake --install /home/federico/Desktop/git/inverse_project/ros2_project/build/robotic_arm
