[0.009s] Invoking command in '/home/federico/Desktop/git/inverse_project/ros2_project/robotic_arm/build/robotic_arm': CMAKE_PREFIX_PATH=${CMAKE_PREFIX_PATH}:/opt/ros/jazzy DEBUGINFOD_URLS=https://debuginfod.ubuntu.com /usr/bin/cmake --build /home/federico/Desktop/git/inverse_project/ros2_project/robotic_arm/build/robotic_arm -- -j12 -l12
[0.127s] [ 33%] [32mBuilding CXX object CMakeFiles/publisher.dir/src/robotic_arm_node.cpp.o[0m
[2.345s] [01m[K/home/federico/Desktop/git/inverse_project/ros2_project/robotic_arm/src/robotic_arm_node.cpp:[m[K In constructor ‘[01m[KRoboticArmNode::[01;32m[KRoboticArmNode[m[K()[m[K’:
[2.345s] [01m[K/home/federico/Desktop/git/inverse_project/ros2_project/robotic_arm/src/robotic_arm_node.cpp:35:27:[m[K [01;35m[Kwarning: [m[Kcomparison of integer expressions of different signedness: ‘[01m[Kint[m[K’ and ‘[01m[Kstd::vector<DHParams>::size_type[m[K’ {aka ‘[01m[Klong unsigned int[m[K’} [[01;35m[K]8;;https://gcc.gnu.org/onlinedocs/gcc/Warning-Options.html#index-Wsign-compare-Wsign-compare]8;;[m[K]
[2.345s]    35 |         for (auto i = 0; [01;35m[Ki< dh_params_.size()[m[K; i++){
[2.345s]       |                          [01;35m[K~^~~~~~~~~~~~~~~~~~~[m[K
[2.348s] [01m[K/home/federico/Desktop/git/inverse_project/ros2_project/robotic_arm/src/robotic_arm_node.cpp:[m[K In member function ‘[01m[Kvoid RoboticArmNode::[01;32m[KpublishPointsAndLines[m[K()[m[K’:
[2.348s] [01m[K/home/federico/Desktop/git/inverse_project/ros2_project/robotic_arm/src/robotic_arm_node.cpp:94:26:[m[K [01;35m[Kwarning: [m[Kcomparison of integer expressions of different signedness: ‘[01m[Kint[m[K’ and ‘[01m[Kstd::vector<Eigen::Matrix<double, 4, 4> >::size_type[m[K’ {aka ‘[01m[Klong unsigned int[m[K’} [[01;35m[K]8;;https://gcc.gnu.org/onlinedocs/gcc/Warning-Options.html#index-Wsign-compare-Wsign-compare]8;;[m[K]
[2.348s]    94 |         for(auto i = 0; [01;35m[Ki<transforms.size()[m[K; i++){
[2.348s]       |                         [01;35m[K~^~~~~~~~~~~~~~~~~~[m[K
[2.350s] [01m[K/home/federico/Desktop/git/inverse_project/ros2_project/robotic_arm/src/robotic_arm_node.cpp:128:45:[m[K [01;31m[Kerror: [m[K‘[01m[Kusing visualization_msgs::msg::MarkerArray = struct visualization_msgs::msg::MarkerArray_<std::allocator<void> >[m[K’ {aka ‘[01m[Kstruct visualization_msgs::msg::MarkerArray_<std::allocator<void> >[m[K’} has no member named ‘[01m[Ksize[m[K’
[2.350s]   128 |         for (auto o = 0; o < linesAndPoints.[01;31m[Ksize[m[K()-1; o++){
[2.350s]       |                                             [01;31m[K^~~~[m[K
[2.350s] [01m[K/home/federico/Desktop/git/inverse_project/ros2_project/robotic_arm/src/robotic_arm_node.cpp:134:40:[m[K [01;31m[Kerror: [m[K‘[01m[Kusing visualization_msgs::msg::MarkerArray = struct visualization_msgs::msg::MarkerArray_<std::allocator<void> >[m[K’ {aka ‘[01m[Kstruct visualization_msgs::msg::MarkerArray_<std::allocator<void> >[m[K’} has no member named ‘[01m[Ksize[m[K’
[2.350s]   134 |             line.id = o+linesAndPoints.[01;31m[Ksize[m[K();
[2.350s]       |                                        [01;31m[K^~~~[m[K
[3.731s] gmake[2]: *** [CMakeFiles/publisher.dir/build.make:76: CMakeFiles/publisher.dir/src/robotic_arm_node.cpp.o] Error 1
[3.731s] gmake[1]: *** [CMakeFiles/Makefile2:137: CMakeFiles/publisher.dir/all] Error 2
[3.732s] gmake: *** [Makefile:146: all] Error 2
[3.734s] Invoked command in '/home/federico/Desktop/git/inverse_project/ros2_project/robotic_arm/build/robotic_arm' returned '2': CMAKE_PREFIX_PATH=${CMAKE_PREFIX_PATH}:/opt/ros/jazzy DEBUGINFOD_URLS=https://debuginfod.ubuntu.com /usr/bin/cmake --build /home/federico/Desktop/git/inverse_project/ros2_project/robotic_arm/build/robotic_arm -- -j12 -l12
