[0.007s] Invoking command in '/home/federico/Desktop/git/rp_03_ros_basics/src/build/rp_simple_controller': CMAKE_PREFIX_PATH=${CMAKE_PREFIX_PATH}:/opt/ros/jazzy DEBUGINFOD_URLS=https://debuginfod.ubuntu.com /usr/bin/cmake --build /home/federico/Desktop/git/rp_03_ros_basics/src/build/rp_simple_controller -- -j12 -l12
[0.054s] [ 50%] [32mBuilding CXX object CMakeFiles/turtle_square.dir/src/turtle_square.cpp.o[0m
[2.542s] [100%] [32m[1mLinking CXX executable turtle_square[0m
[2.659s] [100%] Built target turtle_square
[2.668s] Invoked command in '/home/federico/Desktop/git/rp_03_ros_basics/src/build/rp_simple_controller' returned '0': CMAKE_PREFIX_PATH=${CMAKE_PREFIX_PATH}:/opt/ros/jazzy DEBUGINFOD_URLS=https://debuginfod.ubuntu.com /usr/bin/cmake --build /home/federico/Desktop/git/rp_03_ros_basics/src/build/rp_simple_controller -- -j12 -l12
[2.676s] Invoking command in '/home/federico/Desktop/git/rp_03_ros_basics/src/build/rp_simple_controller': CMAKE_PREFIX_PATH=${CMAKE_PREFIX_PATH}:/opt/ros/jazzy DEBUGINFOD_URLS=https://debuginfod.ubuntu.com /usr/bin/cmake --install /home/federico/Desktop/git/rp_03_ros_basics/src/build/rp_simple_controller
[2.683s] -- Install configuration: ""
[2.683s] -- Installing: /home/federico/Desktop/git/rp_03_ros_basics/src/install/rp_simple_controller/lib/rp_simple_controller/turtle_square
[2.684s] -- Set non-toolchain portion of runtime path of "/home/federico/Desktop/git/rp_03_ros_basics/src/install/rp_simple_controller/lib/rp_simple_controller/turtle_square" to ""
[2.684s] -- Up-to-date: /home/federico/Desktop/git/rp_03_ros_basics/src/install/rp_simple_controller/share/ament_index/resource_index/package_run_dependencies/rp_simple_controller
[2.684s] -- Up-to-date: /home/federico/Desktop/git/rp_03_ros_basics/src/install/rp_simple_controller/share/ament_index/resource_index/parent_prefix_path/rp_simple_controller
[2.684s] -- Up-to-date: /home/federico/Desktop/git/rp_03_ros_basics/src/install/rp_simple_controller/share/rp_simple_controller/environment/ament_prefix_path.sh
[2.684s] -- Up-to-date: /home/federico/Desktop/git/rp_03_ros_basics/src/install/rp_simple_controller/share/rp_simple_controller/environment/ament_prefix_path.dsv
[2.684s] -- Up-to-date: /home/federico/Desktop/git/rp_03_ros_basics/src/install/rp_simple_controller/share/rp_simple_controller/environment/path.sh
[2.684s] -- Up-to-date: /home/federico/Desktop/git/rp_03_ros_basics/src/install/rp_simple_controller/share/rp_simple_controller/environment/path.dsv
[2.685s] -- Up-to-date: /home/federico/Desktop/git/rp_03_ros_basics/src/install/rp_simple_controller/share/rp_simple_controller/local_setup.bash
[2.685s] -- Up-to-date: /home/federico/Desktop/git/rp_03_ros_basics/src/install/rp_simple_controller/share/rp_simple_controller/local_setup.sh
[2.685s] -- Up-to-date: /home/federico/Desktop/git/rp_03_ros_basics/src/install/rp_simple_controller/share/rp_simple_controller/local_setup.zsh
[2.685s] -- Up-to-date: /home/federico/Desktop/git/rp_03_ros_basics/src/install/rp_simple_controller/share/rp_simple_controller/local_setup.dsv
[2.685s] -- Installing: /home/federico/Desktop/git/rp_03_ros_basics/src/install/rp_simple_controller/share/rp_simple_controller/package.dsv
[2.685s] -- Up-to-date: /home/federico/Desktop/git/rp_03_ros_basics/src/install/rp_simple_controller/share/ament_index/resource_index/packages/rp_simple_controller
[2.685s] -- Up-to-date: /home/federico/Desktop/git/rp_03_ros_basics/src/install/rp_simple_controller/share/rp_simple_controller/cmake/rp_simple_controllerConfig.cmake
[2.686s] -- Up-to-date: /home/federico/Desktop/git/rp_03_ros_basics/src/install/rp_simple_controller/share/rp_simple_controller/cmake/rp_simple_controllerConfig-version.cmake
[2.686s] -- Up-to-date: /home/federico/Desktop/git/rp_03_ros_basics/src/install/rp_simple_controller/share/rp_simple_controller/package.xml
[2.686s] Invoked command in '/home/federico/Desktop/git/rp_03_ros_basics/src/build/rp_simple_controller' returned '0': CMAKE_PREFIX_PATH=${CMAKE_PREFIX_PATH}:/opt/ros/jazzy DEBUGINFOD_URLS=https://debuginfod.ubuntu.com /usr/bin/cmake --install /home/federico/Desktop/git/rp_03_ros_basics/src/build/rp_simple_controller
