[0.011s] Invoking command in '/home/federico/Desktop/git/inverse_project/ros2_project/build/robotic_arm': CMAKE_PREFIX_PATH=${CMAKE_PREFIX_PATH}:/opt/ros/jazzy DEBUGINFOD_URLS=https://debuginfod.ubuntu.com /usr/bin/cmake --build /home/federico/Desktop/git/inverse_project/ros2_project/build/robotic_arm -- -j12 -l12
[0.126s] [ 20%] [32mBuilding CXX object CMakeFiles/coordinatesPub.dir/src/coordinates_node.cpp.o[0m
[0.145s] [ 80%] Built target drawPub
[2.877s] [100%] [32m[1mLinking CXX executable coordinatesPub[0m
[3.075s] [100%] Built target coordinatesPub
[3.091s] Invoked command in '/home/federico/Desktop/git/inverse_project/ros2_project/build/robotic_arm' returned '0': CMAKE_PREFIX_PATH=${CMAKE_PREFIX_PATH}:/opt/ros/jazzy DEBUGINFOD_URLS=https://debuginfod.ubuntu.com /usr/bin/cmake --build /home/federico/Desktop/git/inverse_project/ros2_project/build/robotic_arm -- -j12 -l12
[3.104s] Invoking command in '/home/federico/Desktop/git/inverse_project/ros2_project/build/robotic_arm': CMAKE_PREFIX_PATH=${CMAKE_PREFIX_PATH}:/opt/ros/jazzy DEBUGINFOD_URLS=https://debuginfod.ubuntu.com /usr/bin/cmake --install /home/federico/Desktop/git/inverse_project/ros2_project/build/robotic_arm
[3.116s] -- Install configuration: ""
[3.116s] -- Up-to-date: /home/federico/Desktop/git/inverse_project/ros2_project/install/robotic_arm/share/robotic_arm/config
[3.116s] -- Installing: /home/federico/Desktop/git/inverse_project/ros2_project/install/robotic_arm/share/robotic_arm/config/dh_params.yaml
[3.116s] -- Installing: /home/federico/Desktop/git/inverse_project/ros2_project/install/robotic_arm/lib/robotic_arm/drawPub
[3.121s] -- Set non-toolchain portion of runtime path of "/home/federico/Desktop/git/inverse_project/ros2_project/install/robotic_arm/lib/robotic_arm/drawPub" to ""
[3.121s] -- Installing: /home/federico/Desktop/git/inverse_project/ros2_project/install/robotic_arm/lib/robotic_arm/coordinatesPub
[3.123s] -- Set non-toolchain portion of runtime path of "/home/federico/Desktop/git/inverse_project/ros2_project/install/robotic_arm/lib/robotic_arm/coordinatesPub" to ""
[3.123s] -- Up-to-date: /home/federico/Desktop/git/inverse_project/ros2_project/install/robotic_arm/share/ament_index/resource_index/package_run_dependencies/robotic_arm
[3.123s] -- Up-to-date: /home/federico/Desktop/git/inverse_project/ros2_project/install/robotic_arm/share/ament_index/resource_index/parent_prefix_path/robotic_arm
[3.123s] -- Up-to-date: /home/federico/Desktop/git/inverse_project/ros2_project/install/robotic_arm/share/robotic_arm/environment/ament_prefix_path.sh
[3.124s] -- Up-to-date: /home/federico/Desktop/git/inverse_project/ros2_project/install/robotic_arm/share/robotic_arm/environment/ament_prefix_path.dsv
[3.124s] -- Up-to-date: /home/federico/Desktop/git/inverse_project/ros2_project/install/robotic_arm/share/robotic_arm/environment/path.sh
[3.124s] -- Up-to-date: /home/federico/Desktop/git/inverse_project/ros2_project/install/robotic_arm/share/robotic_arm/environment/path.dsv
[3.124s] -- Up-to-date: /home/federico/Desktop/git/inverse_project/ros2_project/install/robotic_arm/share/robotic_arm/local_setup.bash
[3.124s] -- Up-to-date: /home/federico/Desktop/git/inverse_project/ros2_project/install/robotic_arm/share/robotic_arm/local_setup.sh
[3.124s] -- Up-to-date: /home/federico/Desktop/git/inverse_project/ros2_project/install/robotic_arm/share/robotic_arm/local_setup.zsh
[3.124s] -- Up-to-date: /home/federico/Desktop/git/inverse_project/ros2_project/install/robotic_arm/share/robotic_arm/local_setup.dsv
[3.125s] -- Installing: /home/federico/Desktop/git/inverse_project/ros2_project/install/robotic_arm/share/robotic_arm/package.dsv
[3.125s] -- Up-to-date: /home/federico/Desktop/git/inverse_project/ros2_project/install/robotic_arm/share/ament_index/resource_index/packages/robotic_arm
[3.125s] -- Up-to-date: /home/federico/Desktop/git/inverse_project/ros2_project/install/robotic_arm/share/robotic_arm/cmake/robotic_armConfig.cmake
[3.125s] -- Up-to-date: /home/federico/Desktop/git/inverse_project/ros2_project/install/robotic_arm/share/robotic_arm/cmake/robotic_armConfig-version.cmake
[3.125s] -- Up-to-date: /home/federico/Desktop/git/inverse_project/ros2_project/install/robotic_arm/share/robotic_arm/package.xml
[3.126s] Invoked command in '/home/federico/Desktop/git/inverse_project/ros2_project/build/robotic_arm' returned '0': CMAKE_PREFIX_PATH=${CMAKE_PREFIX_PATH}:/opt/ros/jazzy DEBUGINFOD_URLS=https://debuginfod.ubuntu.com /usr/bin/cmake --install /home/federico/Desktop/git/inverse_project/ros2_project/build/robotic_arm
