[0.006s] Invoking command in '/home/federico/Desktop/git/inverse_project/ros2_project/build/robotic_arm': CMAKE_PREFIX_PATH=${CMAKE_PREFIX_PATH}:/opt/ros/jazzy DEBUGINFOD_URLS=https://debuginfod.ubuntu.com /usr/bin/cmake --build /home/federico/Desktop/git/inverse_project/ros2_project/build/robotic_arm -- -j12 -l12
[0.064s] [ 33%] [32mBuilding CXX object CMakeFiles/publisher.dir/src/robotic_arm_node.cpp.o[0m
[1.310s] [01m[K/home/federico/Desktop/git/inverse_project/ros2_project/robotic_arm/src/robotic_arm_node.cpp:44:23:[m[K [01;31m[Kerror: [m[K‘[01m[Kvisualization_msg[m[K’ was not declared in this scope; did you mean ‘[01m[Kvisualization_msgs[m[K’?
[1.310s]    44 |     rclcpp::Publisher<[01;31m[Kvisualization_msg[m[K::msg::Marker>::SharedPtr pointPublisher_;
[1.310s]       |                       [01;31m[K^~~~~~~~~~~~~~~~~[m[K
[1.310s]       |                       [32m[Kvisualization_msgs[m[K
[1.310s] [01m[K/home/federico/Desktop/git/inverse_project/ros2_project/robotic_arm/src/robotic_arm_node.cpp:44:53:[m[K [01;31m[Kerror: [m[Ktemplate argument 1 is invalid
[1.310s]    44 |     rclcpp::Publisher<visualization_msg::msg::Marker[01;31m[K>[m[K::SharedPtr pointPublisher_;
[1.310s]       |                                                     [01;31m[K^[m[K
[1.310s] [01m[K/home/federico/Desktop/git/inverse_project/ros2_project/robotic_arm/src/robotic_arm_node.cpp:44:56:[m[K [01;31m[Kerror: [m[Kexpected ‘[01m[K;[m[K’ at end of member declaration
[1.310s]    44 |     rclcpp::Publisher<visualization_msg::msg::Marker>::[01;31m[KSharedPtr[m[K pointPublisher_;
[1.310s]       |                                                        [01;31m[K^~~~~~~~~[m[K
[1.310s]       |                                                                 [32m[K;[m[K
[1.312s] [01m[K/home/federico/Desktop/git/inverse_project/ros2_project/robotic_arm/src/robotic_arm_node.cpp:44:66:[m[K [01;31m[Kerror: [m[K‘[01m[KpointPublisher_[m[K’ does not name a type
[1.312s]    44 | clcpp::Publisher<visualization_msg::msg::Marker>::SharedPtr [01;31m[KpointPublisher_[m[K;
[1.312s]       |                                                             [01;31m[K^~~~~~~~~~~~~~~[m[K
[1.312s] 
[1.319s] [01m[K/home/federico/Desktop/git/inverse_project/ros2_project/robotic_arm/src/robotic_arm_node.cpp:[m[K In constructor ‘[01m[KRoboticArmNode::[01;32m[KRoboticArmNode[m[K()[m[K’:
[1.319s] [01m[K/home/federico/Desktop/git/inverse_project/ros2_project/robotic_arm/src/robotic_arm_node.cpp:22:9:[m[K [01;31m[Kerror: [m[K‘[01m[KpointPublisher_[m[K’ was not declared in this scope; did you mean ‘[01m[Kcount_publishers[m[K’?
[1.319s]    22 |         [01;31m[KpointPublisher_[m[K = this->create_publisher<visualization_msg::Marker>("point", 10);
[1.319s]       |         [01;31m[K^~~~~~~~~~~~~~~[m[K
[1.319s]       |         [32m[Kcount_publishers[m[K
[1.323s] [01m[K/home/federico/Desktop/git/inverse_project/ros2_project/robotic_arm/src/robotic_arm_node.cpp:22:50:[m[K [01;31m[Kerror: [m[K‘[01m[Kvisualization_msg[m[K’ was not declared in this scope; did you mean ‘[01m[Kvisualization_msgs[m[K’?
[1.323s]    22 |         pointPublisher_ = this->create_publisher<[01;31m[Kvisualization_msg[m[K::Marker>("point", 10);
[1.323s]       |                                                  [01;31m[K^~~~~~~~~~~~~~~~~[m[K
[1.323s]       |                                                  [32m[Kvisualization_msgs[m[K
[1.323s] [01m[K/home/federico/Desktop/git/inverse_project/ros2_project/robotic_arm/src/robotic_arm_node.cpp:22:33:[m[K [01;31m[Kerror: [m[Kparse error in template argument list
[1.323s]    22 |         pointPublisher_ = this->[01;31m[Kcreate_publisher<visualization_msg::Marker>[m[K("point", 10);
[1.324s]       |                                 [01;31m[K^~~~~~~~~~~~~~~~~~~~~~~~~~~~~~~~~~~~~~~~~~~[m[K
[1.324s] [01m[K/home/federico/Desktop/git/inverse_project/ros2_project/robotic_arm/src/robotic_arm_node.cpp:22:76:[m[K [01;31m[Kerror: [m[Kno matching function for call to ‘[01m[KRoboticArmNode::create_publisher<<expression error> >(const char [6], int)[m[K’
[1.324s]    22 | blisher_ = [01;31m[Kthis->create_publisher<visualization_msg::Marker>("point", 10)[m[K;
[1.324s]       |            [01;31m[K~~~~~~~~~~~~~~~~~~~~~~~~~~~~~~~~~~~~~~~~~~~~~~~~~^~~~~~~~~~~~~[m[K
[1.324s] 
[1.324s] In file included from [01m[K/opt/ros/jazzy/include/rclcpp/rclcpp/node.hpp:1663[m[K,
[1.324s]                  from [01m[K/opt/ros/jazzy/include/rclcpp/rclcpp/executors/single_threaded_executor.hpp:28[m[K,
[1.324s]                  from [01m[K/opt/ros/jazzy/include/rclcpp/rclcpp/executors.hpp:22[m[K,
[1.325s]                  from [01m[K/opt/ros/jazzy/include/rclcpp/rclcpp/rclcpp.hpp:172[m[K,
[1.325s]                  from [01m[K/home/federico/Desktop/git/inverse_project/ros2_project/robotic_arm/src/robotic_arm_node.cpp:4[m[K:
[1.325s] [01m[K/opt/ros/jazzy/include/rclcpp/rclcpp/node_impl.hpp:73:1:[m[K [01;36m[Knote: [m[Kcandidate: ‘[01m[Ktemplate<class MessageT, class AllocatorT, class PublisherT> std::shared_ptr<PublisherT> rclcpp::Node::[01;32m[Kcreate_publisher[m[K(const std::string&, const rclcpp::QoS&, const rclcpp::PublisherOptionsWithAllocator<AllocatorT>&)[m[K’
[1.325s]    73 | [01;36m[KNode[m[K::create_publisher(
[1.325s]       | [01;36m[K^~~~[m[K
[1.325s] [01m[K/opt/ros/jazzy/include/rclcpp/rclcpp/node_impl.hpp:73:1:[m[K [01;36m[Knote: [m[K  template argument deduction/substitution failed:
[1.325s] [01m[K/home/federico/Desktop/git/inverse_project/ros2_project/robotic_arm/src/robotic_arm_node.cpp:22:76:[m[K [01;31m[Kerror: [m[Ktemplate argument 1 is invalid
[1.325s]    22 | blisher_ = [01;31m[Kthis->create_publisher<visualization_msg::Marker>("point", 10)[m[K;
[1.325s]       |            [01;31m[K~~~~~~~~~~~~~~~~~~~~~~~~~~~~~~~~~~~~~~~~~~~~~~~~~^~~~~~~~~~~~~[m[K
[1.325s] 
[1.330s] [01m[K/home/federico/Desktop/git/inverse_project/ros2_project/robotic_arm/src/robotic_arm_node.cpp:[m[K In member function ‘[01m[Kvoid RoboticArmNode::[01;32m[KpublishPoint[m[K()[m[K’:
[1.330s] [01m[K/home/federico/Desktop/git/inverse_project/ros2_project/robotic_arm/src/robotic_arm_node.cpp:47:9:[m[K [01;31m[Kerror: [m[K‘[01m[Kvisualization_msg[m[K’ has not been declared
[1.330s]    47 |         [01;31m[Kvisualization_msg[m[K::msg::Marker point;
[1.331s]       |         [01;31m[K^~~~~~~~~~~~~~~~~[m[K
[1.334s] [01m[K/home/federico/Desktop/git/inverse_project/ros2_project/robotic_arm/src/robotic_arm_node.cpp:48:9:[m[K [01;31m[Kerror: [m[K‘[01m[Kpoint[m[K’ was not declared in this scope
[1.335s]    48 |         [01;31m[Kpoint[m[K.header.frame_id = "map";
[1.335s]       |         [01;31m[K^~~~~[m[K
[1.335s] [01m[K/home/federico/Desktop/git/inverse_project/ros2_project/robotic_arm/src/robotic_arm_node.cpp:53:22:[m[K [01;31m[Kerror: [m[K‘[01m[Kvisualization_msg[m[K’ has not been declared
[1.335s]    53 |         point.type = [01;31m[Kvisualization_msg[m[K::msg::Marker::SPHERE;
[1.335s]       |                      [01;31m[K^~~~~~~~~~~~~~~~~[m[K
[1.335s] [01m[K/home/federico/Desktop/git/inverse_project/ros2_project/robotic_arm/src/robotic_arm_node.cpp:54:24:[m[K [01;31m[Kerror: [m[K‘[01m[Kvisualization_msg[m[K’ has not been declared
[1.335s]    54 |         point.action = [01;31m[Kvisualization_msg[m[K::msg::Marker::ADD;
[1.335s]       |                        [01;31m[K^~~~~~~~~~~~~~~~~[m[K
[1.335s] [01m[K/home/federico/Desktop/git/inverse_project/ros2_project/robotic_arm/src/robotic_arm_node.cpp:74:21:[m[K [01;31m[Kerror: [m[K‘[01m[Kusing std::__shared_ptr_access<rclcpp::Publisher<std_msgs::msg::String_<std::allocator<void> > >, __gnu_cxx::_S_atomic, false, false>::element_type = class rclcpp::Publisher<std_msgs::msg::String_<std::allocator<void> > >[m[K’ {aka ‘[01m[Kclass rclcpp::Publisher<std_msgs::msg::String_<std::allocator<void> > >[m[K’} has no member named ‘[01m[KpointPublisher[m[K’; did you mean ‘[01m[KPublisher[m[K’?
[1.335s]    74 |         publisher_->[01;31m[KpointPublisher[m[K(point);
[1.335s]       |                     [01;31m[K^~~~~~~~~~~~~~[m[K
[1.336s]       |                     [32m[KPublisher[m[K
[1.902s] gmake[2]: *** [CMakeFiles/publisher.dir/build.make:76: CMakeFiles/publisher.dir/src/robotic_arm_node.cpp.o] Error 1
[1.902s] gmake[1]: *** [CMakeFiles/Makefile2:137: CMakeFiles/publisher.dir/all] Error 2
[1.902s] gmake: *** [Makefile:146: all] Error 2
[1.904s] Invoked command in '/home/federico/Desktop/git/inverse_project/ros2_project/build/robotic_arm' returned '2': CMAKE_PREFIX_PATH=${CMAKE_PREFIX_PATH}:/opt/ros/jazzy DEBUGINFOD_URLS=https://debuginfod.ubuntu.com /usr/bin/cmake --build /home/federico/Desktop/git/inverse_project/ros2_project/build/robotic_arm -- -j12 -l12
