[0.010s] Invoking command in '/home/federico/Desktop/git/inverse_project/ros2_project/build/robotic_arm': CMAKE_PREFIX_PATH=${CMAKE_PREFIX_PATH}:/opt/ros/jazzy DEBUGINFOD_URLS=https://debuginfod.ubuntu.com /usr/bin/cmake --build /home/federico/Desktop/git/inverse_project/ros2_project/build/robotic_arm -- -j12 -l12
[0.100s] [ 33%] [32mBuilding CXX object CMakeFiles/publisher.dir/src/robotic_arm_node.cpp.o[0m
[3.759s] [ 66%] [32m[1mLinking CXX executable publisher[0m
[4.106s] [100%] Built target publisher
[4.124s] Invoked command in '/home/federico/Desktop/git/inverse_project/ros2_project/build/robotic_arm' returned '0': CMAKE_PREFIX_PATH=${CMAKE_PREFIX_PATH}:/opt/ros/jazzy DEBUGINFOD_URLS=https://debuginfod.ubuntu.com /usr/bin/cmake --build /home/federico/Desktop/git/inverse_project/ros2_project/build/robotic_arm -- -j12 -l12
[4.138s] Invoking command in '/home/federico/Desktop/git/inverse_project/ros2_project/build/robotic_arm': CMAKE_PREFIX_PATH=${CMAKE_PREFIX_PATH}:/opt/ros/jazzy DEBUGINFOD_URLS=https://debuginfod.ubuntu.com /usr/bin/cmake --install /home/federico/Desktop/git/inverse_project/ros2_project/build/robotic_arm
[4.148s] -- Install configuration: ""
[4.149s] -- Up-to-date: /home/federico/Desktop/git/inverse_project/ros2_project/install/robotic_arm/share/robotic_arm/config
[4.149s] -- Installing: /home/federico/Desktop/git/inverse_project/ros2_project/install/robotic_arm/share/robotic_arm/config/dh_params.yaml
[4.149s] -- Installing: /home/federico/Desktop/git/inverse_project/ros2_project/install/robotic_arm/lib/robotic_arm/publisher
[4.151s] -- Set non-toolchain portion of runtime path of "/home/federico/Desktop/git/inverse_project/ros2_project/install/robotic_arm/lib/robotic_arm/publisher" to ""
[4.152s] -- Up-to-date: /home/federico/Desktop/git/inverse_project/ros2_project/install/robotic_arm/share/ament_index/resource_index/package_run_dependencies/robotic_arm
[4.152s] -- Up-to-date: /home/federico/Desktop/git/inverse_project/ros2_project/install/robotic_arm/share/ament_index/resource_index/parent_prefix_path/robotic_arm
[4.152s] -- Up-to-date: /home/federico/Desktop/git/inverse_project/ros2_project/install/robotic_arm/share/robotic_arm/environment/ament_prefix_path.sh
[4.152s] -- Up-to-date: /home/federico/Desktop/git/inverse_project/ros2_project/install/robotic_arm/share/robotic_arm/environment/ament_prefix_path.dsv
[4.152s] -- Up-to-date: /home/federico/Desktop/git/inverse_project/ros2_project/install/robotic_arm/share/robotic_arm/environment/path.sh
[4.153s] -- Up-to-date: /home/federico/Desktop/git/inverse_project/ros2_project/install/robotic_arm/share/robotic_arm/environment/path.dsv
[4.153s] -- Up-to-date: /home/federico/Desktop/git/inverse_project/ros2_project/install/robotic_arm/share/robotic_arm/local_setup.bash
[4.153s] -- Up-to-date: /home/federico/Desktop/git/inverse_project/ros2_project/install/robotic_arm/share/robotic_arm/local_setup.sh
[4.153s] -- Up-to-date: /home/federico/Desktop/git/inverse_project/ros2_project/install/robotic_arm/share/robotic_arm/local_setup.zsh
[4.153s] -- Up-to-date: /home/federico/Desktop/git/inverse_project/ros2_project/install/robotic_arm/share/robotic_arm/local_setup.dsv
[4.153s] -- Installing: /home/federico/Desktop/git/inverse_project/ros2_project/install/robotic_arm/share/robotic_arm/package.dsv
[4.153s] -- Up-to-date: /home/federico/Desktop/git/inverse_project/ros2_project/install/robotic_arm/share/ament_index/resource_index/packages/robotic_arm
[4.154s] -- Up-to-date: /home/federico/Desktop/git/inverse_project/ros2_project/install/robotic_arm/share/robotic_arm/cmake/robotic_armConfig.cmake
[4.154s] -- Up-to-date: /home/federico/Desktop/git/inverse_project/ros2_project/install/robotic_arm/share/robotic_arm/cmake/robotic_armConfig-version.cmake
[4.154s] -- Up-to-date: /home/federico/Desktop/git/inverse_project/ros2_project/install/robotic_arm/share/robotic_arm/package.xml
[4.155s] Invoked command in '/home/federico/Desktop/git/inverse_project/ros2_project/build/robotic_arm' returned '0': CMAKE_PREFIX_PATH=${CMAKE_PREFIX_PATH}:/opt/ros/jazzy DEBUGINFOD_URLS=https://debuginfod.ubuntu.com /usr/bin/cmake --install /home/federico/Desktop/git/inverse_project/ros2_project/build/robotic_arm
