[0.011s] Invoking command in '/home/federico/Desktop/git/inverse_project/ros2_project/build/robotic_arm': CMAKE_PREFIX_PATH=${CMAKE_PREFIX_PATH}:/opt/ros/jazzy DEBUGINFOD_URLS=https://debuginfod.ubuntu.com /usr/bin/cmake --build /home/federico/Desktop/git/inverse_project/ros2_project/build/robotic_arm -- -j12 -l12
[0.110s] [ 33%] [32mBuilding CXX object CMakeFiles/publisher.dir/src/robotic_arm_node.cpp.o[0m
[2.750s] [ 66%] [32m[1mLinking CXX executable publisher[0m
[2.899s] [100%] Built target publisher
[2.908s] Invoked command in '/home/federico/Desktop/git/inverse_project/ros2_project/build/robotic_arm' returned '0': CMAKE_PREFIX_PATH=${CMAKE_PREFIX_PATH}:/opt/ros/jazzy DEBUGINFOD_URLS=https://debuginfod.ubuntu.com /usr/bin/cmake --build /home/federico/Desktop/git/inverse_project/ros2_project/build/robotic_arm -- -j12 -l12
[2.918s] Invoking command in '/home/federico/Desktop/git/inverse_project/ros2_project/build/robotic_arm': CMAKE_PREFIX_PATH=${CMAKE_PREFIX_PATH}:/opt/ros/jazzy DEBUGINFOD_URLS=https://debuginfod.ubuntu.com /usr/bin/cmake --install /home/federico/Desktop/git/inverse_project/ros2_project/build/robotic_arm
[2.929s] -- Install configuration: ""
[2.930s] -- Up-to-date: /home/federico/Desktop/git/inverse_project/ros2_project/install/robotic_arm/share/robotic_arm/config
[2.930s] -- Up-to-date: /home/federico/Desktop/git/inverse_project/ros2_project/install/robotic_arm/share/robotic_arm/config/dh_params.yaml
[2.930s] -- Installing: /home/federico/Desktop/git/inverse_project/ros2_project/install/robotic_arm/lib/robotic_arm/publisher
[2.932s] -- Set non-toolchain portion of runtime path of "/home/federico/Desktop/git/inverse_project/ros2_project/install/robotic_arm/lib/robotic_arm/publisher" to ""
[2.932s] -- Up-to-date: /home/federico/Desktop/git/inverse_project/ros2_project/install/robotic_arm/share/ament_index/resource_index/package_run_dependencies/robotic_arm
[2.932s] -- Up-to-date: /home/federico/Desktop/git/inverse_project/ros2_project/install/robotic_arm/share/ament_index/resource_index/parent_prefix_path/robotic_arm
[2.932s] -- Up-to-date: /home/federico/Desktop/git/inverse_project/ros2_project/install/robotic_arm/share/robotic_arm/environment/ament_prefix_path.sh
[2.933s] -- Up-to-date: /home/federico/Desktop/git/inverse_project/ros2_project/install/robotic_arm/share/robotic_arm/environment/ament_prefix_path.dsv
[2.933s] -- Up-to-date: /home/federico/Desktop/git/inverse_project/ros2_project/install/robotic_arm/share/robotic_arm/environment/path.sh
[2.933s] -- Up-to-date: /home/federico/Desktop/git/inverse_project/ros2_project/install/robotic_arm/share/robotic_arm/environment/path.dsv
[2.933s] -- Up-to-date: /home/federico/Desktop/git/inverse_project/ros2_project/install/robotic_arm/share/robotic_arm/local_setup.bash
[2.933s] -- Up-to-date: /home/federico/Desktop/git/inverse_project/ros2_project/install/robotic_arm/share/robotic_arm/local_setup.sh
[2.933s] -- Up-to-date: /home/federico/Desktop/git/inverse_project/ros2_project/install/robotic_arm/share/robotic_arm/local_setup.zsh
[2.934s] -- Up-to-date: /home/federico/Desktop/git/inverse_project/ros2_project/install/robotic_arm/share/robotic_arm/local_setup.dsv
[2.934s] -- Installing: /home/federico/Desktop/git/inverse_project/ros2_project/install/robotic_arm/share/robotic_arm/package.dsv
[2.934s] -- Up-to-date: /home/federico/Desktop/git/inverse_project/ros2_project/install/robotic_arm/share/ament_index/resource_index/packages/robotic_arm
[2.934s] -- Up-to-date: /home/federico/Desktop/git/inverse_project/ros2_project/install/robotic_arm/share/robotic_arm/cmake/robotic_armConfig.cmake
[2.934s] -- Up-to-date: /home/federico/Desktop/git/inverse_project/ros2_project/install/robotic_arm/share/robotic_arm/cmake/robotic_armConfig-version.cmake
[2.934s] -- Up-to-date: /home/federico/Desktop/git/inverse_project/ros2_project/install/robotic_arm/share/robotic_arm/package.xml
[2.936s] Invoked command in '/home/federico/Desktop/git/inverse_project/ros2_project/build/robotic_arm' returned '0': CMAKE_PREFIX_PATH=${CMAKE_PREFIX_PATH}:/opt/ros/jazzy DEBUGINFOD_URLS=https://debuginfod.ubuntu.com /usr/bin/cmake --install /home/federico/Desktop/git/inverse_project/ros2_project/build/robotic_arm
