-- Found ament_cmake: 2.5.3 (/opt/ros/jazzy/share/ament_cmake/cmake)
-- Found rclcpp: 28.1.6 (/opt/ros/jazzy/share/rclcpp/cmake)
-- Found rosidl_generator_c: 4.6.5 (/opt/ros/jazzy/share/rosidl_generator_c/cmake)
-- Found rosidl_generator_cpp: 4.6.5 (/opt/ros/jazzy/share/rosidl_generator_cpp/cmake)
-- Using all available rosidl_typesupport_c: rosidl_typesupport_fastrtps_c;rosidl_typesupport_introspection_c
-- Using all available rosidl_typesupport_cpp: rosidl_typesupport_fastrtps_cpp;rosidl_typesupport_introspection_cpp
-- Found rmw_implementation_cmake: 7.3.1 (/opt/ros/jazzy/share/rmw_implementation_cmake/cmake)
-- Found rmw_fastrtps_cpp: 8.4.1 (/opt/ros/jazzy/share/rmw_fastrtps_cpp/cmake)
-- Using RMW implementation 'rmw_fastrtps_cpp' as default
-- Found std_msgs: 5.3.5 (/opt/ros/jazzy/share/std_msgs/cmake)
-- Configuring done (0.4s)
-- Generating done (0.0s)
-- Build files have been written to: /home/federico/Desktop/git/ros/build/cpp_pubsub
[ 50%] [32mBuilding CXX object CMakeFiles/talker.dir/src/publisher_member_function.cpp.o[0m
[100%] [32m[1mLinking CXX executable talker[0m
[100%] Built target talker
-- Install configuration: ""
-- Installing: /home/federico/Desktop/git/ros/install/cpp_pubsub/lib/cpp_pubsub/talker
-- Set non-toolchain portion of runtime path of "/home/federico/Desktop/git/ros/install/cpp_pubsub/lib/cpp_pubsub/talker" to ""
-- Installing: /home/federico/Desktop/git/ros/install/cpp_pubsub/share/ament_index/resource_index/package_run_dependencies/cpp_pubsub
-- Installing: /home/federico/Desktop/git/ros/install/cpp_pubsub/share/ament_index/resource_index/parent_prefix_path/cpp_pubsub
-- Installing: /home/federico/Desktop/git/ros/install/cpp_pubsub/share/cpp_pubsub/environment/ament_prefix_path.sh
-- Installing: /home/federico/Desktop/git/ros/install/cpp_pubsub/share/cpp_pubsub/environment/ament_prefix_path.dsv
-- Installing: /home/federico/Desktop/git/ros/install/cpp_pubsub/share/cpp_pubsub/environment/path.sh
-- Installing: /home/federico/Desktop/git/ros/install/cpp_pubsub/share/cpp_pubsub/environment/path.dsv
-- Installing: /home/federico/Desktop/git/ros/install/cpp_pubsub/share/cpp_pubsub/local_setup.bash
-- Installing: /home/federico/Desktop/git/ros/install/cpp_pubsub/share/cpp_pubsub/local_setup.sh
-- Installing: /home/federico/Desktop/git/ros/install/cpp_pubsub/share/cpp_pubsub/local_setup.zsh
-- Installing: /home/federico/Desktop/git/ros/install/cpp_pubsub/share/cpp_pubsub/local_setup.dsv
-- Installing: /home/federico/Desktop/git/ros/install/cpp_pubsub/share/cpp_pubsub/package.dsv
-- Installing: /home/federico/Desktop/git/ros/install/cpp_pubsub/share/ament_index/resource_index/packages/cpp_pubsub
-- Installing: /home/federico/Desktop/git/ros/install/cpp_pubsub/share/cpp_pubsub/cmake/cpp_pubsubConfig.cmake
-- Installing: /home/federico/Desktop/git/ros/install/cpp_pubsub/share/cpp_pubsub/cmake/cpp_pubsubConfig-version.cmake
-- Installing: /home/federico/Desktop/git/ros/install/cpp_pubsub/share/cpp_pubsub/package.xml
