[0.011s] Invoking command in '/home/federico/Desktop/git/inverse_project/ros2_project/build/robotic_arm': CMAKE_PREFIX_PATH=${CMAKE_PREFIX_PATH}:/opt/ros/jazzy DEBUGINFOD_URLS=https://debuginfod.ubuntu.com /usr/bin/cmake --build /home/federico/Desktop/git/inverse_project/ros2_project/build/robotic_arm -- -j12 -l12
[0.044s] -- Found ament_cmake: 2.5.3 (/opt/ros/jazzy/share/ament_cmake/cmake)
[0.193s] -- Found rclcpp: 28.1.6 (/opt/ros/jazzy/share/rclcpp/cmake)
[0.214s] -- Found rosidl_generator_c: 4.6.5 (/opt/ros/jazzy/share/rosidl_generator_c/cmake)
[0.220s] -- Found rosidl_generator_cpp: 4.6.5 (/opt/ros/jazzy/share/rosidl_generator_cpp/cmake)
[0.228s] -- Using all available rosidl_typesupport_c: rosidl_typesupport_fastrtps_c;rosidl_typesupport_introspection_c
[0.236s] -- Using all available rosidl_typesupport_cpp: rosidl_typesupport_fastrtps_cpp;rosidl_typesupport_introspection_cpp
[0.278s] -- Found rmw_implementation_cmake: 7.3.1 (/opt/ros/jazzy/share/rmw_implementation_cmake/cmake)
[0.279s] -- Found rmw_fastrtps_cpp: 8.4.1 (/opt/ros/jazzy/share/rmw_fastrtps_cpp/cmake)
[0.328s] -- Using RMW implementation 'rmw_fastrtps_cpp' as default
[0.371s] -- Found std_msgs: 5.3.5 (/opt/ros/jazzy/share/std_msgs/cmake)
[0.382s] -- Found visualization_msgs: 5.3.5 (/opt/ros/jazzy/share/visualization_msgs/cmake)
[0.485s] -- Configuring done (0.4s)
[0.495s] -- Generating done (0.0s)
[0.497s] -- Build files have been written to: /home/federico/Desktop/git/inverse_project/ros2_project/build/robotic_arm
[0.540s] [ 33%] [32mBuilding CXX object CMakeFiles/publisher.dir/src/robotic_arm_node.cpp.o[0m
[0.541s] [ 66%] [32mBuilding CXX object CMakeFiles/publisher.dir/src/dh_params.cpp.o[0m
[1.869s] [01m[K/home/federico/Desktop/git/inverse_project/ros2_project/robotic_arm/src/robotic_arm_node.cpp:43:23:[m[K [01;31m[Kerror: [m[K‘[01m[Kvisualization_msg[m[K’ was not declared in this scope
[1.869s]    43 |     rclcpp::Publisher<[01;31m[Kvisualization_msg[m[K::msg::Marker>::SharedPtr pointPublisher_;
[1.869s]       |                       [01;31m[K^~~~~~~~~~~~~~~~~[m[K
[1.869s] [01m[K/home/federico/Desktop/git/inverse_project/ros2_project/robotic_arm/src/robotic_arm_node.cpp:43:53:[m[K [01;31m[Kerror: [m[Ktemplate argument 1 is invalid
[1.869s]    43 |     rclcpp::Publisher<visualization_msg::msg::Marker[01;31m[K>[m[K::SharedPtr pointPublisher_;
[1.869s]       |                                                     [01;31m[K^[m[K
[1.870s] [01m[K/home/federico/Desktop/git/inverse_project/ros2_project/robotic_arm/src/robotic_arm_node.cpp:43:56:[m[K [01;31m[Kerror: [m[Kexpected ‘[01m[K;[m[K’ at end of member declaration
[1.870s]    43 |     rclcpp::Publisher<visualization_msg::msg::Marker>::[01;31m[KSharedPtr[m[K pointPublisher_;
[1.870s]       |                                                        [01;31m[K^~~~~~~~~[m[K
[1.870s]       |                                                                 [32m[K;[m[K
[1.871s] [01m[K/home/federico/Desktop/git/inverse_project/ros2_project/robotic_arm/src/robotic_arm_node.cpp:43:66:[m[K [01;31m[Kerror: [m[K‘[01m[KpointPublisher_[m[K’ does not name a type
[1.871s]    43 | clcpp::Publisher<visualization_msg::msg::Marker>::SharedPtr [01;31m[KpointPublisher_[m[K;
[1.871s]       |                                                             [01;31m[K^~~~~~~~~~~~~~~[m[K
[1.871s] 
[1.879s] [01m[K/home/federico/Desktop/git/inverse_project/ros2_project/robotic_arm/src/robotic_arm_node.cpp:[m[K In constructor ‘[01m[KRoboticArmNode::[01;32m[KRoboticArmNode[m[K()[m[K’:
[1.879s] [01m[K/home/federico/Desktop/git/inverse_project/ros2_project/robotic_arm/src/robotic_arm_node.cpp:21:9:[m[K [01;31m[Kerror: [m[K‘[01m[KpointPublisher_[m[K’ was not declared in this scope; did you mean ‘[01m[Kcount_publishers[m[K’?
[1.879s]    21 |         [01;31m[KpointPublisher_[m[K = this->create_publisher<visualization_msg::Marker>("point", 10);
[1.879s]       |         [01;31m[K^~~~~~~~~~~~~~~[m[K
[1.879s]       |         [32m[Kcount_publishers[m[K
[1.886s] [01m[K/home/federico/Desktop/git/inverse_project/ros2_project/robotic_arm/src/robotic_arm_node.cpp:21:50:[m[K [01;31m[Kerror: [m[K‘[01m[Kvisualization_msg[m[K’ was not declared in this scope
[1.886s]    21 |         pointPublisher_ = this->create_publisher<[01;31m[Kvisualization_msg[m[K::Marker>("point", 10);
[1.886s]       |                                                  [01;31m[K^~~~~~~~~~~~~~~~~[m[K
[1.886s] [01m[K/home/federico/Desktop/git/inverse_project/ros2_project/robotic_arm/src/robotic_arm_node.cpp:21:33:[m[K [01;31m[Kerror: [m[Kparse error in template argument list
[1.886s]    21 |         pointPublisher_ = this->[01;31m[Kcreate_publisher<visualization_msg::Marker>[m[K("point", 10);
[1.886s]       |                                 [01;31m[K^~~~~~~~~~~~~~~~~~~~~~~~~~~~~~~~~~~~~~~~~~~[m[K
[1.886s] [01m[K/home/federico/Desktop/git/inverse_project/ros2_project/robotic_arm/src/robotic_arm_node.cpp:21:76:[m[K [01;31m[Kerror: [m[Kno matching function for call to ‘[01m[KRoboticArmNode::create_publisher<<expression error> >(const char [6], int)[m[K’
[1.886s]    21 | blisher_ = [01;31m[Kthis->create_publisher<visualization_msg::Marker>("point", 10)[m[K;
[1.886s]       |            [01;31m[K~~~~~~~~~~~~~~~~~~~~~~~~~~~~~~~~~~~~~~~~~~~~~~~~~^~~~~~~~~~~~~[m[K
[1.886s] 
[1.886s] In file included from [01m[K/opt/ros/jazzy/include/rclcpp/rclcpp/node.hpp:1663[m[K,
[1.886s]                  from [01m[K/opt/ros/jazzy/include/rclcpp/rclcpp/executors/single_threaded_executor.hpp:28[m[K,
[1.886s]                  from [01m[K/opt/ros/jazzy/include/rclcpp/rclcpp/executors.hpp:22[m[K,
[1.886s]                  from [01m[K/opt/ros/jazzy/include/rclcpp/rclcpp/rclcpp.hpp:172[m[K,
[1.887s]                  from [01m[K/home/federico/Desktop/git/inverse_project/ros2_project/robotic_arm/src/robotic_arm_node.cpp:4[m[K:
[1.887s] [01m[K/opt/ros/jazzy/include/rclcpp/rclcpp/node_impl.hpp:73:1:[m[K [01;36m[Knote: [m[Kcandidate: ‘[01m[Ktemplate<class MessageT, class AllocatorT, class PublisherT> std::shared_ptr<PublisherT> rclcpp::Node::[01;32m[Kcreate_publisher[m[K(const std::string&, const rclcpp::QoS&, const rclcpp::PublisherOptionsWithAllocator<AllocatorT>&)[m[K’
[1.887s]    73 | [01;36m[KNode[m[K::create_publisher(
[1.887s]       | [01;36m[K^~~~[m[K
[1.887s] [01m[K/opt/ros/jazzy/include/rclcpp/rclcpp/node_impl.hpp:73:1:[m[K [01;36m[Knote: [m[K  template argument deduction/substitution failed:
[1.887s] [01m[K/home/federico/Desktop/git/inverse_project/ros2_project/robotic_arm/src/robotic_arm_node.cpp:21:76:[m[K [01;31m[Kerror: [m[Ktemplate argument 1 is invalid
[1.887s]    21 | blisher_ = [01;31m[Kthis->create_publisher<visualization_msg::Marker>("point", 10)[m[K;
[1.887s]       |            [01;31m[K~~~~~~~~~~~~~~~~~~~~~~~~~~~~~~~~~~~~~~~~~~~~~~~~~^~~~~~~~~~~~~[m[K
[1.887s] 
[1.892s] [01m[K/home/federico/Desktop/git/inverse_project/ros2_project/robotic_arm/src/robotic_arm_node.cpp:[m[K In member function ‘[01m[Kvoid RoboticArmNode::[01;32m[KpublishPoint[m[K()[m[K’:
[1.892s] [01m[K/home/federico/Desktop/git/inverse_project/ros2_project/robotic_arm/src/robotic_arm_node.cpp:46:9:[m[K [01;31m[Kerror: [m[K‘[01m[Kvisualization_msg[m[K’ has not been declared
[1.893s]    46 |         [01;31m[Kvisualization_msg[m[K::msg::Marker point;
[1.893s]       |         [01;31m[K^~~~~~~~~~~~~~~~~[m[K
[1.896s] [01m[K/home/federico/Desktop/git/inverse_project/ros2_project/robotic_arm/src/robotic_arm_node.cpp:47:9:[m[K [01;31m[Kerror: [m[K‘[01m[Kpoint[m[K’ was not declared in this scope
[1.896s]    47 |         [01;31m[Kpoint[m[K.header.frame_id = "map";
[1.897s]       |         [01;31m[K^~~~~[m[K
[1.897s] [01m[K/home/federico/Desktop/git/inverse_project/ros2_project/robotic_arm/src/robotic_arm_node.cpp:52:22:[m[K [01;31m[Kerror: [m[K‘[01m[Kvisualization_msg[m[K’ has not been declared
[1.897s]    52 |         point.type = [01;31m[Kvisualization_msg[m[K::msg::Marker::SPHERE;
[1.897s]       |                      [01;31m[K^~~~~~~~~~~~~~~~~[m[K
[1.897s] [01m[K/home/federico/Desktop/git/inverse_project/ros2_project/robotic_arm/src/robotic_arm_node.cpp:53:24:[m[K [01;31m[Kerror: [m[K‘[01m[Kvisualization_msg[m[K’ has not been declared
[1.897s]    53 |         point.action = [01;31m[Kvisualization_msg[m[K::msg::Marker::ADD;
[1.897s]       |                        [01;31m[K^~~~~~~~~~~~~~~~~[m[K
[1.897s] [01m[K/home/federico/Desktop/git/inverse_project/ros2_project/robotic_arm/src/robotic_arm_node.cpp:73:21:[m[K [01;31m[Kerror: [m[K‘[01m[Kusing std::__shared_ptr_access<rclcpp::Publisher<std_msgs::msg::String_<std::allocator<void> > >, __gnu_cxx::_S_atomic, false, false>::element_type = class rclcpp::Publisher<std_msgs::msg::String_<std::allocator<void> > >[m[K’ {aka ‘[01m[Kclass rclcpp::Publisher<std_msgs::msg::String_<std::allocator<void> > >[m[K’} has no member named ‘[01m[KpointPublisher[m[K’; did you mean ‘[01m[KPublisher[m[K’?
[1.897s]    73 |         publisher_->[01;31m[KpointPublisher[m[K(point);
[1.897s]       |                     [01;31m[K^~~~~~~~~~~~~~[m[K
[1.897s]       |                     [32m[KPublisher[m[K
[2.493s] gmake[2]: *** [CMakeFiles/publisher.dir/build.make:76: CMakeFiles/publisher.dir/src/robotic_arm_node.cpp.o] Error 1
[2.493s] gmake[2]: *** Waiting for unfinished jobs....
[2.589s] gmake[1]: *** [CMakeFiles/Makefile2:137: CMakeFiles/publisher.dir/all] Error 2
[2.589s] gmake: *** [Makefile:146: all] Error 2
[2.591s] Invoked command in '/home/federico/Desktop/git/inverse_project/ros2_project/build/robotic_arm' returned '2': CMAKE_PREFIX_PATH=${CMAKE_PREFIX_PATH}:/opt/ros/jazzy DEBUGINFOD_URLS=https://debuginfod.ubuntu.com /usr/bin/cmake --build /home/federico/Desktop/git/inverse_project/ros2_project/build/robotic_arm -- -j12 -l12
