[0.062s] DEBUG:colcon:Command line arguments: ['/usr/bin/colcon', 'build']
[0.062s] DEBUG:colcon:Parsed command line arguments: Namespace(log_base=None, log_level=None, verb_name='build', build_base='build', install_base='install', merge_install=False, symlink_install=False, test_result_base=None, continue_on_error=False, executor='parallel', parallel_workers=12, event_handlers=None, ignore_user_meta=False, metas=['./colcon.meta'], base_paths=['.'], packages_ignore=None, packages_ignore_regex=None, paths=None, packages_up_to=None, packages_up_to_regex=None, packages_above=None, packages_above_and_dependencies=None, packages_above_depth=None, packages_select_by_dep=None, packages_skip_by_dep=None, packages_skip_up_to=None, packages_select_build_failed=False, packages_skip_build_finished=False, packages_select_test_failures=False, packages_skip_test_passed=False, packages_select=None, packages_skip=None, packages_select_regex=None, packages_skip_regex=None, packages_start=None, packages_end=None, allow_overriding=[], cmake_args=None, cmake_target=None, cmake_target_skip_unavailable=False, cmake_clean_cache=False, cmake_clean_first=False, cmake_force_configure=False, ament_cmake_args=None, catkin_cmake_args=None, catkin_skip_building_tests=False, mixin_files=None, mixin=None, verb_parser=<colcon_mixin.mixin.mixin_argument.MixinArgumentDecorator object at 0x7437e016cc20>, verb_extension=<colcon_core.verb.build.BuildVerb object at 0x7437e0247440>, main=<bound method BuildVerb.main of <colcon_core.verb.build.BuildVerb object at 0x7437e0247440>>, mixin_verb=('build',))
[0.084s] Level 1:colcon.colcon_core.package_discovery:discover_packages(colcon_meta) check parameters
[0.084s] Level 1:colcon.colcon_core.package_discovery:discover_packages(recursive) check parameters
[0.084s] Level 1:colcon.colcon_core.package_discovery:discover_packages(ignore) check parameters
[0.084s] Level 1:colcon.colcon_core.package_discovery:discover_packages(path) check parameters
[0.084s] Level 1:colcon.colcon_core.package_discovery:discover_packages(colcon_meta) discover
[0.084s] Level 1:colcon.colcon_core.package_discovery:discover_packages(recursive) discover
[0.084s] INFO:colcon.colcon_core.package_discovery:Crawling recursively for packages in '/home/federico/Desktop/git/rp_03_ros_basics/src'
[0.084s] Level 1:colcon.colcon_core.package_identification:_identify(.) by extensions ['ignore', 'ignore_ament_install']
[0.084s] Level 1:colcon.colcon_core.package_identification:_identify(.) by extension 'ignore'
[0.084s] Level 1:colcon.colcon_core.package_identification:_identify(.) by extension 'ignore_ament_install'
[0.084s] Level 1:colcon.colcon_core.package_identification:_identify(.) by extensions ['colcon_pkg']
[0.084s] Level 1:colcon.colcon_core.package_identification:_identify(.) by extension 'colcon_pkg'
[0.084s] Level 1:colcon.colcon_core.package_identification:_identify(.) by extensions ['colcon_meta']
[0.084s] Level 1:colcon.colcon_core.package_identification:_identify(.) by extension 'colcon_meta'
[0.084s] Level 1:colcon.colcon_core.package_identification:_identify(.) by extensions ['ros']
[0.084s] Level 1:colcon.colcon_core.package_identification:_identify(.) by extension 'ros'
[0.100s] Level 1:colcon.colcon_core.package_identification:_identify(.) by extensions ['cmake', 'python']
[0.100s] Level 1:colcon.colcon_core.package_identification:_identify(.) by extension 'cmake'
[0.100s] Level 1:colcon.colcon_core.package_identification:_identify(.) by extension 'python'
[0.100s] Level 1:colcon.colcon_core.package_identification:_identify(.) by extensions ['python_setup_py']
[0.100s] Level 1:colcon.colcon_core.package_identification:_identify(.) by extension 'python_setup_py'
[0.100s] Level 1:colcon.colcon_core.package_identification:_identify(build) by extensions ['ignore', 'ignore_ament_install']
[0.100s] Level 1:colcon.colcon_core.package_identification:_identify(build) by extension 'ignore'
[0.100s] Level 1:colcon.colcon_core.package_identification:_identify(build) ignored
[0.100s] Level 1:colcon.colcon_core.package_identification:_identify(install) by extensions ['ignore', 'ignore_ament_install']
[0.100s] Level 1:colcon.colcon_core.package_identification:_identify(install) by extension 'ignore'
[0.100s] Level 1:colcon.colcon_core.package_identification:_identify(install) ignored
[0.100s] Level 1:colcon.colcon_core.package_identification:_identify(log) by extensions ['ignore', 'ignore_ament_install']
[0.100s] Level 1:colcon.colcon_core.package_identification:_identify(log) by extension 'ignore'
[0.100s] Level 1:colcon.colcon_core.package_identification:_identify(log) ignored
[0.100s] Level 1:colcon.colcon_core.package_identification:_identify(rp_simple_controller) by extensions ['ignore', 'ignore_ament_install']
[0.101s] Level 1:colcon.colcon_core.package_identification:_identify(rp_simple_controller) by extension 'ignore'
[0.101s] Level 1:colcon.colcon_core.package_identification:_identify(rp_simple_controller) by extension 'ignore_ament_install'
[0.101s] Level 1:colcon.colcon_core.package_identification:_identify(rp_simple_controller) by extensions ['colcon_pkg']
[0.101s] Level 1:colcon.colcon_core.package_identification:_identify(rp_simple_controller) by extension 'colcon_pkg'
[0.101s] Level 1:colcon.colcon_core.package_identification:_identify(rp_simple_controller) by extensions ['colcon_meta']
[0.101s] Level 1:colcon.colcon_core.package_identification:_identify(rp_simple_controller) by extension 'colcon_meta'
[0.101s] Level 1:colcon.colcon_core.package_identification:_identify(rp_simple_controller) by extensions ['ros']
[0.101s] Level 1:colcon.colcon_core.package_identification:_identify(rp_simple_controller) by extension 'ros'
[0.102s] DEBUG:colcon.colcon_core.package_identification:Package 'rp_simple_controller' with type 'ros.ament_cmake' and name 'rp_simple_controller'
[0.102s] Level 1:colcon.colcon_core.package_discovery:discover_packages(recursive) using defaults
[0.102s] Level 1:colcon.colcon_core.package_discovery:discover_packages(ignore) discover
[0.102s] Level 1:colcon.colcon_core.package_discovery:discover_packages(ignore) using defaults
[0.102s] Level 1:colcon.colcon_core.package_discovery:discover_packages(path) discover
[0.102s] Level 1:colcon.colcon_core.package_discovery:discover_packages(path) using defaults
[0.113s] Level 1:colcon.colcon_core.package_discovery:discover_packages(prefix_path) check parameters
[0.113s] Level 1:colcon.colcon_core.package_discovery:discover_packages(prefix_path) discover
[0.114s] DEBUG:colcon.colcon_installed_package_information.package_discovery:Found 1 installed packages in /home/federico/Desktop/git/rp_03_ros_basics/src/install
[0.115s] DEBUG:colcon.colcon_installed_package_information.package_discovery:Found 318 installed packages in /opt/ros/jazzy
[0.115s] Level 1:colcon.colcon_core.package_discovery:discover_packages(prefix_path) using defaults
[0.139s] Level 5:colcon.colcon_core.verb:set package 'rp_simple_controller' build argument 'cmake_args' from command line to 'None'
[0.139s] Level 5:colcon.colcon_core.verb:set package 'rp_simple_controller' build argument 'cmake_target' from command line to 'None'
[0.139s] Level 5:colcon.colcon_core.verb:set package 'rp_simple_controller' build argument 'cmake_target_skip_unavailable' from command line to 'False'
[0.139s] Level 5:colcon.colcon_core.verb:set package 'rp_simple_controller' build argument 'cmake_clean_cache' from command line to 'False'
[0.139s] Level 5:colcon.colcon_core.verb:set package 'rp_simple_controller' build argument 'cmake_clean_first' from command line to 'False'
[0.139s] Level 5:colcon.colcon_core.verb:set package 'rp_simple_controller' build argument 'cmake_force_configure' from command line to 'False'
[0.139s] Level 5:colcon.colcon_core.verb:set package 'rp_simple_controller' build argument 'ament_cmake_args' from command line to 'None'
[0.139s] Level 5:colcon.colcon_core.verb:set package 'rp_simple_controller' build argument 'catkin_cmake_args' from command line to 'None'
[0.139s] Level 5:colcon.colcon_core.verb:set package 'rp_simple_controller' build argument 'catkin_skip_building_tests' from command line to 'False'
[0.139s] DEBUG:colcon.colcon_core.verb:Building package 'rp_simple_controller' with the following arguments: {'ament_cmake_args': None, 'build_base': '/home/federico/Desktop/git/rp_03_ros_basics/src/build/rp_simple_controller', 'catkin_cmake_args': None, 'catkin_skip_building_tests': False, 'cmake_args': None, 'cmake_clean_cache': False, 'cmake_clean_first': False, 'cmake_force_configure': False, 'cmake_target': None, 'cmake_target_skip_unavailable': False, 'install_base': '/home/federico/Desktop/git/rp_03_ros_basics/src/install/rp_simple_controller', 'merge_install': False, 'path': '/home/federico/Desktop/git/rp_03_ros_basics/src/rp_simple_controller', 'symlink_install': False, 'test_result_base': None}
[0.139s] INFO:colcon.colcon_core.executor:Executing jobs using 'parallel' executor
[0.140s] DEBUG:colcon.colcon_parallel_executor.executor.parallel:run_until_complete
[0.141s] INFO:colcon.colcon_ros.task.ament_cmake.build:Building ROS package in '/home/federico/Desktop/git/rp_03_ros_basics/src/rp_simple_controller' with build type 'ament_cmake'
[0.141s] INFO:colcon.colcon_cmake.task.cmake.build:Building CMake package in '/home/federico/Desktop/git/rp_03_ros_basics/src/rp_simple_controller'
[0.144s] INFO:colcon.colcon_core.plugin_system:Skipping extension 'colcon_core.shell.bat': Not used on non-Windows systems
[0.144s] INFO:colcon.colcon_core.shell:Skip shell extension 'powershell' for command environment: Not usable outside of PowerShell
[0.145s] DEBUG:colcon.colcon_core.shell:Skip shell extension 'dsv' for command environment
[0.160s] DEBUG:colcon.colcon_core.event_handler.log_command:Invoking command in '/home/federico/Desktop/git/rp_03_ros_basics/src/build/rp_simple_controller': CMAKE_PREFIX_PATH=${CMAKE_PREFIX_PATH}:/opt/ros/jazzy DEBUGINFOD_URLS=https://debuginfod.ubuntu.com /usr/bin/cmake --build /home/federico/Desktop/git/rp_03_ros_basics/src/build/rp_simple_controller -- -j12 -l12
[4.085s] DEBUG:colcon.colcon_core.event_handler.log_command:Invoked command in '/home/federico/Desktop/git/rp_03_ros_basics/src/build/rp_simple_controller' returned '0': CMAKE_PREFIX_PATH=${CMAKE_PREFIX_PATH}:/opt/ros/jazzy DEBUGINFOD_URLS=https://debuginfod.ubuntu.com /usr/bin/cmake --build /home/federico/Desktop/git/rp_03_ros_basics/src/build/rp_simple_controller -- -j12 -l12
[4.101s] DEBUG:colcon.colcon_core.event_handler.log_command:Invoking command in '/home/federico/Desktop/git/rp_03_ros_basics/src/build/rp_simple_controller': CMAKE_PREFIX_PATH=${CMAKE_PREFIX_PATH}:/opt/ros/jazzy DEBUGINFOD_URLS=https://debuginfod.ubuntu.com /usr/bin/cmake --install /home/federico/Desktop/git/rp_03_ros_basics/src/build/rp_simple_controller
[4.125s] Level 1:colcon.colcon_core.environment:create_environment_scripts_only(rp_simple_controller)
[4.126s] DEBUG:colcon.colcon_core.event_handler.log_command:Invoked command in '/home/federico/Desktop/git/rp_03_ros_basics/src/build/rp_simple_controller' returned '0': CMAKE_PREFIX_PATH=${CMAKE_PREFIX_PATH}:/opt/ros/jazzy DEBUGINFOD_URLS=https://debuginfod.ubuntu.com /usr/bin/cmake --install /home/federico/Desktop/git/rp_03_ros_basics/src/build/rp_simple_controller
[4.133s] Level 1:colcon.colcon_core.environment:checking '/home/federico/Desktop/git/rp_03_ros_basics/src/install/rp_simple_controller' for CMake module files
[4.134s] Level 1:colcon.colcon_core.environment:checking '/home/federico/Desktop/git/rp_03_ros_basics/src/install/rp_simple_controller' for CMake config files
[4.134s] Level 1:colcon.colcon_core.shell:create_environment_hook('rp_simple_controller', 'cmake_prefix_path')
[4.134s] INFO:colcon.colcon_core.shell:Creating environment hook '/home/federico/Desktop/git/rp_03_ros_basics/src/install/rp_simple_controller/share/rp_simple_controller/hook/cmake_prefix_path.ps1'
[4.135s] INFO:colcon.colcon_core.shell:Creating environment descriptor '/home/federico/Desktop/git/rp_03_ros_basics/src/install/rp_simple_controller/share/rp_simple_controller/hook/cmake_prefix_path.dsv'
[4.136s] INFO:colcon.colcon_core.shell:Creating environment hook '/home/federico/Desktop/git/rp_03_ros_basics/src/install/rp_simple_controller/share/rp_simple_controller/hook/cmake_prefix_path.sh'
[4.137s] Level 1:colcon.colcon_core.environment:checking '/home/federico/Desktop/git/rp_03_ros_basics/src/install/rp_simple_controller/lib'
[4.138s] Level 1:colcon.colcon_core.environment:checking '/home/federico/Desktop/git/rp_03_ros_basics/src/install/rp_simple_controller/bin'
[4.138s] Level 1:colcon.colcon_core.environment:checking '/home/federico/Desktop/git/rp_03_ros_basics/src/install/rp_simple_controller/lib/pkgconfig/rp_simple_controller.pc'
[4.138s] Level 1:colcon.colcon_core.environment:checking '/home/federico/Desktop/git/rp_03_ros_basics/src/install/rp_simple_controller/lib/python3.12/site-packages'
[4.139s] Level 1:colcon.colcon_core.environment:checking '/home/federico/Desktop/git/rp_03_ros_basics/src/install/rp_simple_controller/bin'
[4.139s] INFO:colcon.colcon_core.shell:Creating package script '/home/federico/Desktop/git/rp_03_ros_basics/src/install/rp_simple_controller/share/rp_simple_controller/package.ps1'
[4.140s] INFO:colcon.colcon_core.shell:Creating package descriptor '/home/federico/Desktop/git/rp_03_ros_basics/src/install/rp_simple_controller/share/rp_simple_controller/package.dsv'
[4.141s] INFO:colcon.colcon_core.shell:Creating package script '/home/federico/Desktop/git/rp_03_ros_basics/src/install/rp_simple_controller/share/rp_simple_controller/package.sh'
[4.142s] INFO:colcon.colcon_core.shell:Creating package script '/home/federico/Desktop/git/rp_03_ros_basics/src/install/rp_simple_controller/share/rp_simple_controller/package.bash'
[4.143s] INFO:colcon.colcon_core.shell:Creating package script '/home/federico/Desktop/git/rp_03_ros_basics/src/install/rp_simple_controller/share/rp_simple_controller/package.zsh'
[4.144s] Level 1:colcon.colcon_core.environment:create_file_with_runtime_dependencies(/home/federico/Desktop/git/rp_03_ros_basics/src/install/rp_simple_controller/share/colcon-core/packages/rp_simple_controller)
[4.146s] Level 1:colcon.colcon_core.environment:create_environment_scripts_only(rp_simple_controller)
[4.146s] Level 1:colcon.colcon_core.environment:checking '/home/federico/Desktop/git/rp_03_ros_basics/src/install/rp_simple_controller' for CMake module files
[4.147s] Level 1:colcon.colcon_core.environment:checking '/home/federico/Desktop/git/rp_03_ros_basics/src/install/rp_simple_controller' for CMake config files
[4.147s] Level 1:colcon.colcon_core.shell:create_environment_hook('rp_simple_controller', 'cmake_prefix_path')
[4.148s] INFO:colcon.colcon_core.shell:Creating environment hook '/home/federico/Desktop/git/rp_03_ros_basics/src/install/rp_simple_controller/share/rp_simple_controller/hook/cmake_prefix_path.ps1'
[4.149s] INFO:colcon.colcon_core.shell:Creating environment descriptor '/home/federico/Desktop/git/rp_03_ros_basics/src/install/rp_simple_controller/share/rp_simple_controller/hook/cmake_prefix_path.dsv'
[4.149s] INFO:colcon.colcon_core.shell:Creating environment hook '/home/federico/Desktop/git/rp_03_ros_basics/src/install/rp_simple_controller/share/rp_simple_controller/hook/cmake_prefix_path.sh'
[4.150s] Level 1:colcon.colcon_core.environment:checking '/home/federico/Desktop/git/rp_03_ros_basics/src/install/rp_simple_controller/lib'
[4.151s] Level 1:colcon.colcon_core.environment:checking '/home/federico/Desktop/git/rp_03_ros_basics/src/install/rp_simple_controller/bin'
[4.151s] Level 1:colcon.colcon_core.environment:checking '/home/federico/Desktop/git/rp_03_ros_basics/src/install/rp_simple_controller/lib/pkgconfig/rp_simple_controller.pc'
[4.151s] Level 1:colcon.colcon_core.environment:checking '/home/federico/Desktop/git/rp_03_ros_basics/src/install/rp_simple_controller/lib/python3.12/site-packages'
[4.152s] Level 1:colcon.colcon_core.environment:checking '/home/federico/Desktop/git/rp_03_ros_basics/src/install/rp_simple_controller/bin'
[4.152s] INFO:colcon.colcon_core.shell:Creating package script '/home/federico/Desktop/git/rp_03_ros_basics/src/install/rp_simple_controller/share/rp_simple_controller/package.ps1'
[4.153s] INFO:colcon.colcon_core.shell:Creating package descriptor '/home/federico/Desktop/git/rp_03_ros_basics/src/install/rp_simple_controller/share/rp_simple_controller/package.dsv'
[4.154s] INFO:colcon.colcon_core.shell:Creating package script '/home/federico/Desktop/git/rp_03_ros_basics/src/install/rp_simple_controller/share/rp_simple_controller/package.sh'
[4.154s] INFO:colcon.colcon_core.shell:Creating package script '/home/federico/Desktop/git/rp_03_ros_basics/src/install/rp_simple_controller/share/rp_simple_controller/package.bash'
[4.155s] INFO:colcon.colcon_core.shell:Creating package script '/home/federico/Desktop/git/rp_03_ros_basics/src/install/rp_simple_controller/share/rp_simple_controller/package.zsh'
[4.155s] Level 1:colcon.colcon_core.environment:create_file_with_runtime_dependencies(/home/federico/Desktop/git/rp_03_ros_basics/src/install/rp_simple_controller/share/colcon-core/packages/rp_simple_controller)
[4.156s] DEBUG:colcon.colcon_parallel_executor.executor.parallel:closing loop
[4.156s] DEBUG:colcon.colcon_parallel_executor.executor.parallel:loop closed
[4.156s] DEBUG:colcon.colcon_parallel_executor.executor.parallel:run_until_complete finished with '0'
[4.156s] DEBUG:colcon.colcon_core.event_reactor:joining thread
[4.166s] INFO:colcon.colcon_core.plugin_system:Skipping extension 'colcon_notification.desktop_notification.terminal_notifier': Not used on non-Darwin systems
[4.166s] INFO:colcon.colcon_core.plugin_system:Skipping extension 'colcon_notification.desktop_notification.win32': Not used on non-Windows systems
[4.166s] INFO:colcon.colcon_notification.desktop_notification:Sending desktop notification using 'notify2'
[4.198s] DEBUG:colcon.colcon_core.event_reactor:joined thread
[4.199s] INFO:colcon.colcon_core.shell:Creating prefix script '/home/federico/Desktop/git/rp_03_ros_basics/src/install/local_setup.ps1'
[4.200s] INFO:colcon.colcon_core.shell:Creating prefix util module '/home/federico/Desktop/git/rp_03_ros_basics/src/install/_local_setup_util_ps1.py'
[4.202s] INFO:colcon.colcon_core.shell:Creating prefix chain script '/home/federico/Desktop/git/rp_03_ros_basics/src/install/setup.ps1'
[4.203s] INFO:colcon.colcon_core.shell:Creating prefix script '/home/federico/Desktop/git/rp_03_ros_basics/src/install/local_setup.sh'
[4.203s] INFO:colcon.colcon_core.shell:Creating prefix util module '/home/federico/Desktop/git/rp_03_ros_basics/src/install/_local_setup_util_sh.py'
[4.204s] INFO:colcon.colcon_core.shell:Creating prefix chain script '/home/federico/Desktop/git/rp_03_ros_basics/src/install/setup.sh'
[4.205s] INFO:colcon.colcon_core.shell:Creating prefix script '/home/federico/Desktop/git/rp_03_ros_basics/src/install/local_setup.bash'
[4.206s] INFO:colcon.colcon_core.shell:Creating prefix chain script '/home/federico/Desktop/git/rp_03_ros_basics/src/install/setup.bash'
[4.207s] INFO:colcon.colcon_core.shell:Creating prefix script '/home/federico/Desktop/git/rp_03_ros_basics/src/install/local_setup.zsh'
[4.208s] INFO:colcon.colcon_core.shell:Creating prefix chain script '/home/federico/Desktop/git/rp_03_ros_basics/src/install/setup.zsh'
