[ 40%] Built target coordinatesPub
[ 60%] [32mBuilding CXX object CMakeFiles/drawPub.dir/src/dh_params.cpp.o[0m
[01m[K/home/federico/Desktop/git/inverse_project/ros2_project/robotic_arm/src/dh_params.cpp:[m[K In function ‘[01m[KEigen::MatrixXd[01;32m[K computeJacobianPseudoInverse[m[K(std::vector<DHParams>&, const std::vector<Eigen::Matrix<double, 4, 4> >&)[m[K’:
[01m[K/home/federico/Desktop/git/inverse_project/ros2_project/robotic_arm/src/dh_params.cpp:59:73:[m[K [01;31m[Kerror: [m[Kno match for ‘[01m[Koperator=[m[K’ (operand types are ‘[01m[Kconst __gnu_cxx::__alloc_traits<std::allocator<Eigen::Matrix<double, 4, 4> >, Eigen::Matrix<double, 4, 4> >::value_type[m[K’ {aka ‘[01m[Kconst Eigen::Matrix<double, 4, 4>[m[K’} and ‘[01m[KEigen::Matrix4d[m[K’ {aka ‘[01m[KEigen::Matrix<double, 4, 4>[m[K’})
   59 |      transforms[i] = DHParams::computeForwardKinematics(dh_params_[i][01;31m[K)[m[K;
      |                                                                      [01;31m[K^[m[K

In file included from [01m[K/usr/include/eigen3/Eigen/Core:295[m[K,
                 from [01m[K/usr/include/eigen3/Eigen/Dense:1[m[K,
                 from [01m[K/home/federico/Desktop/git/inverse_project/ros2_project/robotic_arm/include/robotic_arm/dh_params.h:3[m[K,
                 from [01m[K/home/federico/Desktop/git/inverse_project/ros2_project/robotic_arm/src/dh_params.cpp:1[m[K:
[01m[K/usr/include/eigen3/Eigen/src/Core/Matrix.h:279:13:[m[K [01;36m[Knote: [m[Kcandidate: ‘[01m[KEigen::Matrix<_Scalar, _Rows, _Cols, _Options, _MaxRows, _MaxCols>& Eigen::Matrix<_Scalar, _Rows, _Cols, _Options, _MaxRows, _MaxCols>::[01;32m[Koperator=[m[K(Eigen::Matrix<_Scalar, _Rows, _Cols, _Options, _MaxRows, _MaxCols>&&) [35m[K[with _Scalar = double; int _Rows = 4; int _Cols = 4; int _Options = 0; int _MaxRows = 4; int _MaxCols = 4][m[K[m[K’ (near match)
  279 |     Matrix& [01;36m[Koperator[m[K=(Matrix&& other) EIGEN_NOEXCEPT_IF(std::is_nothrow_move_assignable<Scalar>::value)
      |             [01;36m[K^~~~~~~~[m[K
[01m[K/usr/include/eigen3/Eigen/src/Core/Matrix.h:279:13:[m[K [01;36m[Knote: [m[K  passing ‘[01m[Kconst __gnu_cxx::__alloc_traits<std::allocator<Eigen::Matrix<double, 4, 4> >, Eigen::Matrix<double, 4, 4> >::value_type*[m[K’ {aka ‘[01m[Kconst Eigen::Matrix<double, 4, 4>*[m[K’} as ‘[01m[Kthis[m[K’ argument discards qualifiers
[01m[K/usr/include/eigen3/Eigen/src/Core/Matrix.h:206:33:[m[K [01;36m[Knote: [m[Kcandidate: ‘[01m[KEigen::Matrix<_Scalar, _Rows, _Cols, _Options, _MaxRows, _MaxCols>& Eigen::Matrix<_Scalar, _Rows, _Cols, _Options, _MaxRows, _MaxCols>::[01;32m[Koperator=[m[K(const Eigen::Matrix<_Scalar, _Rows, _Cols, _Options, _MaxRows, _MaxCols>&) [35m[K[with _Scalar = double; int _Rows = 4; int _Cols = 4; int _Options = 0; int _MaxRows = 4; int _MaxCols = 4][m[K[m[K’ (near match)
  206 |     EIGEN_STRONG_INLINE Matrix& [01;36m[Koperator[m[K=(const Matrix& other)
      |                                 [01;36m[K^~~~~~~~[m[K
[01m[K/usr/include/eigen3/Eigen/src/Core/Matrix.h:206:33:[m[K [01;36m[Knote: [m[K  passing ‘[01m[Kconst __gnu_cxx::__alloc_traits<std::allocator<Eigen::Matrix<double, 4, 4> >, Eigen::Matrix<double, 4, 4> >::value_type*[m[K’ {aka ‘[01m[Kconst Eigen::Matrix<double, 4, 4>*[m[K’} as ‘[01m[Kthis[m[K’ argument discards qualifiers
[01m[K/usr/include/eigen3/Eigen/src/Core/Matrix.h:438:13:[m[K [01;36m[Knote: [m[Kcandidate: ‘[01m[Ktemplate<class OtherDerived> Eigen::Matrix<_Scalar, _Rows, _Cols, _Options, _MaxRows, _MaxCols>& Eigen::Matrix<_Scalar, _Rows, _Cols, _Options, _MaxRows, _MaxCols>::[01;32m[Koperator=[m[K(const Eigen::RotationBase<OtherDerived, Eigen::Matrix<_Scalar, _Rows, _Cols, _Options, _MaxRows, _MaxCols>::ColsAtCompileTime>&) [35m[K[with _Scalar = double; int _Rows = 4; int _Cols = 4; int _Options = 0; int _MaxRows = 4; int _MaxCols = 4][m[K[m[K’
  438 |     Matrix& [01;36m[Koperator[m[K=(const RotationBase<OtherDerived,ColsAtCompileTime>& r);
      |             [01;36m[K^~~~~~~~[m[K
[01m[K/usr/include/eigen3/Eigen/src/Core/Matrix.h:438:13:[m[K [01;36m[Knote: [m[K  template argument deduction/substitution failed:
[01m[K/home/federico/Desktop/git/inverse_project/ros2_project/robotic_arm/src/dh_params.cpp:59:73:[m[K [01;36m[Knote: [m[K  ‘[01m[KEigen::Matrix4d[m[K’ {aka ‘[01m[KEigen::Matrix<double, 4, 4>[m[K’} is not derived from ‘[01m[Kconst Eigen::RotationBase<OtherDerived, 4>[m[K’
   59 |      transforms[i] = DHParams::computeForwardKinematics(dh_params_[i][01;36m[K)[m[K;
      |                                                                      [01;36m[K^[m[K

[01m[K/usr/include/eigen3/Eigen/src/Core/Matrix.h:243:33:[m[K [01;36m[Knote: [m[Kcandidate: ‘[01m[Ktemplate<class OtherDerived> Eigen::Matrix<_Scalar, _Rows, _Cols, _Options, _MaxRows, _MaxCols>& Eigen::Matrix<_Scalar, _Rows, _Cols, _Options, _MaxRows, _MaxCols>::[01;32m[Koperator=[m[K(const Eigen::ReturnByValue<OtherDerived>&) [35m[K[with _Scalar = double; int _Rows = 4; int _Cols = 4; int _Options = 0; int _MaxRows = 4; int _MaxCols = 4][m[K[m[K’
  243 |     EIGEN_STRONG_INLINE Matrix& [01;36m[Koperator[m[K=(const ReturnByValue<OtherDerived>& func)
      |                                 [01;36m[K^~~~~~~~[m[K
[01m[K/usr/include/eigen3/Eigen/src/Core/Matrix.h:243:33:[m[K [01;36m[Knote: [m[K  template argument deduction/substitution failed:
[01m[K/home/federico/Desktop/git/inverse_project/ros2_project/robotic_arm/src/dh_params.cpp:59:73:[m[K [01;36m[Knote: [m[K  ‘[01m[KEigen::Matrix4d[m[K’ {aka ‘[01m[KEigen::Matrix<double, 4, 4>[m[K’} is not derived from ‘[01m[Kconst Eigen::ReturnByValue<Derived>[m[K’
   59 |      transforms[i] = DHParams::computeForwardKinematics(dh_params_[i][01;36m[K)[m[K;
      |                                                                      [01;36m[K^[m[K

[01m[K/usr/include/eigen3/Eigen/src/Core/Matrix.h:236:33:[m[K [01;36m[Knote: [m[Kcandidate: ‘[01m[KEigen::Matrix<_Scalar, _Rows, _Cols, _Options, _MaxRows, _MaxCols>& Eigen::Matrix<_Scalar, _Rows, _Cols, _Options, _MaxRows, _MaxCols>::[01;32m[Koperator=[m[K(const Eigen::EigenBase<OtherDerived>&) [35m[K[with OtherDerived = Eigen::Matrix<double, 4, 4>; _Scalar = double; int _Rows = 4; int _Cols = 4; int _Options = 0; int _MaxRows = 4; int _MaxCols = 4][m[K[m[K’ (near match)
  236 |     EIGEN_STRONG_INLINE Matrix& [01;36m[Koperator[m[K=(const EigenBase<OtherDerived> &other)
      |                                 [01;36m[K^~~~~~~~[m[K
[01m[K/usr/include/eigen3/Eigen/src/Core/Matrix.h:236:33:[m[K [01;36m[Knote: [m[K  passing ‘[01m[Kconst __gnu_cxx::__alloc_traits<std::allocator<Eigen::Matrix<double, 4, 4> >, Eigen::Matrix<double, 4, 4> >::value_type*[m[K’ {aka ‘[01m[Kconst Eigen::Matrix<double, 4, 4>*[m[K’} as ‘[01m[Kthis[m[K’ argument discards qualifiers
[01m[K/usr/include/eigen3/Eigen/src/Core/Matrix.h:223:33:[m[K [01;36m[Knote: [m[Kcandidate: ‘[01m[KEigen::Matrix<_Scalar, _Rows, _Cols, _Options, _MaxRows, _MaxCols>& Eigen::Matrix<_Scalar, _Rows, _Cols, _Options, _MaxRows, _MaxCols>::[01;32m[Koperator=[m[K(const Eigen::DenseBase<OtherDerived>&) [35m[K[with OtherDerived = Eigen::Matrix<double, 4, 4>; _Scalar = double; int _Rows = 4; int _Cols = 4; int _Options = 0; int _MaxRows = 4; int _MaxCols = 4][m[K[m[K’ (near match)
  223 |     EIGEN_STRONG_INLINE Matrix& [01;36m[Koperator[m[K=(const DenseBase<OtherDerived>& other)
      |                                 [01;36m[K^~~~~~~~[m[K
[01m[K/usr/include/eigen3/Eigen/src/Core/Matrix.h:223:33:[m[K [01;36m[Knote: [m[K  passing ‘[01m[Kconst __gnu_cxx::__alloc_traits<std::allocator<Eigen::Matrix<double, 4, 4> >, Eigen::Matrix<double, 4, 4> >::value_type*[m[K’ {aka ‘[01m[Kconst Eigen::Matrix<double, 4, 4>*[m[K’} as ‘[01m[Kthis[m[K’ argument discards qualifiers
[01m[K/home/federico/Desktop/git/inverse_project/ros2_project/robotic_arm/src/dh_params.cpp:72:73:[m[K [01;31m[Kerror: [m[Kno match for ‘[01m[Koperator=[m[K’ (operand types are ‘[01m[Kconst __gnu_cxx::__alloc_traits<std::allocator<Eigen::Matrix<double, 4, 4> >, Eigen::Matrix<double, 4, 4> >::value_type[m[K’ {aka ‘[01m[Kconst Eigen::Matrix<double, 4, 4>[m[K’} and ‘[01m[KEigen::Matrix4d[m[K’ {aka ‘[01m[KEigen::Matrix<double, 4, 4>[m[K’})
   72 |      transforms[i] = DHParams::computeForwardKinematics(dh_params_[i][01;31m[K)[m[K;
      |                                                                      [01;31m[K^[m[K

[01m[K/usr/include/eigen3/Eigen/src/Core/Matrix.h:279:13:[m[K [01;36m[Knote: [m[Kcandidate: ‘[01m[KEigen::Matrix<_Scalar, _Rows, _Cols, _Options, _MaxRows, _MaxCols>& Eigen::Matrix<_Scalar, _Rows, _Cols, _Options, _MaxRows, _MaxCols>::[01;32m[Koperator=[m[K(Eigen::Matrix<_Scalar, _Rows, _Cols, _Options, _MaxRows, _MaxCols>&&) [35m[K[with _Scalar = double; int _Rows = 4; int _Cols = 4; int _Options = 0; int _MaxRows = 4; int _MaxCols = 4][m[K[m[K’ (near match)
  279 |     Matrix& [01;36m[Koperator[m[K=(Matrix&& other) EIGEN_NOEXCEPT_IF(std::is_nothrow_move_assignable<Scalar>::value)
      |             [01;36m[K^~~~~~~~[m[K
[01m[K/usr/include/eigen3/Eigen/src/Core/Matrix.h:279:13:[m[K [01;36m[Knote: [m[K  passing ‘[01m[Kconst __gnu_cxx::__alloc_traits<std::allocator<Eigen::Matrix<double, 4, 4> >, Eigen::Matrix<double, 4, 4> >::value_type*[m[K’ {aka ‘[01m[Kconst Eigen::Matrix<double, 4, 4>*[m[K’} as ‘[01m[Kthis[m[K’ argument discards qualifiers
[01m[K/usr/include/eigen3/Eigen/src/Core/Matrix.h:206:33:[m[K [01;36m[Knote: [m[Kcandidate: ‘[01m[KEigen::Matrix<_Scalar, _Rows, _Cols, _Options, _MaxRows, _MaxCols>& Eigen::Matrix<_Scalar, _Rows, _Cols, _Options, _MaxRows, _MaxCols>::[01;32m[Koperator=[m[K(const Eigen::Matrix<_Scalar, _Rows, _Cols, _Options, _MaxRows, _MaxCols>&) [35m[K[with _Scalar = double; int _Rows = 4; int _Cols = 4; int _Options = 0; int _MaxRows = 4; int _MaxCols = 4][m[K[m[K’ (near match)
  206 |     EIGEN_STRONG_INLINE Matrix& [01;36m[Koperator[m[K=(const Matrix& other)
      |                                 [01;36m[K^~~~~~~~[m[K
[01m[K/usr/include/eigen3/Eigen/src/Core/Matrix.h:206:33:[m[K [01;36m[Knote: [m[K  passing ‘[01m[Kconst __gnu_cxx::__alloc_traits<std::allocator<Eigen::Matrix<double, 4, 4> >, Eigen::Matrix<double, 4, 4> >::value_type*[m[K’ {aka ‘[01m[Kconst Eigen::Matrix<double, 4, 4>*[m[K’} as ‘[01m[Kthis[m[K’ argument discards qualifiers
[01m[K/usr/include/eigen3/Eigen/src/Core/Matrix.h:438:13:[m[K [01;36m[Knote: [m[Kcandidate: ‘[01m[Ktemplate<class OtherDerived> Eigen::Matrix<_Scalar, _Rows, _Cols, _Options, _MaxRows, _MaxCols>& Eigen::Matrix<_Scalar, _Rows, _Cols, _Options, _MaxRows, _MaxCols>::[01;32m[Koperator=[m[K(const Eigen::RotationBase<OtherDerived, Eigen::Matrix<_Scalar, _Rows, _Cols, _Options, _MaxRows, _MaxCols>::ColsAtCompileTime>&) [35m[K[with _Scalar = double; int _Rows = 4; int _Cols = 4; int _Options = 0; int _MaxRows = 4; int _MaxCols = 4][m[K[m[K’
  438 |     Matrix& [01;36m[Koperator[m[K=(const RotationBase<OtherDerived,ColsAtCompileTime>& r);
      |             [01;36m[K^~~~~~~~[m[K
[01m[K/usr/include/eigen3/Eigen/src/Core/Matrix.h:438:13:[m[K [01;36m[Knote: [m[K  template argument deduction/substitution failed:
[01m[K/home/federico/Desktop/git/inverse_project/ros2_project/robotic_arm/src/dh_params.cpp:72:73:[m[K [01;36m[Knote: [m[K  ‘[01m[KEigen::Matrix4d[m[K’ {aka ‘[01m[KEigen::Matrix<double, 4, 4>[m[K’} is not derived from ‘[01m[Kconst Eigen::RotationBase<OtherDerived, 4>[m[K’
   72 |      transforms[i] = DHParams::computeForwardKinematics(dh_params_[i][01;36m[K)[m[K;
      |                                                                      [01;36m[K^[m[K

[01m[K/usr/include/eigen3/Eigen/src/Core/Matrix.h:243:33:[m[K [01;36m[Knote: [m[Kcandidate: ‘[01m[Ktemplate<class OtherDerived> Eigen::Matrix<_Scalar, _Rows, _Cols, _Options, _MaxRows, _MaxCols>& Eigen::Matrix<_Scalar, _Rows, _Cols, _Options, _MaxRows, _MaxCols>::[01;32m[Koperator=[m[K(const Eigen::ReturnByValue<OtherDerived>&) [35m[K[with _Scalar = double; int _Rows = 4; int _Cols = 4; int _Options = 0; int _MaxRows = 4; int _MaxCols = 4][m[K[m[K’
  243 |     EIGEN_STRONG_INLINE Matrix& [01;36m[Koperator[m[K=(const ReturnByValue<OtherDerived>& func)
      |                                 [01;36m[K^~~~~~~~[m[K
[01m[K/usr/include/eigen3/Eigen/src/Core/Matrix.h:243:33:[m[K [01;36m[Knote: [m[K  template argument deduction/substitution failed:
[01m[K/home/federico/Desktop/git/inverse_project/ros2_project/robotic_arm/src/dh_params.cpp:72:73:[m[K [01;36m[Knote: [m[K  ‘[01m[KEigen::Matrix4d[m[K’ {aka ‘[01m[KEigen::Matrix<double, 4, 4>[m[K’} is not derived from ‘[01m[Kconst Eigen::ReturnByValue<Derived>[m[K’
   72 |      transforms[i] = DHParams::computeForwardKinematics(dh_params_[i][01;36m[K)[m[K;
      |                                                                      [01;36m[K^[m[K

[01m[K/usr/include/eigen3/Eigen/src/Core/Matrix.h:236:33:[m[K [01;36m[Knote: [m[Kcandidate: ‘[01m[KEigen::Matrix<_Scalar, _Rows, _Cols, _Options, _MaxRows, _MaxCols>& Eigen::Matrix<_Scalar, _Rows, _Cols, _Options, _MaxRows, _MaxCols>::[01;32m[Koperator=[m[K(const Eigen::EigenBase<OtherDerived>&) [35m[K[with OtherDerived = Eigen::Matrix<double, 4, 4>; _Scalar = double; int _Rows = 4; int _Cols = 4; int _Options = 0; int _MaxRows = 4; int _MaxCols = 4][m[K[m[K’ (near match)
  236 |     EIGEN_STRONG_INLINE Matrix& [01;36m[Koperator[m[K=(const EigenBase<OtherDerived> &other)
      |                                 [01;36m[K^~~~~~~~[m[K
[01m[K/usr/include/eigen3/Eigen/src/Core/Matrix.h:236:33:[m[K [01;36m[Knote: [m[K  passing ‘[01m[Kconst __gnu_cxx::__alloc_traits<std::allocator<Eigen::Matrix<double, 4, 4> >, Eigen::Matrix<double, 4, 4> >::value_type*[m[K’ {aka ‘[01m[Kconst Eigen::Matrix<double, 4, 4>*[m[K’} as ‘[01m[Kthis[m[K’ argument discards qualifiers
[01m[K/usr/include/eigen3/Eigen/src/Core/Matrix.h:223:33:[m[K [01;36m[Knote: [m[Kcandidate: ‘[01m[KEigen::Matrix<_Scalar, _Rows, _Cols, _Options, _MaxRows, _MaxCols>& Eigen::Matrix<_Scalar, _Rows, _Cols, _Options, _MaxRows, _MaxCols>::[01;32m[Koperator=[m[K(const Eigen::DenseBase<OtherDerived>&) [35m[K[with OtherDerived = Eigen::Matrix<double, 4, 4>; _Scalar = double; int _Rows = 4; int _Cols = 4; int _Options = 0; int _MaxRows = 4; int _MaxCols = 4][m[K[m[K’ (near match)
  223 |     EIGEN_STRONG_INLINE Matrix& [01;36m[Koperator[m[K=(const DenseBase<OtherDerived>& other)
      |                                 [01;36m[K^~~~~~~~[m[K
[01m[K/usr/include/eigen3/Eigen/src/Core/Matrix.h:223:33:[m[K [01;36m[Knote: [m[K  passing ‘[01m[Kconst __gnu_cxx::__alloc_traits<std::allocator<Eigen::Matrix<double, 4, 4> >, Eigen::Matrix<double, 4, 4> >::value_type*[m[K’ {aka ‘[01m[Kconst Eigen::Matrix<double, 4, 4>*[m[K’} as ‘[01m[Kthis[m[K’ argument discards qualifiers
gmake[2]: *** [CMakeFiles/drawPub.dir/build.make:90: CMakeFiles/drawPub.dir/src/dh_params.cpp.o] Error 1
gmake[1]: *** [CMakeFiles/Makefile2:139: CMakeFiles/drawPub.dir/all] Error 2
gmake: *** [Makefile:146: all] Error 2
