[0.007s] Invoking command in '/home/federico/Desktop/git/rp_03_ros_basics/src/build/rp_simple_controller': CMAKE_PREFIX_PATH=${CMAKE_PREFIX_PATH}:/opt/ros/jazzy DEBUGINFOD_URLS=https://debuginfod.ubuntu.com /usr/bin/cmake --build /home/federico/Desktop/git/rp_03_ros_basics/src/build/rp_simple_controller -- -j12 -l12
[0.027s] -- Found ament_cmake: 2.5.3 (/opt/ros/jazzy/share/ament_cmake/cmake)
[0.217s] -- Found rclcpp: 28.1.6 (/opt/ros/jazzy/share/rclcpp/cmake)
[0.245s] -- Found rosidl_generator_c: 4.6.5 (/opt/ros/jazzy/share/rosidl_generator_c/cmake)
[0.255s] -- Found rosidl_generator_cpp: 4.6.5 (/opt/ros/jazzy/share/rosidl_generator_cpp/cmake)
[0.267s] -- Using all available rosidl_typesupport_c: rosidl_typesupport_fastrtps_c;rosidl_typesupport_introspection_c
[0.276s] -- Using all available rosidl_typesupport_cpp: rosidl_typesupport_fastrtps_cpp;rosidl_typesupport_introspection_cpp
[0.315s] -- Found rmw_implementation_cmake: 7.3.1 (/opt/ros/jazzy/share/rmw_implementation_cmake/cmake)
[0.315s] -- Found rmw_fastrtps_cpp: 8.4.1 (/opt/ros/jazzy/share/rmw_fastrtps_cpp/cmake)
[0.382s] -- Using RMW implementation 'rmw_fastrtps_cpp' as default
[0.435s] -- Found geometry_msgs: 5.3.5 (/opt/ros/jazzy/share/geometry_msgs/cmake)
[0.457s] -- Found turtlesim: 1.8.3 (/opt/ros/jazzy/share/turtlesim/cmake)
[0.609s] -- Configuring done (0.6s)
[0.624s] -- Generating done (0.0s)
[0.630s] -- Build files have been written to: /home/federico/Desktop/git/rp_03_ros_basics/src/build/rp_simple_controller
[0.682s] [ 50%] [32mBuilding CXX object CMakeFiles/turtle_square.dir/src/turtle_square.cpp.o[0m
[2.001s] [01m[K/home/federico/Desktop/git/rp_03_ros_basics/src/rp_simple_controller/src/turtle_square.cpp:[m[K In member function ‘[01m[Kvoid TurtleSquareNode::[01;32m[Kpose_callback[m[K(turtlesim::msg::Pose_<std::allocator<void> >::SharedPtr)[m[K’:
[2.002s] [01m[K/home/federico/Desktop/git/rp_03_ros_basics/src/rp_simple_controller/src/turtle_square.cpp:75:60:[m[K [01;31m[Kerror: [m[Kunused parameter ‘[01m[Kmsg[m[K’ [[01;31m[K]8;;https://gcc.gnu.org/onlinedocs/gcc/Warning-Options.html#index-Wunused-parameter-Werror=unused-parameter]8;;[m[K]
[2.002s]    75 |   void pose_callback([01;31m[Kconst turtlesim::msg::Pose::SharedPtr msg[m[K) {
[2.002s]       |                      [01;31m[K~~~~~~~~~~~~~~~~~~~~~~~~~~~~~~~~~~~~~~^~~[m[K
[2.501s] cc1plus: all warnings being treated as errors
[2.514s] gmake[2]: *** [CMakeFiles/turtle_square.dir/build.make:76: CMakeFiles/turtle_square.dir/src/turtle_square.cpp.o] Error 1
[2.514s] gmake[1]: *** [CMakeFiles/Makefile2:137: CMakeFiles/turtle_square.dir/all] Error 2
[2.514s] gmake: *** [Makefile:146: all] Error 2
[2.516s] Invoked command in '/home/federico/Desktop/git/rp_03_ros_basics/src/build/rp_simple_controller' returned '2': CMAKE_PREFIX_PATH=${CMAKE_PREFIX_PATH}:/opt/ros/jazzy DEBUGINFOD_URLS=https://debuginfod.ubuntu.com /usr/bin/cmake --build /home/federico/Desktop/git/rp_03_ros_basics/src/build/rp_simple_controller -- -j12 -l12
