[0.082s] DEBUG:colcon:Command line arguments: ['/usr/bin/colcon', 'build']
[0.082s] DEBUG:colcon:Parsed command line arguments: Namespace(log_base=None, log_level=None, verb_name='build', build_base='build', install_base='install', merge_install=False, symlink_install=False, test_result_base=None, continue_on_error=False, executor='parallel', parallel_workers=12, event_handlers=None, ignore_user_meta=False, metas=['./colcon.meta'], base_paths=['.'], packages_ignore=None, packages_ignore_regex=None, paths=None, packages_up_to=None, packages_up_to_regex=None, packages_above=None, packages_above_and_dependencies=None, packages_above_depth=None, packages_select_by_dep=None, packages_skip_by_dep=None, packages_skip_up_to=None, packages_select_build_failed=False, packages_skip_build_finished=False, packages_select_test_failures=False, packages_skip_test_passed=False, packages_select=None, packages_skip=None, packages_select_regex=None, packages_skip_regex=None, packages_start=None, packages_end=None, allow_overriding=[], cmake_args=None, cmake_target=None, cmake_target_skip_unavailable=False, cmake_clean_cache=False, cmake_clean_first=False, cmake_force_configure=False, ament_cmake_args=None, catkin_cmake_args=None, catkin_skip_building_tests=False, mixin_files=None, mixin=None, verb_parser=<colcon_mixin.mixin.mixin_argument.MixinArgumentDecorator object at 0x7f95c404caa0>, verb_extension=<colcon_core.verb.build.BuildVerb object at 0x7f95c41c6ae0>, main=<bound method BuildVerb.main of <colcon_core.verb.build.BuildVerb object at 0x7f95c41c6ae0>>, mixin_verb=('build',))
[0.109s] Level 1:colcon.colcon_core.package_discovery:discover_packages(colcon_meta) check parameters
[0.109s] Level 1:colcon.colcon_core.package_discovery:discover_packages(recursive) check parameters
[0.109s] Level 1:colcon.colcon_core.package_discovery:discover_packages(ignore) check parameters
[0.109s] Level 1:colcon.colcon_core.package_discovery:discover_packages(path) check parameters
[0.109s] Level 1:colcon.colcon_core.package_discovery:discover_packages(colcon_meta) discover
[0.110s] Level 1:colcon.colcon_core.package_discovery:discover_packages(recursive) discover
[0.110s] INFO:colcon.colcon_core.package_discovery:Crawling recursively for packages in '/home/federico/Desktop/git/inverse_project/ros2_project/robotic_arm'
[0.110s] Level 1:colcon.colcon_core.package_identification:_identify(.) by extensions ['ignore', 'ignore_ament_install']
[0.110s] Level 1:colcon.colcon_core.package_identification:_identify(.) by extension 'ignore'
[0.110s] Level 1:colcon.colcon_core.package_identification:_identify(.) by extension 'ignore_ament_install'
[0.110s] Level 1:colcon.colcon_core.package_identification:_identify(.) by extensions ['colcon_pkg']
[0.110s] Level 1:colcon.colcon_core.package_identification:_identify(.) by extension 'colcon_pkg'
[0.110s] Level 1:colcon.colcon_core.package_identification:_identify(.) by extensions ['colcon_meta']
[0.110s] Level 1:colcon.colcon_core.package_identification:_identify(.) by extension 'colcon_meta'
[0.110s] Level 1:colcon.colcon_core.package_identification:_identify(.) by extensions ['ros']
[0.110s] Level 1:colcon.colcon_core.package_identification:_identify(.) by extension 'ros'
[0.130s] DEBUG:colcon.colcon_core.package_identification:Package '.' with type 'ros.ament_cmake' and name 'robotic_arm'
[0.130s] Level 1:colcon.colcon_core.package_discovery:discover_packages(recursive) using defaults
[0.130s] Level 1:colcon.colcon_core.package_discovery:discover_packages(ignore) discover
[0.130s] Level 1:colcon.colcon_core.package_discovery:discover_packages(ignore) using defaults
[0.131s] Level 1:colcon.colcon_core.package_discovery:discover_packages(path) discover
[0.131s] Level 1:colcon.colcon_core.package_discovery:discover_packages(path) using defaults
[0.143s] Level 1:colcon.colcon_core.package_discovery:discover_packages(prefix_path) check parameters
[0.143s] Level 1:colcon.colcon_core.package_discovery:discover_packages(prefix_path) discover
[0.144s] DEBUG:colcon.colcon_installed_package_information.package_discovery:Found 1 installed packages in /home/federico/Desktop/git/inverse_project/ros2_project/robotic_arm/install
[0.145s] DEBUG:colcon.colcon_installed_package_information.package_discovery:Found 318 installed packages in /opt/ros/jazzy
[0.146s] Level 1:colcon.colcon_core.package_discovery:discover_packages(prefix_path) using defaults
[0.192s] Level 5:colcon.colcon_core.verb:set package 'robotic_arm' build argument 'cmake_args' from command line to 'None'
[0.192s] Level 5:colcon.colcon_core.verb:set package 'robotic_arm' build argument 'cmake_target' from command line to 'None'
[0.193s] Level 5:colcon.colcon_core.verb:set package 'robotic_arm' build argument 'cmake_target_skip_unavailable' from command line to 'False'
[0.193s] Level 5:colcon.colcon_core.verb:set package 'robotic_arm' build argument 'cmake_clean_cache' from command line to 'False'
[0.193s] Level 5:colcon.colcon_core.verb:set package 'robotic_arm' build argument 'cmake_clean_first' from command line to 'False'
[0.193s] Level 5:colcon.colcon_core.verb:set package 'robotic_arm' build argument 'cmake_force_configure' from command line to 'False'
[0.193s] Level 5:colcon.colcon_core.verb:set package 'robotic_arm' build argument 'ament_cmake_args' from command line to 'None'
[0.193s] Level 5:colcon.colcon_core.verb:set package 'robotic_arm' build argument 'catkin_cmake_args' from command line to 'None'
[0.193s] Level 5:colcon.colcon_core.verb:set package 'robotic_arm' build argument 'catkin_skip_building_tests' from command line to 'False'
[0.193s] DEBUG:colcon.colcon_core.verb:Building package 'robotic_arm' with the following arguments: {'ament_cmake_args': None, 'build_base': '/home/federico/Desktop/git/inverse_project/ros2_project/robotic_arm/build/robotic_arm', 'catkin_cmake_args': None, 'catkin_skip_building_tests': False, 'cmake_args': None, 'cmake_clean_cache': False, 'cmake_clean_first': False, 'cmake_force_configure': False, 'cmake_target': None, 'cmake_target_skip_unavailable': False, 'install_base': '/home/federico/Desktop/git/inverse_project/ros2_project/robotic_arm/install/robotic_arm', 'merge_install': False, 'path': '/home/federico/Desktop/git/inverse_project/ros2_project/robotic_arm', 'symlink_install': False, 'test_result_base': None}
[0.193s] INFO:colcon.colcon_core.executor:Executing jobs using 'parallel' executor
[0.195s] DEBUG:colcon.colcon_parallel_executor.executor.parallel:run_until_complete
[0.195s] INFO:colcon.colcon_ros.task.ament_cmake.build:Building ROS package in '/home/federico/Desktop/git/inverse_project/ros2_project/robotic_arm' with build type 'ament_cmake'
[0.195s] INFO:colcon.colcon_cmake.task.cmake.build:Building CMake package in '/home/federico/Desktop/git/inverse_project/ros2_project/robotic_arm'
[0.200s] INFO:colcon.colcon_core.plugin_system:Skipping extension 'colcon_core.shell.bat': Not used on non-Windows systems
[0.201s] INFO:colcon.colcon_core.shell:Skip shell extension 'powershell' for command environment: Not usable outside of PowerShell
[0.201s] DEBUG:colcon.colcon_core.shell:Skip shell extension 'dsv' for command environment
[0.221s] DEBUG:colcon.colcon_core.event_handler.log_command:Invoking command in '/home/federico/Desktop/git/inverse_project/ros2_project/robotic_arm/build/robotic_arm': CMAKE_PREFIX_PATH=${CMAKE_PREFIX_PATH}:/opt/ros/jazzy DEBUGINFOD_URLS=https://debuginfod.ubuntu.com /usr/bin/cmake --build /home/federico/Desktop/git/inverse_project/ros2_project/robotic_arm/build/robotic_arm -- -j12 -l12
[6.697s] DEBUG:colcon.colcon_core.event_handler.log_command:Invoked command in '/home/federico/Desktop/git/inverse_project/ros2_project/robotic_arm/build/robotic_arm' returned '0': CMAKE_PREFIX_PATH=${CMAKE_PREFIX_PATH}:/opt/ros/jazzy DEBUGINFOD_URLS=https://debuginfod.ubuntu.com /usr/bin/cmake --build /home/federico/Desktop/git/inverse_project/ros2_project/robotic_arm/build/robotic_arm -- -j12 -l12
[6.729s] DEBUG:colcon.colcon_core.event_handler.log_command:Invoking command in '/home/federico/Desktop/git/inverse_project/ros2_project/robotic_arm/build/robotic_arm': CMAKE_PREFIX_PATH=${CMAKE_PREFIX_PATH}:/opt/ros/jazzy DEBUGINFOD_URLS=https://debuginfod.ubuntu.com /usr/bin/cmake --install /home/federico/Desktop/git/inverse_project/ros2_project/robotic_arm/build/robotic_arm
[6.772s] Level 1:colcon.colcon_core.environment:create_environment_scripts_only(robotic_arm)
[6.774s] DEBUG:colcon.colcon_core.event_handler.log_command:Invoked command in '/home/federico/Desktop/git/inverse_project/ros2_project/robotic_arm/build/robotic_arm' returned '0': CMAKE_PREFIX_PATH=${CMAKE_PREFIX_PATH}:/opt/ros/jazzy DEBUGINFOD_URLS=https://debuginfod.ubuntu.com /usr/bin/cmake --install /home/federico/Desktop/git/inverse_project/ros2_project/robotic_arm/build/robotic_arm
[6.780s] Level 1:colcon.colcon_core.environment:checking '/home/federico/Desktop/git/inverse_project/ros2_project/robotic_arm/install/robotic_arm' for CMake module files
[6.782s] Level 1:colcon.colcon_core.environment:checking '/home/federico/Desktop/git/inverse_project/ros2_project/robotic_arm/install/robotic_arm' for CMake config files
[6.782s] Level 1:colcon.colcon_core.shell:create_environment_hook('robotic_arm', 'cmake_prefix_path')
[6.783s] INFO:colcon.colcon_core.shell:Creating environment hook '/home/federico/Desktop/git/inverse_project/ros2_project/robotic_arm/install/robotic_arm/share/robotic_arm/hook/cmake_prefix_path.ps1'
[6.784s] INFO:colcon.colcon_core.shell:Creating environment descriptor '/home/federico/Desktop/git/inverse_project/ros2_project/robotic_arm/install/robotic_arm/share/robotic_arm/hook/cmake_prefix_path.dsv'
[6.786s] INFO:colcon.colcon_core.shell:Creating environment hook '/home/federico/Desktop/git/inverse_project/ros2_project/robotic_arm/install/robotic_arm/share/robotic_arm/hook/cmake_prefix_path.sh'
[6.788s] Level 1:colcon.colcon_core.environment:checking '/home/federico/Desktop/git/inverse_project/ros2_project/robotic_arm/install/robotic_arm/lib'
[6.789s] Level 1:colcon.colcon_core.environment:checking '/home/federico/Desktop/git/inverse_project/ros2_project/robotic_arm/install/robotic_arm/bin'
[6.789s] Level 1:colcon.colcon_core.environment:checking '/home/federico/Desktop/git/inverse_project/ros2_project/robotic_arm/install/robotic_arm/lib/pkgconfig/robotic_arm.pc'
[6.789s] Level 1:colcon.colcon_core.environment:checking '/home/federico/Desktop/git/inverse_project/ros2_project/robotic_arm/install/robotic_arm/lib/python3.12/site-packages'
[6.790s] Level 1:colcon.colcon_core.environment:checking '/home/federico/Desktop/git/inverse_project/ros2_project/robotic_arm/install/robotic_arm/bin'
[6.790s] INFO:colcon.colcon_core.shell:Creating package script '/home/federico/Desktop/git/inverse_project/ros2_project/robotic_arm/install/robotic_arm/share/robotic_arm/package.ps1'
[6.792s] INFO:colcon.colcon_core.shell:Creating package descriptor '/home/federico/Desktop/git/inverse_project/ros2_project/robotic_arm/install/robotic_arm/share/robotic_arm/package.dsv'
[6.793s] INFO:colcon.colcon_core.shell:Creating package script '/home/federico/Desktop/git/inverse_project/ros2_project/robotic_arm/install/robotic_arm/share/robotic_arm/package.sh'
[6.795s] INFO:colcon.colcon_core.shell:Creating package script '/home/federico/Desktop/git/inverse_project/ros2_project/robotic_arm/install/robotic_arm/share/robotic_arm/package.bash'
[6.796s] INFO:colcon.colcon_core.shell:Creating package script '/home/federico/Desktop/git/inverse_project/ros2_project/robotic_arm/install/robotic_arm/share/robotic_arm/package.zsh'
[6.798s] Level 1:colcon.colcon_core.environment:create_file_with_runtime_dependencies(/home/federico/Desktop/git/inverse_project/ros2_project/robotic_arm/install/robotic_arm/share/colcon-core/packages/robotic_arm)
[6.799s] Level 1:colcon.colcon_core.environment:create_environment_scripts_only(robotic_arm)
[6.800s] Level 1:colcon.colcon_core.environment:checking '/home/federico/Desktop/git/inverse_project/ros2_project/robotic_arm/install/robotic_arm' for CMake module files
[6.801s] Level 1:colcon.colcon_core.environment:checking '/home/federico/Desktop/git/inverse_project/ros2_project/robotic_arm/install/robotic_arm' for CMake config files
[6.802s] Level 1:colcon.colcon_core.shell:create_environment_hook('robotic_arm', 'cmake_prefix_path')
[6.802s] INFO:colcon.colcon_core.shell:Creating environment hook '/home/federico/Desktop/git/inverse_project/ros2_project/robotic_arm/install/robotic_arm/share/robotic_arm/hook/cmake_prefix_path.ps1'
[6.803s] INFO:colcon.colcon_core.shell:Creating environment descriptor '/home/federico/Desktop/git/inverse_project/ros2_project/robotic_arm/install/robotic_arm/share/robotic_arm/hook/cmake_prefix_path.dsv'
[6.804s] INFO:colcon.colcon_core.shell:Creating environment hook '/home/federico/Desktop/git/inverse_project/ros2_project/robotic_arm/install/robotic_arm/share/robotic_arm/hook/cmake_prefix_path.sh'
[6.805s] Level 1:colcon.colcon_core.environment:checking '/home/federico/Desktop/git/inverse_project/ros2_project/robotic_arm/install/robotic_arm/lib'
[6.805s] Level 1:colcon.colcon_core.environment:checking '/home/federico/Desktop/git/inverse_project/ros2_project/robotic_arm/install/robotic_arm/bin'
[6.805s] Level 1:colcon.colcon_core.environment:checking '/home/federico/Desktop/git/inverse_project/ros2_project/robotic_arm/install/robotic_arm/lib/pkgconfig/robotic_arm.pc'
[6.806s] Level 1:colcon.colcon_core.environment:checking '/home/federico/Desktop/git/inverse_project/ros2_project/robotic_arm/install/robotic_arm/lib/python3.12/site-packages'
[6.806s] Level 1:colcon.colcon_core.environment:checking '/home/federico/Desktop/git/inverse_project/ros2_project/robotic_arm/install/robotic_arm/bin'
[6.806s] INFO:colcon.colcon_core.shell:Creating package script '/home/federico/Desktop/git/inverse_project/ros2_project/robotic_arm/install/robotic_arm/share/robotic_arm/package.ps1'
[6.807s] INFO:colcon.colcon_core.shell:Creating package descriptor '/home/federico/Desktop/git/inverse_project/ros2_project/robotic_arm/install/robotic_arm/share/robotic_arm/package.dsv'
[6.808s] INFO:colcon.colcon_core.shell:Creating package script '/home/federico/Desktop/git/inverse_project/ros2_project/robotic_arm/install/robotic_arm/share/robotic_arm/package.sh'
[6.809s] INFO:colcon.colcon_core.shell:Creating package script '/home/federico/Desktop/git/inverse_project/ros2_project/robotic_arm/install/robotic_arm/share/robotic_arm/package.bash'
[6.810s] INFO:colcon.colcon_core.shell:Creating package script '/home/federico/Desktop/git/inverse_project/ros2_project/robotic_arm/install/robotic_arm/share/robotic_arm/package.zsh'
[6.811s] Level 1:colcon.colcon_core.environment:create_file_with_runtime_dependencies(/home/federico/Desktop/git/inverse_project/ros2_project/robotic_arm/install/robotic_arm/share/colcon-core/packages/robotic_arm)
[6.812s] DEBUG:colcon.colcon_parallel_executor.executor.parallel:closing loop
[6.813s] DEBUG:colcon.colcon_parallel_executor.executor.parallel:loop closed
[6.814s] DEBUG:colcon.colcon_parallel_executor.executor.parallel:run_until_complete finished with '0'
[6.814s] DEBUG:colcon.colcon_core.event_reactor:joining thread
[6.830s] INFO:colcon.colcon_core.plugin_system:Skipping extension 'colcon_notification.desktop_notification.terminal_notifier': Not used on non-Darwin systems
[6.830s] INFO:colcon.colcon_core.plugin_system:Skipping extension 'colcon_notification.desktop_notification.win32': Not used on non-Windows systems
[6.830s] INFO:colcon.colcon_notification.desktop_notification:Sending desktop notification using 'notify2'
[6.870s] DEBUG:colcon.colcon_core.event_reactor:joined thread
[6.871s] INFO:colcon.colcon_core.shell:Creating prefix script '/home/federico/Desktop/git/inverse_project/ros2_project/robotic_arm/install/local_setup.ps1'
[6.874s] INFO:colcon.colcon_core.shell:Creating prefix util module '/home/federico/Desktop/git/inverse_project/ros2_project/robotic_arm/install/_local_setup_util_ps1.py'
[6.878s] INFO:colcon.colcon_core.shell:Creating prefix chain script '/home/federico/Desktop/git/inverse_project/ros2_project/robotic_arm/install/setup.ps1'
[6.881s] INFO:colcon.colcon_core.shell:Creating prefix script '/home/federico/Desktop/git/inverse_project/ros2_project/robotic_arm/install/local_setup.sh'
[6.883s] INFO:colcon.colcon_core.shell:Creating prefix util module '/home/federico/Desktop/git/inverse_project/ros2_project/robotic_arm/install/_local_setup_util_sh.py'
[6.885s] INFO:colcon.colcon_core.shell:Creating prefix chain script '/home/federico/Desktop/git/inverse_project/ros2_project/robotic_arm/install/setup.sh'
[6.889s] INFO:colcon.colcon_core.shell:Creating prefix script '/home/federico/Desktop/git/inverse_project/ros2_project/robotic_arm/install/local_setup.bash'
[6.891s] INFO:colcon.colcon_core.shell:Creating prefix chain script '/home/federico/Desktop/git/inverse_project/ros2_project/robotic_arm/install/setup.bash'
[6.894s] INFO:colcon.colcon_core.shell:Creating prefix script '/home/federico/Desktop/git/inverse_project/ros2_project/robotic_arm/install/local_setup.zsh'
[6.896s] INFO:colcon.colcon_core.shell:Creating prefix chain script '/home/federico/Desktop/git/inverse_project/ros2_project/robotic_arm/install/setup.zsh'
