[0.022s] Invoking command in '/home/federico/Desktop/git/inverse_project/ros2_project/robotic_arm/build/robotic_arm': CMAKE_PREFIX_PATH=${CMAKE_PREFIX_PATH}:/opt/ros/jazzy DEBUGINFOD_URLS=https://debuginfod.ubuntu.com /usr/bin/cmake --build /home/federico/Desktop/git/inverse_project/ros2_project/robotic_arm/build/robotic_arm -- -j12 -l12
[0.231s] [ 33%] [32mBuilding CXX object CMakeFiles/publisher.dir/src/robotic_arm_node.cpp.o[0m
[2.684s] [01m[K/home/federico/Desktop/git/inverse_project/ros2_project/robotic_arm/src/robotic_arm_node.cpp:[m[K In member function ‘[01m[Kvoid RoboticArmNode::[01;32m[KpublishPoint[m[K()[m[K’:
[2.685s] [01m[K/home/federico/Desktop/git/inverse_project/ros2_project/robotic_arm/src/robotic_arm_node.cpp:57:26:[m[K [01;35m[Kwarning: [m[Kcomparison of integer expressions of different signedness: ‘[01m[Kint[m[K’ and ‘[01m[Kstd::vector<DHParams>::size_type[m[K’ {aka ‘[01m[Klong unsigned int[m[K’} [[01;35m[K]8;;https://gcc.gnu.org/onlinedocs/gcc/Warning-Options.html#index-Wsign-compare-Wsign-compare]8;;[m[K]
[2.685s]    57 |         for(auto i = 0; [01;35m[Ki<dh_params_.size()[m[K; i++){
[2.685s]       |                         [01;35m[K~^~~~~~~~~~~~~~~~~~[m[K
[6.103s] [ 66%] [32m[1mLinking CXX executable publisher[0m
[6.476s] [100%] Built target publisher
[6.499s] Invoked command in '/home/federico/Desktop/git/inverse_project/ros2_project/robotic_arm/build/robotic_arm' returned '0': CMAKE_PREFIX_PATH=${CMAKE_PREFIX_PATH}:/opt/ros/jazzy DEBUGINFOD_URLS=https://debuginfod.ubuntu.com /usr/bin/cmake --build /home/federico/Desktop/git/inverse_project/ros2_project/robotic_arm/build/robotic_arm -- -j12 -l12
[6.530s] Invoking command in '/home/federico/Desktop/git/inverse_project/ros2_project/robotic_arm/build/robotic_arm': CMAKE_PREFIX_PATH=${CMAKE_PREFIX_PATH}:/opt/ros/jazzy DEBUGINFOD_URLS=https://debuginfod.ubuntu.com /usr/bin/cmake --install /home/federico/Desktop/git/inverse_project/ros2_project/robotic_arm/build/robotic_arm
[6.553s] -- Install configuration: ""
[6.553s] -- Up-to-date: /home/federico/Desktop/git/inverse_project/ros2_project/robotic_arm/install/robotic_arm/share/robotic_arm/config
[6.554s] -- Up-to-date: /home/federico/Desktop/git/inverse_project/ros2_project/robotic_arm/install/robotic_arm/share/robotic_arm/config/dh_params.yaml
[6.555s] -- Installing: /home/federico/Desktop/git/inverse_project/ros2_project/robotic_arm/install/robotic_arm/lib/robotic_arm/publisher
[6.566s] -- Set non-toolchain portion of runtime path of "/home/federico/Desktop/git/inverse_project/ros2_project/robotic_arm/install/robotic_arm/lib/robotic_arm/publisher" to ""
[6.566s] -- Up-to-date: /home/federico/Desktop/git/inverse_project/ros2_project/robotic_arm/install/robotic_arm/share/ament_index/resource_index/package_run_dependencies/robotic_arm
[6.567s] -- Up-to-date: /home/federico/Desktop/git/inverse_project/ros2_project/robotic_arm/install/robotic_arm/share/ament_index/resource_index/parent_prefix_path/robotic_arm
[6.568s] -- Up-to-date: /home/federico/Desktop/git/inverse_project/ros2_project/robotic_arm/install/robotic_arm/share/robotic_arm/environment/ament_prefix_path.sh
[6.569s] -- Up-to-date: /home/federico/Desktop/git/inverse_project/ros2_project/robotic_arm/install/robotic_arm/share/robotic_arm/environment/ament_prefix_path.dsv
[6.569s] -- Up-to-date: /home/federico/Desktop/git/inverse_project/ros2_project/robotic_arm/install/robotic_arm/share/robotic_arm/environment/path.sh
[6.570s] -- Up-to-date: /home/federico/Desktop/git/inverse_project/ros2_project/robotic_arm/install/robotic_arm/share/robotic_arm/environment/path.dsv
[6.570s] -- Up-to-date: /home/federico/Desktop/git/inverse_project/ros2_project/robotic_arm/install/robotic_arm/share/robotic_arm/local_setup.bash
[6.571s] -- Up-to-date: /home/federico/Desktop/git/inverse_project/ros2_project/robotic_arm/install/robotic_arm/share/robotic_arm/local_setup.sh
[6.571s] -- Up-to-date: /home/federico/Desktop/git/inverse_project/ros2_project/robotic_arm/install/robotic_arm/share/robotic_arm/local_setup.zsh
[6.571s] -- Up-to-date: /home/federico/Desktop/git/inverse_project/ros2_project/robotic_arm/install/robotic_arm/share/robotic_arm/local_setup.dsv
[6.571s] -- Installing: /home/federico/Desktop/git/inverse_project/ros2_project/robotic_arm/install/robotic_arm/share/robotic_arm/package.dsv
[6.571s] -- Up-to-date: /home/federico/Desktop/git/inverse_project/ros2_project/robotic_arm/install/robotic_arm/share/ament_index/resource_index/packages/robotic_arm
[6.572s] -- Up-to-date: /home/federico/Desktop/git/inverse_project/ros2_project/robotic_arm/install/robotic_arm/share/robotic_arm/cmake/robotic_armConfig.cmake
[6.572s] -- Up-to-date: /home/federico/Desktop/git/inverse_project/ros2_project/robotic_arm/install/robotic_arm/share/robotic_arm/cmake/robotic_armConfig-version.cmake
[6.572s] -- Up-to-date: /home/federico/Desktop/git/inverse_project/ros2_project/robotic_arm/install/robotic_arm/share/robotic_arm/package.xml
[6.575s] Invoked command in '/home/federico/Desktop/git/inverse_project/ros2_project/robotic_arm/build/robotic_arm' returned '0': CMAKE_PREFIX_PATH=${CMAKE_PREFIX_PATH}:/opt/ros/jazzy DEBUGINFOD_URLS=https://debuginfod.ubuntu.com /usr/bin/cmake --install /home/federico/Desktop/git/inverse_project/ros2_project/robotic_arm/build/robotic_arm
